<html>
<body>
<pre>
<h1>µVision Build Log</h1>
<h2>Project:</h2>
G:\developing_project\camera car\stm32\car_controller_infare_servo\USER\STM32-DEMO.uvproj
Project File Date:  12/01/2016

<h2>Output:</h2>
Rebuild target 'Target 1'
assembling startup_stm32f10x_hd.s...
compiling main.c...
CamCar_opcode.h(13): warning:  #1-D: last line of file ends without a newline
CamCar_motor.h(3): warning:  #1295-D: Deprecated declaration CamCar_Motor_Init - give arg types
CamCar_motor.h(5): warning:  #1295-D: Deprecated declaration CamCar_Motor_PWM_Init - give arg types
main.c(28): warning:  #1295-D: Deprecated declaration test_motor - give arg types
main.c(29): warning:  #1295-D: Deprecated declaration front_adc_clear - give arg types
main.c(30): warning:  #1295-D: Deprecated declaration back_adc_clear - give arg types
main.c(139): warning:  #1-D: last line of file ends without a newline
compiling stm32f10x_it.c...
compiling i2c_self.c...
compiling usart1.c...
compiling CamCar_motor.c...
CamCar_motor.h(3): warning:  #1295-D: Deprecated declaration CamCar_Motor_Init - give arg types
CamCar_motor.h(5): warning:  #1295-D: Deprecated declaration CamCar_Motor_PWM_Init - give arg types
CamCar_motor.c(43): warning:  #1-D: last line of file ends without a newline
compiling adc.c...
compiling pwm_output.c...
pwm_output.c(54): error:  #20: identifier "TIM_TimeBaseInitTypeDef" is undefined
pwm_output.c(55): error:  #20: identifier "TIM_OCInitTypeDef" is undefined
pwm_output.c(74): error:  #20: identifier "TIM_CKD_DIV1" is undefined
pwm_output.c(75): error:  #20: identifier "TIM_CounterMode_Up" is undefined
pwm_output.c(77): warning:  #223-D: function "TIM_TimeBaseInit" declared implicitly
pwm_output.c(80): error:  #20: identifier "TIM_OCMode_PWM1" is undefined
pwm_output.c(81): error:  #20: identifier "TIM_OutputState_Enable" is undefined
pwm_output.c(83): error:  #20: identifier "TIM_OCPolarity_High" is undefined
pwm_output.c(85): warning:  #223-D: function "TIM_OC3Init" declared implicitly
pwm_output.c(87): warning:  #223-D: function "TIM_OC3PreloadConfig" declared implicitly
pwm_output.c(87): error:  #20: identifier "TIM_OCPreload_Enable" is undefined
pwm_output.c(90): warning:  #223-D: function "TIM_ARRPreloadConfig" declared implicitly
pwm_output.c(93): warning:  #223-D: function "TIM_Cmd" declared implicitly
compiling misc.c...
compiling stm32f10x_adc.c...
compiling stm32f10x_bkp.c...
compiling stm32f10x_can.c...
compiling stm32f10x_cec.c...
compiling stm32f10x_crc.c...
compiling stm32f10x_dac.c...
compiling stm32f10x_dbgmcu.c...
compiling stm32f10x_dma.c...
compiling stm32f10x_exti.c...
compiling stm32f10x_flash.c...
compiling stm32f10x_fsmc.c...
compiling stm32f10x_gpio.c...
compiling stm32f10x_i2c.c...
compiling stm32f10x_iwdg.c...
compiling stm32f10x_pwr.c...
compiling stm32f10x_rcc.c...
compiling stm32f10x_rtc.c...
compiling stm32f10x_sdio.c...
compiling stm32f10x_spi.c...
compiling stm32f10x_tim.c...
compiling stm32f10x_usart.c...
compiling stm32f10x_wwdg.c...
compiling core_cm3.c...
compiling system_stm32f10x.c...
"..\Output\car_controller_infare_servo.axf" - 8 Errors, 15 Warning(s).
Target not created
Rebuild target 'Target 1'
assembling startup_stm32f10x_hd.s...
compiling main.c...
CamCar_opcode.h(13): warning:  #1-D: last line of file ends without a newline
CamCar_motor.h(3): warning:  #1295-D: Deprecated declaration CamCar_Motor_Init - give arg types
CamCar_motor.h(5): warning:  #1295-D: Deprecated declaration CamCar_Motor_PWM_Init - give arg types
main.c(28): warning:  #1295-D: Deprecated declaration test_motor - give arg types
main.c(29): warning:  #1295-D: Deprecated declaration front_adc_clear - give arg types
main.c(30): warning:  #1295-D: Deprecated declaration back_adc_clear - give arg types
main.c(139): warning:  #1-D: last line of file ends without a newline
compiling stm32f10x_it.c...
compiling i2c_self.c...
compiling usart1.c...
compiling CamCar_motor.c...
CamCar_motor.h(3): warning:  #1295-D: Deprecated declaration CamCar_Motor_Init - give arg types
CamCar_motor.h(5): warning:  #1295-D: Deprecated declaration CamCar_Motor_PWM_Init - give arg types
CamCar_motor.c(43): warning:  #1-D: last line of file ends without a newline
compiling adc.c...
compiling misc.c...
compiling stm32f10x_adc.c...
compiling stm32f10x_bkp.c...
compiling stm32f10x_can.c...
compiling stm32f10x_cec.c...
compiling stm32f10x_crc.c...
compiling stm32f10x_dac.c...
compiling stm32f10x_dbgmcu.c...
compiling stm32f10x_dma.c...
compiling stm32f10x_exti.c...
compiling stm32f10x_flash.c...
compiling stm32f10x_fsmc.c...
compiling stm32f10x_gpio.c...
compiling stm32f10x_i2c.c...
compiling stm32f10x_iwdg.c...
compiling stm32f10x_pwr.c...
compiling stm32f10x_rcc.c...
compiling stm32f10x_rtc.c...
compiling stm32f10x_sdio.c...
compiling stm32f10x_spi.c...
compiling stm32f10x_tim.c...
compiling stm32f10x_usart.c...
compiling stm32f10x_wwdg.c...
compiling core_cm3.c...
compiling system_stm32f10x.c...
linking...
..\Output\car_controller_infare_servo.axf: Error: L6218E: Undefined symbol TIM4_PWM_Init (referred from main.o).
"..\Output\car_controller_infare_servo.axf" - 1 Errors, 10 Warning(s).
Target not created
Rebuild target 'Target 1'
assembling startup_stm32f10x_hd.s...
compiling main.c...
CamCar_opcode.h(13): warning:  #1-D: last line of file ends without a newline
CamCar_motor.h(3): warning:  #1295-D: Deprecated declaration CamCar_Motor_Init - give arg types
CamCar_motor.h(5): warning:  #1295-D: Deprecated declaration CamCar_Motor_PWM_Init - give arg types
main.c(28): warning:  #1295-D: Deprecated declaration test_motor - give arg types
main.c(29): warning:  #1295-D: Deprecated declaration front_adc_clear - give arg types
main.c(30): warning:  #1295-D: Deprecated declaration back_adc_clear - give arg types
main.c(139): warning:  #1-D: last line of file ends without a newline
compiling stm32f10x_it.c...
compiling i2c_self.c...
compiling usart1.c...
compiling CamCar_motor.c...
CamCar_motor.h(3): warning:  #1295-D: Deprecated declaration CamCar_Motor_Init - give arg types
CamCar_motor.h(5): warning:  #1295-D: Deprecated declaration CamCar_Motor_PWM_Init - give arg types
CamCar_motor.c(43): warning:  #1-D: last line of file ends without a newline
compiling adc.c...
compiling misc.c...
compiling stm32f10x_adc.c...
compiling stm32f10x_bkp.c...
compiling stm32f10x_can.c...
compiling stm32f10x_cec.c...
compiling stm32f10x_crc.c...
compiling stm32f10x_dac.c...
compiling stm32f10x_dbgmcu.c...
compiling stm32f10x_dma.c...
compiling stm32f10x_exti.c...
compiling stm32f10x_flash.c...
compiling stm32f10x_fsmc.c...
compiling stm32f10x_gpio.c...
compiling stm32f10x_i2c.c...
compiling stm32f10x_iwdg.c...
compiling stm32f10x_pwr.c...
compiling stm32f10x_rcc.c...
compiling stm32f10x_rtc.c...
compiling stm32f10x_sdio.c...
compiling stm32f10x_spi.c...
compiling stm32f10x_tim.c...
compiling stm32f10x_usart.c...
compiling stm32f10x_wwdg.c...
compiling core_cm3.c...
compiling system_stm32f10x.c...
linking...
Program Size: Code=9216 RO-data=336 RW-data=64 ZI-data=1024  
FromELF: creating hex file...
"..\Output\car_controller_infare_servo.axf" - 0 Errors, 10 Warning(s).
Rebuild target 'Target 1'
assembling startup_stm32f10x_hd.s...
compiling main.c...
CamCar_opcode.h(13): warning:  #1-D: last line of file ends without a newline
CamCar_motor.h(3): warning:  #1295-D: Deprecated declaration CamCar_Motor_Init - give arg types
CamCar_motor.h(5): warning:  #1295-D: Deprecated declaration CamCar_Motor_PWM_Init - give arg types
main.c(28): warning:  #1295-D: Deprecated declaration test_motor - give arg types
main.c(29): warning:  #1295-D: Deprecated declaration front_adc_clear - give arg types
main.c(30): warning:  #1295-D: Deprecated declaration back_adc_clear - give arg types
main.c(139): warning:  #1-D: last line of file ends without a newline
compiling stm32f10x_it.c...
compiling i2c_self.c...
compiling usart1.c...
compiling CamCar_motor.c...
CamCar_motor.h(3): warning:  #1295-D: Deprecated declaration CamCar_Motor_Init - give arg types
CamCar_motor.h(5): warning:  #1295-D: Deprecated declaration CamCar_Motor_PWM_Init - give arg types
CamCar_motor.c(43): warning:  #1-D: last line of file ends without a newline
compiling adc.c...
compiling pwm_output.c...
pwm_output.c(54): error:  #20: identifier "TIM_TimeBaseInitTypeDef" is undefined
pwm_output.c(55): error:  #20: identifier "TIM_OCInitTypeDef" is undefined
pwm_output.c(74): error:  #20: identifier "TIM_CKD_DIV1" is undefined
pwm_output.c(75): error:  #20: identifier "TIM_CounterMode_Up" is undefined
pwm_output.c(77): warning:  #223-D: function "TIM_TimeBaseInit" declared implicitly
pwm_output.c(80): error:  #20: identifier "TIM_OCMode_PWM1" is undefined
pwm_output.c(81): error:  #20: identifier "TIM_OutputState_Enable" is undefined
pwm_output.c(83): error:  #20: identifier "TIM_OCPolarity_High" is undefined
pwm_output.c(85): warning:  #223-D: function "TIM_OC3Init" declared implicitly
pwm_output.c(87): warning:  #223-D: function "TIM_OC3PreloadConfig" declared implicitly
pwm_output.c(87): error:  #20: identifier "TIM_OCPreload_Enable" is undefined
pwm_output.c(90): warning:  #223-D: function "TIM_ARRPreloadConfig" declared implicitly
pwm_output.c(93): warning:  #223-D: function "TIM_Cmd" declared implicitly
compiling misc.c...
compiling stm32f10x_adc.c...
compiling stm32f10x_bkp.c...
compiling stm32f10x_can.c...
compiling stm32f10x_cec.c...
compiling stm32f10x_crc.c...
compiling stm32f10x_dac.c...
compiling stm32f10x_dbgmcu.c...
compiling stm32f10x_dma.c...
compiling stm32f10x_exti.c...
compiling stm32f10x_flash.c...
compiling stm32f10x_fsmc.c...
compiling stm32f10x_gpio.c...
compiling stm32f10x_i2c.c...
compiling stm32f10x_iwdg.c...
compiling stm32f10x_pwr.c...
compiling stm32f10x_rcc.c...
compiling stm32f10x_rtc.c...
compiling stm32f10x_sdio.c...
compiling stm32f10x_spi.c...
compiling stm32f10x_tim.c...
compiling stm32f10x_usart.c...
compiling stm32f10x_wwdg.c...
compiling core_cm3.c...
compiling system_stm32f10x.c...
"..\Output\car_controller_infare_servo.axf" - 8 Errors, 15 Warning(s).
Target not created
Rebuild target 'Target 1'
assembling startup_stm32f10x_hd.s...
compiling main.c...
CamCar_opcode.h(13): warning:  #1-D: last line of file ends without a newline
CamCar_motor.h(3): warning:  #1295-D: Deprecated declaration CamCar_Motor_Init - give arg types
CamCar_motor.h(5): warning:  #1295-D: Deprecated declaration CamCar_Motor_PWM_Init - give arg types
main.c(28): warning:  #1295-D: Deprecated declaration test_motor - give arg types
main.c(29): warning:  #1295-D: Deprecated declaration front_adc_clear - give arg types
main.c(30): warning:  #1295-D: Deprecated declaration back_adc_clear - give arg types
main.c(139): warning:  #1-D: last line of file ends without a newline
compiling stm32f10x_it.c...
compiling i2c_self.c...
compiling usart1.c...
compiling CamCar_motor.c...
CamCar_motor.h(3): warning:  #1295-D: Deprecated declaration CamCar_Motor_Init - give arg types
CamCar_motor.h(5): warning:  #1295-D: Deprecated declaration CamCar_Motor_PWM_Init - give arg types
CamCar_motor.c(43): warning:  #1-D: last line of file ends without a newline
compiling adc.c...
compiling pwm_output.c...
compiling misc.c...
compiling stm32f10x_adc.c...
compiling stm32f10x_bkp.c...
compiling stm32f10x_can.c...
compiling stm32f10x_cec.c...
compiling stm32f10x_crc.c...
compiling stm32f10x_dac.c...
compiling stm32f10x_dbgmcu.c...
compiling stm32f10x_dma.c...
compiling stm32f10x_exti.c...
compiling stm32f10x_flash.c...
compiling stm32f10x_fsmc.c...
compiling stm32f10x_gpio.c...
compiling stm32f10x_i2c.c...
compiling stm32f10x_iwdg.c...
compiling stm32f10x_pwr.c...
compiling stm32f10x_rcc.c...
compiling stm32f10x_rtc.c...
compiling stm32f10x_sdio.c...
compiling stm32f10x_spi.c...
compiling stm32f10x_tim.c...
compiling stm32f10x_usart.c...
compiling stm32f10x_wwdg.c...
compiling core_cm3.c...
compiling system_stm32f10x.c...
linking...
Program Size: Code=9216 RO-data=336 RW-data=64 ZI-data=1024  
FromELF: creating hex file...
"..\Output\car_controller_infare_servo.axf" - 0 Errors, 10 Warning(s).
Rebuild target 'Target 1'
assembling startup_stm32f10x_hd.s...
compiling main.c...
CamCar_opcode.h(13): warning:  #1-D: last line of file ends without a newline
CamCar_motor.h(3): warning:  #1295-D: Deprecated declaration CamCar_Motor_Init - give arg types
CamCar_motor.h(5): warning:  #1295-D: Deprecated declaration CamCar_Motor_PWM_Init - give arg types
main.c(28): warning:  #1295-D: Deprecated declaration test_motor - give arg types
main.c(29): warning:  #1295-D: Deprecated declaration front_adc_clear - give arg types
main.c(30): warning:  #1295-D: Deprecated declaration back_adc_clear - give arg types
main.c(139): warning:  #1-D: last line of file ends without a newline
compiling stm32f10x_it.c...
compiling i2c_self.c...
compiling usart1.c...
compiling CamCar_motor.c...
CamCar_motor.h(3): warning:  #1295-D: Deprecated declaration CamCar_Motor_Init - give arg types
CamCar_motor.h(5): warning:  #1295-D: Deprecated declaration CamCar_Motor_PWM_Init - give arg types
CamCar_motor.c(43): warning:  #1-D: last line of file ends without a newline
compiling adc.c...
compiling pwm_output.c...
compiling misc.c...
compiling stm32f10x_adc.c...
compiling stm32f10x_bkp.c...
compiling stm32f10x_can.c...
compiling stm32f10x_cec.c...
compiling stm32f10x_crc.c...
compiling stm32f10x_dac.c...
compiling stm32f10x_dbgmcu.c...
compiling stm32f10x_dma.c...
compiling stm32f10x_exti.c...
compiling stm32f10x_flash.c...
compiling stm32f10x_fsmc.c...
compiling stm32f10x_gpio.c...
compiling stm32f10x_i2c.c...
compiling stm32f10x_iwdg.c...
compiling stm32f10x_pwr.c...
compiling stm32f10x_rcc.c...
compiling stm32f10x_rtc.c...
compiling stm32f10x_sdio.c...
compiling stm32f10x_spi.c...
compiling stm32f10x_tim.c...
compiling stm32f10x_usart.c...
compiling stm32f10x_wwdg.c...
compiling core_cm3.c...
compiling system_stm32f10x.c...
linking...
Program Size: Code=12996 RO-data=336 RW-data=64 ZI-data=1024  
FromELF: creating hex file...
"..\Output\car_controller_infare_servo.axf" - 0 Errors, 10 Warning(s).
Rebuild target 'Target 1'
assembling startup_stm32f10x_hd.s...
compiling main.c...
CamCar_opcode.h(13): warning:  #1-D: last line of file ends without a newline
CamCar_motor.h(3): warning:  #1295-D: Deprecated declaration CamCar_Motor_Init - give arg types
CamCar_motor.h(5): warning:  #1295-D: Deprecated declaration CamCar_Motor_PWM_Init - give arg types
main.c(28): warning:  #1295-D: Deprecated declaration test_motor - give arg types
main.c(29): warning:  #1295-D: Deprecated declaration front_adc_clear - give arg types
main.c(30): warning:  #1295-D: Deprecated declaration back_adc_clear - give arg types
main.c(139): warning:  #1-D: last line of file ends without a newline
compiling stm32f10x_it.c...
compiling i2c_self.c...
compiling usart1.c...
compiling CamCar_motor.c...
CamCar_motor.h(3): warning:  #1295-D: Deprecated declaration CamCar_Motor_Init - give arg types
CamCar_motor.h(5): warning:  #1295-D: Deprecated declaration CamCar_Motor_PWM_Init - give arg types
CamCar_motor.c(43): warning:  #1-D: last line of file ends without a newline
compiling adc.c...
compiling pwm_output.c...
compiling misc.c...
compiling stm32f10x_adc.c...
compiling stm32f10x_bkp.c...
compiling stm32f10x_can.c...
compiling stm32f10x_cec.c...
compiling stm32f10x_crc.c...
compiling stm32f10x_dac.c...
compiling stm32f10x_dbgmcu.c...
compiling stm32f10x_dma.c...
compiling stm32f10x_exti.c...
compiling stm32f10x_flash.c...
compiling stm32f10x_fsmc.c...
compiling stm32f10x_gpio.c...
compiling stm32f10x_i2c.c...
compiling stm32f10x_iwdg.c...
compiling stm32f10x_pwr.c...
compiling stm32f10x_rcc.c...
compiling stm32f10x_rtc.c...
compiling stm32f10x_sdio.c...
compiling stm32f10x_spi.c...
compiling stm32f10x_tim.c...
compiling stm32f10x_usart.c...
compiling stm32f10x_wwdg.c...
compiling core_cm3.c...
compiling system_stm32f10x.c...
linking...
Program Size: Code=12996 RO-data=336 RW-data=64 ZI-data=1024  
FromELF: creating hex file...
"..\Output\car_controller_infare_servo.axf" - 0 Errors, 10 Warning(s).
Rebuild target 'Target 1'
assembling startup_stm32f10x_hd.s...
compiling main.c...
CamCar_opcode.h(13): warning:  #1-D: last line of file ends without a newline
CamCar_motor.h(3): warning:  #1295-D: Deprecated declaration CamCar_Motor_Init - give arg types
CamCar_motor.h(5): warning:  #1295-D: Deprecated declaration CamCar_Motor_PWM_Init - give arg types
main.c(30): warning:  #1295-D: Deprecated declaration test_motor - give arg types
main.c(31): warning:  #1295-D: Deprecated declaration front_adc_clear - give arg types
main.c(32): warning:  #1295-D: Deprecated declaration back_adc_clear - give arg types
main.c(33): warning:  #1295-D: Deprecated declaration test_servo - give arg types
main.c(149): error:  #7: unrecognized token
main.c(149): error:  #29: expected an expression
main.c(149): error:  #7: unrecognized token
main.c(154): error:  #7: unrecognized token
main.c(154): error:  #29: expected an expression
main.c(154): error:  #7: unrecognized token
main.c(156): warning:  #1-D: last line of file ends without a newline
compiling stm32f10x_it.c...
compiling i2c_self.c...
compiling usart1.c...
compiling CamCar_motor.c...
CamCar_motor.h(3): warning:  #1295-D: Deprecated declaration CamCar_Motor_Init - give arg types
CamCar_motor.h(5): warning:  #1295-D: Deprecated declaration CamCar_Motor_PWM_Init - give arg types
CamCar_motor.c(43): warning:  #1-D: last line of file ends without a newline
compiling adc.c...
compiling pwm_output.c...
compiling misc.c...
compiling stm32f10x_adc.c...
compiling stm32f10x_bkp.c...
compiling stm32f10x_can.c...
compiling stm32f10x_cec.c...
compiling stm32f10x_crc.c...
compiling stm32f10x_dac.c...
compiling stm32f10x_dbgmcu.c...
compiling stm32f10x_dma.c...
compiling stm32f10x_exti.c...
compiling stm32f10x_flash.c...
compiling stm32f10x_fsmc.c...
compiling stm32f10x_gpio.c...
compiling stm32f10x_i2c.c...
compiling stm32f10x_iwdg.c...
compiling stm32f10x_pwr.c...
compiling stm32f10x_rcc.c...
compiling stm32f10x_rtc.c...
compiling stm32f10x_sdio.c...
compiling stm32f10x_spi.c...
compiling stm32f10x_tim.c...
compiling stm32f10x_usart.c...
compiling stm32f10x_wwdg.c...
compiling core_cm3.c...
compiling system_stm32f10x.c...
"..\Output\car_controller_infare_servo.axf" - 6 Errors, 11 Warning(s).
Target not created
Rebuild target 'Target 1'
assembling startup_stm32f10x_hd.s...
compiling main.c...
CamCar_opcode.h(13): warning:  #1-D: last line of file ends without a newline
CamCar_motor.h(3): warning:  #1295-D: Deprecated declaration CamCar_Motor_Init - give arg types
CamCar_motor.h(5): warning:  #1295-D: Deprecated declaration CamCar_Motor_PWM_Init - give arg types
main.c(30): warning:  #1295-D: Deprecated declaration test_motor - give arg types
main.c(31): warning:  #1295-D: Deprecated declaration front_adc_clear - give arg types
main.c(32): warning:  #1295-D: Deprecated declaration back_adc_clear - give arg types
main.c(33): warning:  #1295-D: Deprecated declaration test_servo - give arg types
main.c(157): warning:  #1-D: last line of file ends without a newline
compiling stm32f10x_it.c...
compiling i2c_self.c...
compiling usart1.c...
compiling CamCar_motor.c...
CamCar_motor.h(3): warning:  #1295-D: Deprecated declaration CamCar_Motor_Init - give arg types
CamCar_motor.h(5): warning:  #1295-D: Deprecated declaration CamCar_Motor_PWM_Init - give arg types
CamCar_motor.c(43): warning:  #1-D: last line of file ends without a newline
compiling adc.c...
compiling pwm_output.c...
compiling misc.c...
compiling stm32f10x_adc.c...
compiling stm32f10x_bkp.c...
compiling stm32f10x_can.c...
compiling stm32f10x_cec.c...
compiling stm32f10x_crc.c...
compiling stm32f10x_dac.c...
compiling stm32f10x_dbgmcu.c...
compiling stm32f10x_dma.c...
compiling stm32f10x_exti.c...
compiling stm32f10x_flash.c...
compiling stm32f10x_fsmc.c...
compiling stm32f10x_gpio.c...
compiling stm32f10x_i2c.c...
compiling stm32f10x_iwdg.c...
compiling stm32f10x_pwr.c...
compiling stm32f10x_rcc.c...
compiling stm32f10x_rtc.c...
compiling stm32f10x_sdio.c...
compiling stm32f10x_spi.c...
compiling stm32f10x_tim.c...
compiling stm32f10x_usart.c...
compiling stm32f10x_wwdg.c...
compiling core_cm3.c...
compiling system_stm32f10x.c...
linking...
Program Size: Code=13092 RO-data=336 RW-data=64 ZI-data=1024  
FromELF: creating hex file...
"..\Output\car_controller_infare_servo.axf" - 0 Errors, 11 Warning(s).
Rebuild target 'Target 1'
assembling startup_stm32f10x_hd.s...
compiling main.c...
CamCar_opcode.h(13): warning:  #1-D: last line of file ends without a newline
CamCar_motor.h(3): warning:  #1295-D: Deprecated declaration CamCar_Motor_Init - give arg types
CamCar_motor.h(5): warning:  #1295-D: Deprecated declaration CamCar_Motor_PWM_Init - give arg types
main.c(30): warning:  #1295-D: Deprecated declaration test_motor - give arg types
main.c(31): warning:  #1295-D: Deprecated declaration front_adc_clear - give arg types
main.c(32): warning:  #1295-D: Deprecated declaration back_adc_clear - give arg types
main.c(33): warning:  #1295-D: Deprecated declaration test_servo - give arg types
main.c(157): warning:  #1-D: last line of file ends without a newline
compiling stm32f10x_it.c...
compiling i2c_self.c...
compiling usart1.c...
compiling CamCar_motor.c...
CamCar_motor.h(3): warning:  #1295-D: Deprecated declaration CamCar_Motor_Init - give arg types
CamCar_motor.h(5): warning:  #1295-D: Deprecated declaration CamCar_Motor_PWM_Init - give arg types
CamCar_motor.c(43): warning:  #1-D: last line of file ends without a newline
compiling adc.c...
compiling pwm_output.c...
compiling misc.c...
compiling stm32f10x_adc.c...
compiling stm32f10x_bkp.c...
compiling stm32f10x_can.c...
compiling stm32f10x_cec.c...
compiling stm32f10x_crc.c...
compiling stm32f10x_dac.c...
compiling stm32f10x_dbgmcu.c...
compiling stm32f10x_dma.c...
compiling stm32f10x_exti.c...
compiling stm32f10x_flash.c...
compiling stm32f10x_fsmc.c...
compiling stm32f10x_gpio.c...
compiling stm32f10x_i2c.c...
compiling stm32f10x_iwdg.c...
compiling stm32f10x_pwr.c...
compiling stm32f10x_rcc.c...
compiling stm32f10x_rtc.c...
compiling stm32f10x_sdio.c...
compiling stm32f10x_spi.c...
compiling stm32f10x_tim.c...
compiling stm32f10x_usart.c...
compiling stm32f10x_wwdg.c...
compiling core_cm3.c...
compiling system_stm32f10x.c...
linking...
Program Size: Code=13092 RO-data=336 RW-data=64 ZI-data=1024  
FromELF: creating hex file...
"..\Output\car_controller_infare_servo.axf" - 0 Errors, 11 Warning(s).
Rebuild target 'Target 1'
assembling startup_stm32f10x_hd.s...
compiling main.c...
CamCar_opcode.h(13): warning:  #1-D: last line of file ends without a newline
CamCar_motor.h(3): warning:  #1295-D: Deprecated declaration CamCar_Motor_Init - give arg types
CamCar_motor.h(5): warning:  #1295-D: Deprecated declaration CamCar_Motor_PWM_Init - give arg types
main.c(30): warning:  #1295-D: Deprecated declaration test_motor - give arg types
main.c(31): warning:  #1295-D: Deprecated declaration front_adc_clear - give arg types
main.c(32): warning:  #1295-D: Deprecated declaration back_adc_clear - give arg types
main.c(33): warning:  #1295-D: Deprecated declaration test_servo - give arg types
main.c(157): warning:  #1-D: last line of file ends without a newline
compiling stm32f10x_it.c...
compiling i2c_self.c...
compiling usart1.c...
compiling CamCar_motor.c...
CamCar_motor.h(3): warning:  #1295-D: Deprecated declaration CamCar_Motor_Init - give arg types
CamCar_motor.h(5): warning:  #1295-D: Deprecated declaration CamCar_Motor_PWM_Init - give arg types
CamCar_motor.c(43): warning:  #1-D: last line of file ends without a newline
compiling adc.c...
compiling pwm_output.c...
compiling misc.c...
compiling stm32f10x_adc.c...
compiling stm32f10x_bkp.c...
compiling stm32f10x_can.c...
compiling stm32f10x_cec.c...
compiling stm32f10x_crc.c...
compiling stm32f10x_dac.c...
compiling stm32f10x_dbgmcu.c...
compiling stm32f10x_dma.c...
compiling stm32f10x_exti.c...
compiling stm32f10x_flash.c...
compiling stm32f10x_fsmc.c...
compiling stm32f10x_gpio.c...
compiling stm32f10x_i2c.c...
compiling stm32f10x_iwdg.c...
compiling stm32f10x_pwr.c...
compiling stm32f10x_rcc.c...
compiling stm32f10x_rtc.c...
compiling stm32f10x_sdio.c...
compiling stm32f10x_spi.c...
compiling stm32f10x_tim.c...
compiling stm32f10x_usart.c...
compiling stm32f10x_wwdg.c...
compiling core_cm3.c...
compiling system_stm32f10x.c...
linking...
Program Size: Code=13092 RO-data=336 RW-data=64 ZI-data=1024  
FromELF: creating hex file...
"..\Output\car_controller_infare_servo.axf" - 0 Errors, 11 Warning(s).
Rebuild target 'Target 1'
assembling startup_stm32f10x_hd.s...
compiling main.c...
CamCar_opcode.h(13): warning:  #1-D: last line of file ends without a newline
CamCar_motor.h(3): warning:  #1295-D: Deprecated declaration CamCar_Motor_Init - give arg types
CamCar_motor.h(5): warning:  #1295-D: Deprecated declaration CamCar_Motor_PWM_Init - give arg types
main.c(30): warning:  #1295-D: Deprecated declaration test_motor - give arg types
main.c(31): warning:  #1295-D: Deprecated declaration front_adc_clear - give arg types
main.c(32): warning:  #1295-D: Deprecated declaration back_adc_clear - give arg types
main.c(33): warning:  #1295-D: Deprecated declaration test_servo - give arg types
main.c(157): warning:  #1-D: last line of file ends without a newline
compiling stm32f10x_it.c...
compiling i2c_self.c...
compiling usart1.c...
compiling CamCar_motor.c...
CamCar_motor.h(3): warning:  #1295-D: Deprecated declaration CamCar_Motor_Init - give arg types
CamCar_motor.h(5): warning:  #1295-D: Deprecated declaration CamCar_Motor_PWM_Init - give arg types
CamCar_motor.c(43): warning:  #1-D: last line of file ends without a newline
compiling adc.c...
compiling pwm_output.c...
compiling misc.c...
compiling stm32f10x_adc.c...
compiling stm32f10x_bkp.c...
compiling stm32f10x_can.c...
compiling stm32f10x_cec.c...
compiling stm32f10x_crc.c...
compiling stm32f10x_dac.c...
compiling stm32f10x_dbgmcu.c...
compiling stm32f10x_dma.c...
compiling stm32f10x_exti.c...
compiling stm32f10x_flash.c...
compiling stm32f10x_fsmc.c...
compiling stm32f10x_gpio.c...
compiling stm32f10x_i2c.c...
compiling stm32f10x_iwdg.c...
compiling stm32f10x_pwr.c...
compiling stm32f10x_rcc.c...
compiling stm32f10x_rtc.c...
compiling stm32f10x_sdio.c...
compiling stm32f10x_spi.c...
compiling stm32f10x_tim.c...
compiling stm32f10x_usart.c...
compiling stm32f10x_wwdg.c...
compiling core_cm3.c...
compiling system_stm32f10x.c...
linking...
Program Size: Code=13088 RO-data=336 RW-data=64 ZI-data=1024  
FromELF: creating hex file...
"..\Output\car_controller_infare_servo.axf" - 0 Errors, 11 Warning(s).
Rebuild target 'Target 1'
assembling startup_stm32f10x_hd.s...
compiling main.c...
CamCar_opcode.h(13): warning:  #1-D: last line of file ends without a newline
CamCar_motor.h(3): warning:  #1295-D: Deprecated declaration CamCar_Motor_Init - give arg types
CamCar_motor.h(5): warning:  #1295-D: Deprecated declaration CamCar_Motor_PWM_Init - give arg types
main.c(30): warning:  #1295-D: Deprecated declaration test_motor - give arg types
main.c(31): warning:  #1295-D: Deprecated declaration front_adc_clear - give arg types
main.c(32): warning:  #1295-D: Deprecated declaration back_adc_clear - give arg types
main.c(33): warning:  #1295-D: Deprecated declaration test_servo - give arg types
main.c(157): warning:  #1-D: last line of file ends without a newline
compiling stm32f10x_it.c...
compiling i2c_self.c...
compiling usart1.c...
compiling CamCar_motor.c...
CamCar_motor.h(3): warning:  #1295-D: Deprecated declaration CamCar_Motor_Init - give arg types
CamCar_motor.h(5): warning:  #1295-D: Deprecated declaration CamCar_Motor_PWM_Init - give arg types
CamCar_motor.c(43): warning:  #1-D: last line of file ends without a newline
compiling adc.c...
compiling pwm_output.c...
compiling misc.c...
compiling stm32f10x_adc.c...
compiling stm32f10x_bkp.c...
compiling stm32f10x_can.c...
compiling stm32f10x_cec.c...
compiling stm32f10x_crc.c...
compiling stm32f10x_dac.c...
compiling stm32f10x_dbgmcu.c...
compiling stm32f10x_dma.c...
compiling stm32f10x_exti.c...
compiling stm32f10x_flash.c...
compiling stm32f10x_fsmc.c...
compiling stm32f10x_gpio.c...
compiling stm32f10x_i2c.c...
compiling stm32f10x_iwdg.c...
compiling stm32f10x_pwr.c...
compiling stm32f10x_rcc.c...
compiling stm32f10x_rtc.c...
compiling stm32f10x_sdio.c...
compiling stm32f10x_spi.c...
compiling stm32f10x_tim.c...
compiling stm32f10x_usart.c...
compiling stm32f10x_wwdg.c...
compiling core_cm3.c...
compiling system_stm32f10x.c...
linking...
Program Size: Code=10828 RO-data=336 RW-data=64 ZI-data=1024  
FromELF: creating hex file...
"..\Output\car_controller_infare_servo.axf" - 0 Errors, 11 Warning(s).
Rebuild target 'Target 1'
assembling startup_stm32f10x_hd.s...
compiling main.c...
CamCar_opcode.h(13): warning:  #1-D: last line of file ends without a newline
CamCar_motor.h(3): warning:  #1295-D: Deprecated declaration CamCar_Motor_Init - give arg types
CamCar_motor.h(5): warning:  #1295-D: Deprecated declaration CamCar_Motor_PWM_Init - give arg types
main.c(30): warning:  #1295-D: Deprecated declaration test_motor - give arg types
main.c(31): warning:  #1295-D: Deprecated declaration front_adc_clear - give arg types
main.c(32): warning:  #1295-D: Deprecated declaration back_adc_clear - give arg types
main.c(33): warning:  #1295-D: Deprecated declaration test_servo - give arg types
main.c(160): warning:  #1-D: last line of file ends without a newline
compiling stm32f10x_it.c...
compiling i2c_self.c...
compiling usart1.c...
compiling CamCar_motor.c...
CamCar_motor.h(3): warning:  #1295-D: Deprecated declaration CamCar_Motor_Init - give arg types
CamCar_motor.h(5): warning:  #1295-D: Deprecated declaration CamCar_Motor_PWM_Init - give arg types
CamCar_motor.c(43): warning:  #1-D: last line of file ends without a newline
compiling adc.c...
compiling pwm_output.c...
compiling misc.c...
compiling stm32f10x_adc.c...
compiling stm32f10x_bkp.c...
compiling stm32f10x_can.c...
compiling stm32f10x_cec.c...
compiling stm32f10x_crc.c...
compiling stm32f10x_dac.c...
compiling stm32f10x_dbgmcu.c...
compiling stm32f10x_dma.c...
compiling stm32f10x_exti.c...
compiling stm32f10x_flash.c...
compiling stm32f10x_fsmc.c...
compiling stm32f10x_gpio.c...
compiling stm32f10x_i2c.c...
compiling stm32f10x_iwdg.c...
compiling stm32f10x_pwr.c...
compiling stm32f10x_rcc.c...
compiling stm32f10x_rtc.c...
compiling stm32f10x_sdio.c...
compiling stm32f10x_spi.c...
compiling stm32f10x_tim.c...
compiling stm32f10x_usart.c...
compiling stm32f10x_wwdg.c...
compiling core_cm3.c...
compiling system_stm32f10x.c...
linking...
Program Size: Code=10844 RO-data=336 RW-data=64 ZI-data=1024  
FromELF: creating hex file...
"..\Output\car_controller_infare_servo.axf" - 0 Errors, 11 Warning(s).
Rebuild target 'Target 1'
assembling startup_stm32f10x_hd.s...
compiling main.c...
CamCar_opcode.h(13): warning:  #1-D: last line of file ends without a newline
CamCar_motor.h(3): warning:  #1295-D: Deprecated declaration CamCar_Motor_Init - give arg types
CamCar_motor.h(5): warning:  #1295-D: Deprecated declaration CamCar_Motor_PWM_Init - give arg types
main.c(30): warning:  #1295-D: Deprecated declaration test_motor - give arg types
main.c(31): warning:  #1295-D: Deprecated declaration front_adc_clear - give arg types
main.c(32): warning:  #1295-D: Deprecated declaration back_adc_clear - give arg types
main.c(33): warning:  #1295-D: Deprecated declaration test_servo - give arg types
main.c(160): warning:  #1-D: last line of file ends without a newline
compiling stm32f10x_it.c...
compiling i2c_self.c...
compiling usart1.c...
compiling CamCar_motor.c...
CamCar_motor.h(3): warning:  #1295-D: Deprecated declaration CamCar_Motor_Init - give arg types
CamCar_motor.h(5): warning:  #1295-D: Deprecated declaration CamCar_Motor_PWM_Init - give arg types
CamCar_motor.c(43): warning:  #1-D: last line of file ends without a newline
compiling adc.c...
compiling pwm_output.c...
compiling misc.c...
compiling stm32f10x_adc.c...
compiling stm32f10x_bkp.c...
compiling stm32f10x_can.c...
compiling stm32f10x_cec.c...
compiling stm32f10x_crc.c...
compiling stm32f10x_dac.c...
compiling stm32f10x_dbgmcu.c...
compiling stm32f10x_dma.c...
compiling stm32f10x_exti.c...
compiling stm32f10x_flash.c...
compiling stm32f10x_fsmc.c...
compiling stm32f10x_gpio.c...
compiling stm32f10x_i2c.c...
compiling stm32f10x_iwdg.c...
compiling stm32f10x_pwr.c...
compiling stm32f10x_rcc.c...
compiling stm32f10x_rtc.c...
compiling stm32f10x_sdio.c...
compiling stm32f10x_spi.c...
compiling stm32f10x_tim.c...
compiling stm32f10x_usart.c...
compiling stm32f10x_wwdg.c...
compiling core_cm3.c...
compiling system_stm32f10x.c...
linking...
Program Size: Code=10824 RO-data=336 RW-data=64 ZI-data=1024  
FromELF: creating hex file...
"..\Output\car_controller_infare_servo.axf" - 0 Errors, 11 Warning(s).
Rebuild target 'Target 1'
assembling startup_stm32f10x_hd.s...
compiling main.c...
CamCar_opcode.h(13): warning:  #1-D: last line of file ends without a newline
CamCar_motor.h(3): warning:  #1295-D: Deprecated declaration CamCar_Motor_Init - give arg types
CamCar_motor.h(5): warning:  #1295-D: Deprecated declaration CamCar_Motor_PWM_Init - give arg types
main.c(30): warning:  #1295-D: Deprecated declaration test_motor - give arg types
main.c(31): warning:  #1295-D: Deprecated declaration front_adc_clear - give arg types
main.c(32): warning:  #1295-D: Deprecated declaration back_adc_clear - give arg types
main.c(33): warning:  #1295-D: Deprecated declaration test_servo - give arg types
main.c(160): warning:  #1-D: last line of file ends without a newline
compiling stm32f10x_it.c...
compiling i2c_self.c...
compiling usart1.c...
compiling CamCar_motor.c...
CamCar_motor.h(3): warning:  #1295-D: Deprecated declaration CamCar_Motor_Init - give arg types
CamCar_motor.h(5): warning:  #1295-D: Deprecated declaration CamCar_Motor_PWM_Init - give arg types
CamCar_motor.c(43): warning:  #1-D: last line of file ends without a newline
compiling adc.c...
compiling pwm_output.c...
compiling misc.c...
compiling stm32f10x_adc.c...
compiling stm32f10x_bkp.c...
compiling stm32f10x_can.c...
compiling stm32f10x_cec.c...
compiling stm32f10x_crc.c...
compiling stm32f10x_dac.c...
compiling stm32f10x_dbgmcu.c...
compiling stm32f10x_dma.c...
compiling stm32f10x_exti.c...
compiling stm32f10x_flash.c...
compiling stm32f10x_fsmc.c...
compiling stm32f10x_gpio.c...
compiling stm32f10x_i2c.c...
compiling stm32f10x_iwdg.c...
compiling stm32f10x_pwr.c...
compiling stm32f10x_rcc.c...
compiling stm32f10x_rtc.c...
compiling stm32f10x_sdio.c...
compiling stm32f10x_spi.c...
compiling stm32f10x_tim.c...
compiling stm32f10x_usart.c...
compiling stm32f10x_wwdg.c...
compiling core_cm3.c...
compiling system_stm32f10x.c...
linking...
Program Size: Code=13084 RO-data=336 RW-data=64 ZI-data=1024  
FromELF: creating hex file...
"..\Output\car_controller_infare_servo.axf" - 0 Errors, 11 Warning(s).
Rebuild target 'Target 1'
assembling startup_stm32f10x_hd.s...
compiling main.c...
CamCar_opcode.h(13): warning:  #1-D: last line of file ends without a newline
CamCar_motor.h(3): warning:  #1295-D: Deprecated declaration CamCar_Motor_Init - give arg types
CamCar_motor.h(5): warning:  #1295-D: Deprecated declaration CamCar_Motor_PWM_Init - give arg types
main.c(30): warning:  #1295-D: Deprecated declaration test_motor - give arg types
main.c(31): warning:  #1295-D: Deprecated declaration front_adc_clear - give arg types
main.c(32): warning:  #1295-D: Deprecated declaration back_adc_clear - give arg types
main.c(33): warning:  #1295-D: Deprecated declaration test_servo - give arg types
main.c(161): warning:  #1-D: last line of file ends without a newline
compiling stm32f10x_it.c...
compiling i2c_self.c...
compiling usart1.c...
compiling CamCar_motor.c...
CamCar_motor.h(3): warning:  #1295-D: Deprecated declaration CamCar_Motor_Init - give arg types
CamCar_motor.h(5): warning:  #1295-D: Deprecated declaration CamCar_Motor_PWM_Init - give arg types
CamCar_motor.c(43): warning:  #1-D: last line of file ends without a newline
compiling adc.c...
compiling pwm_output.c...
compiling misc.c...
compiling stm32f10x_adc.c...
compiling stm32f10x_bkp.c...
compiling stm32f10x_can.c...
compiling stm32f10x_cec.c...
compiling stm32f10x_crc.c...
compiling stm32f10x_dac.c...
compiling stm32f10x_dbgmcu.c...
compiling stm32f10x_dma.c...
compiling stm32f10x_exti.c...
compiling stm32f10x_flash.c...
compiling stm32f10x_fsmc.c...
compiling stm32f10x_gpio.c...
compiling stm32f10x_i2c.c...
compiling stm32f10x_iwdg.c...
compiling stm32f10x_pwr.c...
compiling stm32f10x_rcc.c...
compiling stm32f10x_rtc.c...
compiling stm32f10x_sdio.c...
compiling stm32f10x_spi.c...
compiling stm32f10x_tim.c...
compiling stm32f10x_usart.c...
compiling stm32f10x_wwdg.c...
compiling core_cm3.c...
compiling system_stm32f10x.c...
linking...
Program Size: Code=13108 RO-data=336 RW-data=64 ZI-data=1024  
FromELF: creating hex file...
"..\Output\car_controller_infare_servo.axf" - 0 Errors, 11 Warning(s).
Rebuild target 'Target 1'
assembling startup_stm32f10x_hd.s...
compiling main.c...
CamCar_opcode.h(13): warning:  #1-D: last line of file ends without a newline
CamCar_motor.h(3): warning:  #1295-D: Deprecated declaration CamCar_Motor_Init - give arg types
CamCar_motor.h(5): warning:  #1295-D: Deprecated declaration CamCar_Motor_PWM_Init - give arg types
main.c(30): warning:  #1295-D: Deprecated declaration test_motor - give arg types
main.c(31): warning:  #1295-D: Deprecated declaration front_adc_clear - give arg types
main.c(32): warning:  #1295-D: Deprecated declaration back_adc_clear - give arg types
main.c(33): warning:  #1295-D: Deprecated declaration test_servo - give arg types
main.c(162): warning:  #1-D: last line of file ends without a newline
compiling stm32f10x_it.c...
compiling i2c_self.c...
compiling usart1.c...
compiling CamCar_motor.c...
CamCar_motor.h(3): warning:  #1295-D: Deprecated declaration CamCar_Motor_Init - give arg types
CamCar_motor.h(5): warning:  #1295-D: Deprecated declaration CamCar_Motor_PWM_Init - give arg types
CamCar_motor.c(43): warning:  #1-D: last line of file ends without a newline
compiling adc.c...
compiling pwm_output.c...
compiling misc.c...
compiling stm32f10x_adc.c...
compiling stm32f10x_bkp.c...
compiling stm32f10x_can.c...
compiling stm32f10x_cec.c...
compiling stm32f10x_crc.c...
compiling stm32f10x_dac.c...
compiling stm32f10x_dbgmcu.c...
compiling stm32f10x_dma.c...
compiling stm32f10x_exti.c...
compiling stm32f10x_flash.c...
compiling stm32f10x_fsmc.c...
compiling stm32f10x_gpio.c...
compiling stm32f10x_i2c.c...
compiling stm32f10x_iwdg.c...
compiling stm32f10x_pwr.c...
compiling stm32f10x_rcc.c...
compiling stm32f10x_rtc.c...
compiling stm32f10x_sdio.c...
compiling stm32f10x_spi.c...
compiling stm32f10x_tim.c...
compiling stm32f10x_usart.c...
compiling stm32f10x_wwdg.c...
compiling core_cm3.c...
compiling system_stm32f10x.c...
linking...
Program Size: Code=13112 RO-data=336 RW-data=64 ZI-data=1024  
FromELF: creating hex file...
"..\Output\car_controller_infare_servo.axf" - 0 Errors, 11 Warning(s).
Rebuild target 'Target 1'
assembling startup_stm32f10x_hd.s...
compiling main.c...
CamCar_opcode.h(13): warning:  #1-D: last line of file ends without a newline
CamCar_motor.h(3): warning:  #1295-D: Deprecated declaration CamCar_Motor_Init - give arg types
CamCar_motor.h(5): warning:  #1295-D: Deprecated declaration CamCar_Motor_PWM_Init - give arg types
main.c(30): warning:  #1295-D: Deprecated declaration test_motor - give arg types
main.c(31): warning:  #1295-D: Deprecated declaration front_adc_clear - give arg types
main.c(32): warning:  #1295-D: Deprecated declaration back_adc_clear - give arg types
main.c(33): warning:  #1295-D: Deprecated declaration test_servo - give arg types
main.c(162): warning:  #1-D: last line of file ends without a newline
compiling stm32f10x_it.c...
compiling i2c_self.c...
compiling usart1.c...
compiling CamCar_motor.c...
CamCar_motor.h(3): warning:  #1295-D: Deprecated declaration CamCar_Motor_Init - give arg types
CamCar_motor.h(5): warning:  #1295-D: Deprecated declaration CamCar_Motor_PWM_Init - give arg types
CamCar_motor.c(43): warning:  #1-D: last line of file ends without a newline
compiling adc.c...
compiling pwm_output.c...
compiling misc.c...
compiling stm32f10x_adc.c...
compiling stm32f10x_bkp.c...
compiling stm32f10x_can.c...
compiling stm32f10x_cec.c...
compiling stm32f10x_crc.c...
compiling stm32f10x_dac.c...
compiling stm32f10x_dbgmcu.c...
compiling stm32f10x_dma.c...
compiling stm32f10x_exti.c...
compiling stm32f10x_flash.c...
compiling stm32f10x_fsmc.c...
compiling stm32f10x_gpio.c...
compiling stm32f10x_i2c.c...
compiling stm32f10x_iwdg.c...
compiling stm32f10x_pwr.c...
compiling stm32f10x_rcc.c...
compiling stm32f10x_rtc.c...
compiling stm32f10x_sdio.c...
compiling stm32f10x_spi.c...
compiling stm32f10x_tim.c...
compiling stm32f10x_usart.c...
compiling stm32f10x_wwdg.c...
compiling core_cm3.c...
compiling system_stm32f10x.c...
linking...
Program Size: Code=13112 RO-data=336 RW-data=64 ZI-data=1024  
FromELF: creating hex file...
"..\Output\car_controller_infare_servo.axf" - 0 Errors, 11 Warning(s).
Rebuild target 'Target 1'
assembling startup_stm32f10x_hd.s...
compiling main.c...
CamCar_opcode.h(13): warning:  #1-D: last line of file ends without a newline
CamCar_motor.h(3): warning:  #1295-D: Deprecated declaration CamCar_Motor_Init - give arg types
CamCar_motor.h(5): warning:  #1295-D: Deprecated declaration CamCar_Motor_PWM_Init - give arg types
main.c(30): warning:  #1295-D: Deprecated declaration test_motor - give arg types
main.c(31): warning:  #1295-D: Deprecated declaration front_adc_clear - give arg types
main.c(32): warning:  #1295-D: Deprecated declaration back_adc_clear - give arg types
main.c(33): warning:  #1295-D: Deprecated declaration test_servo - give arg types
main.c(162): warning:  #1-D: last line of file ends without a newline
compiling stm32f10x_it.c...
compiling i2c_self.c...
compiling usart1.c...
compiling CamCar_motor.c...
CamCar_motor.h(3): warning:  #1295-D: Deprecated declaration CamCar_Motor_Init - give arg types
CamCar_motor.h(5): warning:  #1295-D: Deprecated declaration CamCar_Motor_PWM_Init - give arg types
CamCar_motor.c(43): warning:  #1-D: last line of file ends without a newline
compiling adc.c...
compiling pwm_output.c...
compiling misc.c...
compiling stm32f10x_adc.c...
compiling stm32f10x_bkp.c...
compiling stm32f10x_can.c...
compiling stm32f10x_cec.c...
compiling stm32f10x_crc.c...
compiling stm32f10x_dac.c...
compiling stm32f10x_dbgmcu.c...
compiling stm32f10x_dma.c...
compiling stm32f10x_exti.c...
compiling stm32f10x_flash.c...
compiling stm32f10x_fsmc.c...
compiling stm32f10x_gpio.c...
compiling stm32f10x_i2c.c...
compiling stm32f10x_iwdg.c...
compiling stm32f10x_pwr.c...
compiling stm32f10x_rcc.c...
compiling stm32f10x_rtc.c...
compiling stm32f10x_sdio.c...
compiling stm32f10x_spi.c...
compiling stm32f10x_tim.c...
compiling stm32f10x_usart.c...
compiling stm32f10x_wwdg.c...
compiling core_cm3.c...
compiling system_stm32f10x.c...
linking...
Program Size: Code=13108 RO-data=336 RW-data=64 ZI-data=1024  
FromELF: creating hex file...
"..\Output\car_controller_infare_servo.axf" - 0 Errors, 11 Warning(s).
Rebuild target 'Target 1'
assembling startup_stm32f10x_hd.s...
compiling main.c...
CamCar_opcode.h(13): warning:  #1-D: last line of file ends without a newline
CamCar_motor.h(3): warning:  #1295-D: Deprecated declaration CamCar_Motor_Init - give arg types
CamCar_motor.h(5): warning:  #1295-D: Deprecated declaration CamCar_Motor_PWM_Init - give arg types
main.c(30): warning:  #1295-D: Deprecated declaration test_motor - give arg types
main.c(31): warning:  #1295-D: Deprecated declaration front_adc_clear - give arg types
main.c(32): warning:  #1295-D: Deprecated declaration back_adc_clear - give arg types
main.c(33): warning:  #1295-D: Deprecated declaration test_servo - give arg types
main.c(162): warning:  #1-D: last line of file ends without a newline
compiling stm32f10x_it.c...
compiling i2c_self.c...
compiling usart1.c...
compiling CamCar_motor.c...
CamCar_motor.h(3): warning:  #1295-D: Deprecated declaration CamCar_Motor_Init - give arg types
CamCar_motor.h(5): warning:  #1295-D: Deprecated declaration CamCar_Motor_PWM_Init - give arg types
CamCar_motor.c(43): warning:  #1-D: last line of file ends without a newline
compiling adc.c...
compiling pwm_output.c...
compiling misc.c...
compiling stm32f10x_adc.c...
compiling stm32f10x_bkp.c...
compiling stm32f10x_can.c...
compiling stm32f10x_cec.c...
compiling stm32f10x_crc.c...
compiling stm32f10x_dac.c...
compiling stm32f10x_dbgmcu.c...
compiling stm32f10x_dma.c...
compiling stm32f10x_exti.c...
compiling stm32f10x_flash.c...
compiling stm32f10x_fsmc.c...
compiling stm32f10x_gpio.c...
compiling stm32f10x_i2c.c...
compiling stm32f10x_iwdg.c...
compiling stm32f10x_pwr.c...
compiling stm32f10x_rcc.c...
compiling stm32f10x_rtc.c...
compiling stm32f10x_sdio.c...
compiling stm32f10x_spi.c...
compiling stm32f10x_tim.c...
compiling stm32f10x_usart.c...
compiling stm32f10x_wwdg.c...
compiling core_cm3.c...
compiling system_stm32f10x.c...
linking...
Program Size: Code=13100 RO-data=336 RW-data=64 ZI-data=1024  
FromELF: creating hex file...
"..\Output\car_controller_infare_servo.axf" - 0 Errors, 11 Warning(s).
Rebuild target 'Target 1'
assembling startup_stm32f10x_hd.s...
compiling main.c...
CamCar_opcode.h(13): warning:  #1-D: last line of file ends without a newline
CamCar_motor.h(3): warning:  #1295-D: Deprecated declaration CamCar_Motor_Init - give arg types
CamCar_motor.h(5): warning:  #1295-D: Deprecated declaration CamCar_Motor_PWM_Init - give arg types
main.c(30): warning:  #1295-D: Deprecated declaration test_motor - give arg types
main.c(31): warning:  #1295-D: Deprecated declaration front_adc_clear - give arg types
main.c(32): warning:  #1295-D: Deprecated declaration back_adc_clear - give arg types
main.c(33): warning:  #1295-D: Deprecated declaration test_servo - give arg types
main.c(162): warning:  #1-D: last line of file ends without a newline
compiling stm32f10x_it.c...
compiling i2c_self.c...
compiling usart1.c...
compiling CamCar_motor.c...
CamCar_motor.h(3): warning:  #1295-D: Deprecated declaration CamCar_Motor_Init - give arg types
CamCar_motor.h(5): warning:  #1295-D: Deprecated declaration CamCar_Motor_PWM_Init - give arg types
CamCar_motor.c(43): warning:  #1-D: last line of file ends without a newline
compiling adc.c...
compiling pwm_output.c...
compiling misc.c...
compiling stm32f10x_adc.c...
compiling stm32f10x_bkp.c...
compiling stm32f10x_can.c...
compiling stm32f10x_cec.c...
compiling stm32f10x_crc.c...
compiling stm32f10x_dac.c...
compiling stm32f10x_dbgmcu.c...
compiling stm32f10x_dma.c...
compiling stm32f10x_exti.c...
compiling stm32f10x_flash.c...
compiling stm32f10x_fsmc.c...
compiling stm32f10x_gpio.c...
compiling stm32f10x_i2c.c...
compiling stm32f10x_iwdg.c...
compiling stm32f10x_pwr.c...
compiling stm32f10x_rcc.c...
compiling stm32f10x_rtc.c...
compiling stm32f10x_sdio.c...
compiling stm32f10x_spi.c...
compiling stm32f10x_tim.c...
compiling stm32f10x_usart.c...
compiling stm32f10x_wwdg.c...
compiling core_cm3.c...
compiling system_stm32f10x.c...
linking...
Program Size: Code=13096 RO-data=336 RW-data=64 ZI-data=1024  
FromELF: creating hex file...
"..\Output\car_controller_infare_servo.axf" - 0 Errors, 11 Warning(s).
Rebuild target 'Target 1'
assembling startup_stm32f10x_hd.s...
compiling main.c...
CamCar_opcode.h(13): warning:  #1-D: last line of file ends without a newline
CamCar_motor.h(3): warning:  #1295-D: Deprecated declaration CamCar_Motor_Init - give arg types
CamCar_motor.h(5): warning:  #1295-D: Deprecated declaration CamCar_Motor_PWM_Init - give arg types
main.c(30): warning:  #1295-D: Deprecated declaration test_motor - give arg types
main.c(31): warning:  #1295-D: Deprecated declaration front_adc_clear - give arg types
main.c(32): warning:  #1295-D: Deprecated declaration back_adc_clear - give arg types
main.c(33): warning:  #1295-D: Deprecated declaration test_servo - give arg types
main.c(162): warning:  #1-D: last line of file ends without a newline
compiling stm32f10x_it.c...
compiling i2c_self.c...
compiling usart1.c...
compiling CamCar_motor.c...
CamCar_motor.h(3): warning:  #1295-D: Deprecated declaration CamCar_Motor_Init - give arg types
CamCar_motor.h(5): warning:  #1295-D: Deprecated declaration CamCar_Motor_PWM_Init - give arg types
CamCar_motor.c(43): warning:  #1-D: last line of file ends without a newline
compiling adc.c...
compiling pwm_output.c...
compiling misc.c...
compiling stm32f10x_adc.c...
compiling stm32f10x_bkp.c...
compiling stm32f10x_can.c...
compiling stm32f10x_cec.c...
compiling stm32f10x_crc.c...
compiling stm32f10x_dac.c...
compiling stm32f10x_dbgmcu.c...
compiling stm32f10x_dma.c...
compiling stm32f10x_exti.c...
compiling stm32f10x_flash.c...
compiling stm32f10x_fsmc.c...
compiling stm32f10x_gpio.c...
compiling stm32f10x_i2c.c...
compiling stm32f10x_iwdg.c...
compiling stm32f10x_pwr.c...
compiling stm32f10x_rcc.c...
compiling stm32f10x_rtc.c...
compiling stm32f10x_sdio.c...
compiling stm32f10x_spi.c...
compiling stm32f10x_tim.c...
compiling stm32f10x_usart.c...
compiling stm32f10x_wwdg.c...
compiling core_cm3.c...
compiling system_stm32f10x.c...
linking...
Program Size: Code=13096 RO-data=336 RW-data=64 ZI-data=1024  
FromELF: creating hex file...
"..\Output\car_controller_infare_servo.axf" - 0 Errors, 11 Warning(s).
Rebuild target 'Target 1'
assembling startup_stm32f10x_hd.s...
compiling main.c...
CamCar_opcode.h(13): warning:  #1-D: last line of file ends without a newline
CamCar_motor.h(3): warning:  #1295-D: Deprecated declaration CamCar_Motor_Init - give arg types
CamCar_motor.h(5): warning:  #1295-D: Deprecated declaration CamCar_Motor_PWM_Init - give arg types
main.c(30): warning:  #1295-D: Deprecated declaration test_motor - give arg types
main.c(31): warning:  #1295-D: Deprecated declaration front_adc_clear - give arg types
main.c(32): warning:  #1295-D: Deprecated declaration back_adc_clear - give arg types
main.c(33): warning:  #1295-D: Deprecated declaration test_servo - give arg types
main.c(162): warning:  #1-D: last line of file ends without a newline
compiling stm32f10x_it.c...
compiling i2c_self.c...
compiling usart1.c...
compiling CamCar_motor.c...
CamCar_motor.h(3): warning:  #1295-D: Deprecated declaration CamCar_Motor_Init - give arg types
CamCar_motor.h(5): warning:  #1295-D: Deprecated declaration CamCar_Motor_PWM_Init - give arg types
CamCar_motor.c(43): warning:  #1-D: last line of file ends without a newline
compiling adc.c...
compiling pwm_output.c...
compiling misc.c...
compiling stm32f10x_adc.c...
compiling stm32f10x_bkp.c...
compiling stm32f10x_can.c...
compiling stm32f10x_cec.c...
compiling stm32f10x_crc.c...
compiling stm32f10x_dac.c...
compiling stm32f10x_dbgmcu.c...
compiling stm32f10x_dma.c...
compiling stm32f10x_exti.c...
compiling stm32f10x_flash.c...
compiling stm32f10x_fsmc.c...
compiling stm32f10x_gpio.c...
compiling stm32f10x_i2c.c...
compiling stm32f10x_iwdg.c...
compiling stm32f10x_pwr.c...
compiling stm32f10x_rcc.c...
compiling stm32f10x_rtc.c...
compiling stm32f10x_sdio.c...
compiling stm32f10x_spi.c...
compiling stm32f10x_tim.c...
compiling stm32f10x_usart.c...
compiling stm32f10x_wwdg.c...
compiling core_cm3.c...
compiling system_stm32f10x.c...
linking...
Program Size: Code=13096 RO-data=336 RW-data=64 ZI-data=1024  
FromELF: creating hex file...
"..\Output\car_controller_infare_servo.axf" - 0 Errors, 11 Warning(s).
Rebuild target 'Target 1'
assembling startup_stm32f10x_hd.s...
compiling main.c...
CamCar_opcode.h(13): warning:  #1-D: last line of file ends without a newline
CamCar_motor.h(3): warning:  #1295-D: Deprecated declaration CamCar_Motor_Init - give arg types
CamCar_motor.h(5): warning:  #1295-D: Deprecated declaration CamCar_Motor_PWM_Init - give arg types
main.c(30): warning:  #1295-D: Deprecated declaration test_motor - give arg types
main.c(31): warning:  #1295-D: Deprecated declaration front_adc_clear - give arg types
main.c(32): warning:  #1295-D: Deprecated declaration back_adc_clear - give arg types
main.c(33): warning:  #1295-D: Deprecated declaration test_servo - give arg types
main.c(162): warning:  #1-D: last line of file ends without a newline
compiling stm32f10x_it.c...
compiling i2c_self.c...
compiling usart1.c...
compiling CamCar_motor.c...
CamCar_motor.h(3): warning:  #1295-D: Deprecated declaration CamCar_Motor_Init - give arg types
CamCar_motor.h(5): warning:  #1295-D: Deprecated declaration CamCar_Motor_PWM_Init - give arg types
CamCar_motor.c(43): warning:  #1-D: last line of file ends without a newline
compiling adc.c...
compiling pwm_output.c...
compiling misc.c...
compiling stm32f10x_adc.c...
compiling stm32f10x_bkp.c...
compiling stm32f10x_can.c...
compiling stm32f10x_cec.c...
compiling stm32f10x_crc.c...
compiling stm32f10x_dac.c...
compiling stm32f10x_dbgmcu.c...
compiling stm32f10x_dma.c...
compiling stm32f10x_exti.c...
compiling stm32f10x_flash.c...
compiling stm32f10x_fsmc.c...
compiling stm32f10x_gpio.c...
compiling stm32f10x_i2c.c...
compiling stm32f10x_iwdg.c...
compiling stm32f10x_pwr.c...
compiling stm32f10x_rcc.c...
compiling stm32f10x_rtc.c...
compiling stm32f10x_sdio.c...
compiling stm32f10x_spi.c...
compiling stm32f10x_tim.c...
compiling stm32f10x_usart.c...
compiling stm32f10x_wwdg.c...
compiling core_cm3.c...
compiling system_stm32f10x.c...
linking...
Program Size: Code=13096 RO-data=336 RW-data=64 ZI-data=1024  
FromELF: creating hex file...
"..\Output\car_controller_infare_servo.axf" - 0 Errors, 11 Warning(s).
Rebuild target 'Target 1'
assembling startup_stm32f10x_hd.s...
compiling main.c...
CamCar_opcode.h(13): warning:  #1-D: last line of file ends without a newline
CamCar_motor.h(3): warning:  #1295-D: Deprecated declaration CamCar_Motor_Init - give arg types
CamCar_motor.h(5): warning:  #1295-D: Deprecated declaration CamCar_Motor_PWM_Init - give arg types
main.c(30): warning:  #1295-D: Deprecated declaration test_motor - give arg types
main.c(31): warning:  #1295-D: Deprecated declaration front_adc_clear - give arg types
main.c(32): warning:  #1295-D: Deprecated declaration back_adc_clear - give arg types
main.c(33): warning:  #1295-D: Deprecated declaration test_servo - give arg types
main.c(162): warning:  #1-D: last line of file ends without a newline
compiling stm32f10x_it.c...
compiling i2c_self.c...
compiling usart1.c...
compiling CamCar_motor.c...
CamCar_motor.h(3): warning:  #1295-D: Deprecated declaration CamCar_Motor_Init - give arg types
CamCar_motor.h(5): warning:  #1295-D: Deprecated declaration CamCar_Motor_PWM_Init - give arg types
CamCar_motor.c(43): warning:  #1-D: last line of file ends without a newline
compiling adc.c...
compiling pwm_output.c...
compiling misc.c...
compiling stm32f10x_adc.c...
compiling stm32f10x_bkp.c...
compiling stm32f10x_can.c...
compiling stm32f10x_cec.c...
compiling stm32f10x_crc.c...
compiling stm32f10x_dac.c...
compiling stm32f10x_dbgmcu.c...
compiling stm32f10x_dma.c...
compiling stm32f10x_exti.c...
compiling stm32f10x_flash.c...
compiling stm32f10x_fsmc.c...
compiling stm32f10x_gpio.c...
compiling stm32f10x_i2c.c...
compiling stm32f10x_iwdg.c...
compiling stm32f10x_pwr.c...
compiling stm32f10x_rcc.c...
compiling stm32f10x_rtc.c...
compiling stm32f10x_sdio.c...
compiling stm32f10x_spi.c...
compiling stm32f10x_tim.c...
compiling stm32f10x_usart.c...
compiling stm32f10x_wwdg.c...
compiling core_cm3.c...
compiling system_stm32f10x.c...
linking...
Program Size: Code=13104 RO-data=336 RW-data=64 ZI-data=1024  
FromELF: creating hex file...
"..\Output\car_controller_infare_servo.axf" - 0 Errors, 11 Warning(s).
Rebuild target 'Target 1'
assembling startup_stm32f10x_hd.s...
compiling main.c...
CamCar_opcode.h(13): warning:  #1-D: last line of file ends without a newline
CamCar_motor.h(3): warning:  #1295-D: Deprecated declaration CamCar_Motor_Init - give arg types
CamCar_motor.h(5): warning:  #1295-D: Deprecated declaration CamCar_Motor_PWM_Init - give arg types
main.c(30): warning:  #1295-D: Deprecated declaration test_motor - give arg types
main.c(31): warning:  #1295-D: Deprecated declaration front_adc_clear - give arg types
main.c(32): warning:  #1295-D: Deprecated declaration back_adc_clear - give arg types
main.c(33): warning:  #1295-D: Deprecated declaration test_servo - give arg types
main.c(162): warning:  #1-D: last line of file ends without a newline
compiling stm32f10x_it.c...
compiling i2c_self.c...
compiling usart1.c...
compiling CamCar_motor.c...
CamCar_motor.h(3): warning:  #1295-D: Deprecated declaration CamCar_Motor_Init - give arg types
CamCar_motor.h(5): warning:  #1295-D: Deprecated declaration CamCar_Motor_PWM_Init - give arg types
CamCar_motor.c(43): warning:  #1-D: last line of file ends without a newline
compiling adc.c...
compiling pwm_output.c...
compiling misc.c...
compiling stm32f10x_adc.c...
compiling stm32f10x_bkp.c...
compiling stm32f10x_can.c...
compiling stm32f10x_cec.c...
compiling stm32f10x_crc.c...
compiling stm32f10x_dac.c...
compiling stm32f10x_dbgmcu.c...
compiling stm32f10x_dma.c...
compiling stm32f10x_exti.c...
compiling stm32f10x_flash.c...
compiling stm32f10x_fsmc.c...
compiling stm32f10x_gpio.c...
compiling stm32f10x_i2c.c...
compiling stm32f10x_iwdg.c...
compiling stm32f10x_pwr.c...
compiling stm32f10x_rcc.c...
compiling stm32f10x_rtc.c...
compiling stm32f10x_sdio.c...
compiling stm32f10x_spi.c...
compiling stm32f10x_tim.c...
compiling stm32f10x_usart.c...
compiling stm32f10x_wwdg.c...
compiling core_cm3.c...
compiling system_stm32f10x.c...
linking...
Program Size: Code=13104 RO-data=336 RW-data=64 ZI-data=1024  
FromELF: creating hex file...
"..\Output\car_controller_infare_servo.axf" - 0 Errors, 11 Warning(s).
Rebuild target 'Target 1'
assembling startup_stm32f10x_hd.s...
compiling main.c...
CamCar_opcode.h(13): warning:  #1-D: last line of file ends without a newline
CamCar_motor.h(3): warning:  #1295-D: Deprecated declaration CamCar_Motor_Init - give arg types
CamCar_motor.h(5): warning:  #1295-D: Deprecated declaration CamCar_Motor_PWM_Init - give arg types
main.c(30): warning:  #1295-D: Deprecated declaration test_motor - give arg types
main.c(31): warning:  #1295-D: Deprecated declaration front_adc_clear - give arg types
main.c(32): warning:  #1295-D: Deprecated declaration back_adc_clear - give arg types
main.c(33): warning:  #1295-D: Deprecated declaration test_servo - give arg types
main.c(162): warning:  #1-D: last line of file ends without a newline
compiling stm32f10x_it.c...
compiling i2c_self.c...
compiling usart1.c...
compiling CamCar_motor.c...
CamCar_motor.h(3): warning:  #1295-D: Deprecated declaration CamCar_Motor_Init - give arg types
CamCar_motor.h(5): warning:  #1295-D: Deprecated declaration CamCar_Motor_PWM_Init - give arg types
CamCar_motor.c(43): warning:  #1-D: last line of file ends without a newline
compiling adc.c...
compiling pwm_output.c...
compiling misc.c...
compiling stm32f10x_adc.c...
compiling stm32f10x_bkp.c...
compiling stm32f10x_can.c...
compiling stm32f10x_cec.c...
compiling stm32f10x_crc.c...
compiling stm32f10x_dac.c...
compiling stm32f10x_dbgmcu.c...
compiling stm32f10x_dma.c...
compiling stm32f10x_exti.c...
compiling stm32f10x_flash.c...
compiling stm32f10x_fsmc.c...
compiling stm32f10x_gpio.c...
compiling stm32f10x_i2c.c...
compiling stm32f10x_iwdg.c...
compiling stm32f10x_pwr.c...
compiling stm32f10x_rcc.c...
compiling stm32f10x_rtc.c...
compiling stm32f10x_sdio.c...
compiling stm32f10x_spi.c...
compiling stm32f10x_tim.c...
compiling stm32f10x_usart.c...
compiling stm32f10x_wwdg.c...
compiling core_cm3.c...
compiling system_stm32f10x.c...
linking...
Program Size: Code=13108 RO-data=336 RW-data=64 ZI-data=1024  
FromELF: creating hex file...
"..\Output\car_controller_infare_servo.axf" - 0 Errors, 11 Warning(s).
Rebuild target 'Target 1'
assembling startup_stm32f10x_hd.s...
compiling main.c...
CamCar_opcode.h(13): warning:  #1-D: last line of file ends without a newline
CamCar_motor.h(3): warning:  #1295-D: Deprecated declaration CamCar_Motor_Init - give arg types
CamCar_motor.h(5): warning:  #1295-D: Deprecated declaration CamCar_Motor_PWM_Init - give arg types
main.c(30): warning:  #1295-D: Deprecated declaration test_motor - give arg types
main.c(31): warning:  #1295-D: Deprecated declaration front_adc_clear - give arg types
main.c(32): warning:  #1295-D: Deprecated declaration back_adc_clear - give arg types
main.c(33): warning:  #1295-D: Deprecated declaration test_servo - give arg types
main.c(162): warning:  #1-D: last line of file ends without a newline
compiling stm32f10x_it.c...
compiling i2c_self.c...
compiling usart1.c...
compiling CamCar_motor.c...
CamCar_motor.h(3): warning:  #1295-D: Deprecated declaration CamCar_Motor_Init - give arg types
CamCar_motor.h(5): warning:  #1295-D: Deprecated declaration CamCar_Motor_PWM_Init - give arg types
CamCar_motor.c(43): warning:  #1-D: last line of file ends without a newline
compiling adc.c...
compiling pwm_output.c...
compiling misc.c...
compiling stm32f10x_adc.c...
compiling stm32f10x_bkp.c...
compiling stm32f10x_can.c...
compiling stm32f10x_cec.c...
compiling stm32f10x_crc.c...
compiling stm32f10x_dac.c...
compiling stm32f10x_dbgmcu.c...
compiling stm32f10x_dma.c...
compiling stm32f10x_exti.c...
compiling stm32f10x_flash.c...
compiling stm32f10x_fsmc.c...
compiling stm32f10x_gpio.c...
compiling stm32f10x_i2c.c...
compiling stm32f10x_iwdg.c...
compiling stm32f10x_pwr.c...
compiling stm32f10x_rcc.c...
compiling stm32f10x_rtc.c...
compiling stm32f10x_sdio.c...
compiling stm32f10x_spi.c...
compiling stm32f10x_tim.c...
compiling stm32f10x_usart.c...
compiling stm32f10x_wwdg.c...
compiling core_cm3.c...
compiling system_stm32f10x.c...
linking...
Program Size: Code=13112 RO-data=336 RW-data=64 ZI-data=1024  
FromELF: creating hex file...
"..\Output\car_controller_infare_servo.axf" - 0 Errors, 11 Warning(s).
Rebuild target 'Target 1'
assembling startup_stm32f10x_hd.s...
compiling main.c...
CamCar_opcode.h(13): warning:  #1-D: last line of file ends without a newline
CamCar_motor.h(3): warning:  #1295-D: Deprecated declaration CamCar_Motor_Init - give arg types
CamCar_motor.h(5): warning:  #1295-D: Deprecated declaration CamCar_Motor_PWM_Init - give arg types
main.c(30): warning:  #1295-D: Deprecated declaration test_motor - give arg types
main.c(31): warning:  #1295-D: Deprecated declaration front_adc_clear - give arg types
main.c(32): warning:  #1295-D: Deprecated declaration back_adc_clear - give arg types
main.c(33): warning:  #1295-D: Deprecated declaration test_servo - give arg types
main.c(162): warning:  #1-D: last line of file ends without a newline
compiling stm32f10x_it.c...
compiling i2c_self.c...
compiling usart1.c...
compiling CamCar_motor.c...
CamCar_motor.h(3): warning:  #1295-D: Deprecated declaration CamCar_Motor_Init - give arg types
CamCar_motor.h(5): warning:  #1295-D: Deprecated declaration CamCar_Motor_PWM_Init - give arg types
CamCar_motor.c(43): warning:  #1-D: last line of file ends without a newline
compiling adc.c...
compiling pwm_output.c...
compiling misc.c...
compiling stm32f10x_adc.c...
compiling stm32f10x_bkp.c...
compiling stm32f10x_can.c...
compiling stm32f10x_cec.c...
compiling stm32f10x_crc.c...
compiling stm32f10x_dac.c...
compiling stm32f10x_dbgmcu.c...
compiling stm32f10x_dma.c...
compiling stm32f10x_exti.c...
compiling stm32f10x_flash.c...
compiling stm32f10x_fsmc.c...
compiling stm32f10x_gpio.c...
compiling stm32f10x_i2c.c...
compiling stm32f10x_iwdg.c...
compiling stm32f10x_pwr.c...
compiling stm32f10x_rcc.c...
compiling stm32f10x_rtc.c...
compiling stm32f10x_sdio.c...
compiling stm32f10x_spi.c...
compiling stm32f10x_tim.c...
compiling stm32f10x_usart.c...
compiling stm32f10x_wwdg.c...
compiling core_cm3.c...
compiling system_stm32f10x.c...
linking...
Program Size: Code=13112 RO-data=336 RW-data=64 ZI-data=1024  
FromELF: creating hex file...
"..\Output\car_controller_infare_servo.axf" - 0 Errors, 11 Warning(s).
Rebuild target 'Target 1'
assembling startup_stm32f10x_hd.s...
compiling main.c...
CamCar_opcode.h(13): warning:  #1-D: last line of file ends without a newline
CamCar_motor.h(3): warning:  #1295-D: Deprecated declaration CamCar_Motor_Init - give arg types
CamCar_motor.h(5): warning:  #1295-D: Deprecated declaration CamCar_Motor_PWM_Init - give arg types
main.c(30): warning:  #1295-D: Deprecated declaration test_motor - give arg types
main.c(31): warning:  #1295-D: Deprecated declaration front_adc_clear - give arg types
main.c(32): warning:  #1295-D: Deprecated declaration back_adc_clear - give arg types
main.c(33): warning:  #1295-D: Deprecated declaration test_servo - give arg types
main.c(162): warning:  #1-D: last line of file ends without a newline
compiling stm32f10x_it.c...
compiling i2c_self.c...
compiling usart1.c...
compiling CamCar_motor.c...
CamCar_motor.h(3): warning:  #1295-D: Deprecated declaration CamCar_Motor_Init - give arg types
CamCar_motor.h(5): warning:  #1295-D: Deprecated declaration CamCar_Motor_PWM_Init - give arg types
CamCar_motor.c(43): warning:  #1-D: last line of file ends without a newline
compiling adc.c...
compiling pwm_output.c...
compiling misc.c...
compiling stm32f10x_adc.c...
compiling stm32f10x_bkp.c...
compiling stm32f10x_can.c...
compiling stm32f10x_cec.c...
compiling stm32f10x_crc.c...
compiling stm32f10x_dac.c...
compiling stm32f10x_dbgmcu.c...
compiling stm32f10x_dma.c...
compiling stm32f10x_exti.c...
compiling stm32f10x_flash.c...
compiling stm32f10x_fsmc.c...
compiling stm32f10x_gpio.c...
compiling stm32f10x_i2c.c...
compiling stm32f10x_iwdg.c...
compiling stm32f10x_pwr.c...
compiling stm32f10x_rcc.c...
compiling stm32f10x_rtc.c...
compiling stm32f10x_sdio.c...
compiling stm32f10x_spi.c...
compiling stm32f10x_tim.c...
compiling stm32f10x_usart.c...
compiling stm32f10x_wwdg.c...
compiling core_cm3.c...
compiling system_stm32f10x.c...
linking...
Program Size: Code=13112 RO-data=336 RW-data=64 ZI-data=1024  
FromELF: creating hex file...
"..\Output\car_controller_infare_servo.axf" - 0 Errors, 11 Warning(s).
Rebuild target 'Target 1'
assembling startup_stm32f10x_hd.s...
compiling main.c...
CamCar_opcode.h(13): warning:  #1-D: last line of file ends without a newline
CamCar_motor.h(3): warning:  #1295-D: Deprecated declaration CamCar_Motor_Init - give arg types
CamCar_motor.h(5): warning:  #1295-D: Deprecated declaration CamCar_Motor_PWM_Init - give arg types
main.c(30): warning:  #1295-D: Deprecated declaration test_motor - give arg types
main.c(31): warning:  #1295-D: Deprecated declaration front_adc_clear - give arg types
main.c(32): warning:  #1295-D: Deprecated declaration back_adc_clear - give arg types
main.c(33): warning:  #1295-D: Deprecated declaration test_servo - give arg types
main.c(162): warning:  #1-D: last line of file ends without a newline
compiling stm32f10x_it.c...
compiling i2c_self.c...
compiling usart1.c...
compiling CamCar_motor.c...
CamCar_motor.h(3): warning:  #1295-D: Deprecated declaration CamCar_Motor_Init - give arg types
CamCar_motor.h(5): warning:  #1295-D: Deprecated declaration CamCar_Motor_PWM_Init - give arg types
CamCar_motor.c(43): warning:  #1-D: last line of file ends without a newline
compiling adc.c...
compiling pwm_output.c...
compiling misc.c...
compiling stm32f10x_adc.c...
compiling stm32f10x_bkp.c...
compiling stm32f10x_can.c...
compiling stm32f10x_cec.c...
compiling stm32f10x_crc.c...
compiling stm32f10x_dac.c...
compiling stm32f10x_dbgmcu.c...
compiling stm32f10x_dma.c...
compiling stm32f10x_exti.c...
compiling stm32f10x_flash.c...
compiling stm32f10x_fsmc.c...
compiling stm32f10x_gpio.c...
compiling stm32f10x_i2c.c...
compiling stm32f10x_iwdg.c...
compiling stm32f10x_pwr.c...
compiling stm32f10x_rcc.c...
compiling stm32f10x_rtc.c...
compiling stm32f10x_sdio.c...
compiling stm32f10x_spi.c...
compiling stm32f10x_tim.c...
compiling stm32f10x_usart.c...
compiling stm32f10x_wwdg.c...
compiling core_cm3.c...
compiling system_stm32f10x.c...
linking...
Program Size: Code=13108 RO-data=336 RW-data=64 ZI-data=1024  
FromELF: creating hex file...
"..\Output\car_controller_infare_servo.axf" - 0 Errors, 11 Warning(s).
Build target 'Target 1'
compiling main.c...
CamCar_opcode.h(13): warning:  #1-D: last line of file ends without a newline
CamCar_motor.h(3): warning:  #1295-D: Deprecated declaration CamCar_Motor_Init - give arg types
CamCar_motor.h(5): warning:  #1295-D: Deprecated declaration CamCar_Motor_PWM_Init - give arg types
main.c(30): warning:  #1295-D: Deprecated declaration test_motor - give arg types
main.c(31): warning:  #1295-D: Deprecated declaration front_adc_clear - give arg types
main.c(32): warning:  #1295-D: Deprecated declaration back_adc_clear - give arg types
main.c(33): warning:  #1295-D: Deprecated declaration test_servo - give arg types
main.c(162): warning:  #1-D: last line of file ends without a newline
compiling pwm_output.c...
linking...
Program Size: Code=13104 RO-data=336 RW-data=64 ZI-data=1024  
FromELF: creating hex file...
"..\Output\car_controller_infare_servo.axf" - 0 Errors, 8 Warning(s).
Rebuild target 'Target 1'
assembling startup_stm32f10x_hd.s...
compiling main.c...
CamCar_opcode.h(13): warning:  #1-D: last line of file ends without a newline
CamCar_motor.h(3): warning:  #1295-D: Deprecated declaration CamCar_Motor_Init - give arg types
CamCar_motor.h(5): warning:  #1295-D: Deprecated declaration CamCar_Motor_PWM_Init - give arg types
main.c(30): warning:  #1295-D: Deprecated declaration test_motor - give arg types
main.c(31): warning:  #1295-D: Deprecated declaration front_adc_clear - give arg types
main.c(32): warning:  #1295-D: Deprecated declaration back_adc_clear - give arg types
main.c(33): warning:  #1295-D: Deprecated declaration test_servo - give arg types
main.c(162): warning:  #1-D: last line of file ends without a newline
compiling stm32f10x_it.c...
compiling i2c_self.c...
compiling usart1.c...
compiling CamCar_motor.c...
CamCar_motor.h(3): warning:  #1295-D: Deprecated declaration CamCar_Motor_Init - give arg types
CamCar_motor.h(5): warning:  #1295-D: Deprecated declaration CamCar_Motor_PWM_Init - give arg types
CamCar_motor.c(43): warning:  #1-D: last line of file ends without a newline
compiling adc.c...
compiling pwm_output.c...
compiling misc.c...
compiling stm32f10x_adc.c...
compiling stm32f10x_bkp.c...
compiling stm32f10x_can.c...
compiling stm32f10x_cec.c...
compiling stm32f10x_crc.c...
compiling stm32f10x_dac.c...
compiling stm32f10x_dbgmcu.c...
compiling stm32f10x_dma.c...
compiling stm32f10x_exti.c...
compiling stm32f10x_flash.c...
compiling stm32f10x_fsmc.c...
compiling stm32f10x_gpio.c...
compiling stm32f10x_i2c.c...
compiling stm32f10x_iwdg.c...
compiling stm32f10x_pwr.c...
compiling stm32f10x_rcc.c...
compiling stm32f10x_rtc.c...
compiling stm32f10x_sdio.c...
compiling stm32f10x_spi.c...
compiling stm32f10x_tim.c...
compiling stm32f10x_usart.c...
compiling stm32f10x_wwdg.c...
compiling core_cm3.c...
compiling system_stm32f10x.c...
linking...
Program Size: Code=13112 RO-data=336 RW-data=64 ZI-data=1024  
FromELF: creating hex file...
"..\Output\car_controller_infare_servo.axf" - 0 Errors, 11 Warning(s).
Rebuild target 'Target 1'
assembling startup_stm32f10x_hd.s...
compiling main.c...
CamCar_opcode.h(13): warning:  #1-D: last line of file ends without a newline
CamCar_motor.h(3): warning:  #1295-D: Deprecated declaration CamCar_Motor_Init - give arg types
CamCar_motor.h(5): warning:  #1295-D: Deprecated declaration CamCar_Motor_PWM_Init - give arg types
main.c(30): warning:  #1295-D: Deprecated declaration test_motor - give arg types
main.c(31): warning:  #1295-D: Deprecated declaration front_adc_clear - give arg types
main.c(32): warning:  #1295-D: Deprecated declaration back_adc_clear - give arg types
main.c(33): warning:  #1295-D: Deprecated declaration test_servo - give arg types
main.c(162): warning:  #1-D: last line of file ends without a newline
compiling stm32f10x_it.c...
compiling i2c_self.c...
compiling usart1.c...
compiling CamCar_motor.c...
CamCar_motor.h(3): warning:  #1295-D: Deprecated declaration CamCar_Motor_Init - give arg types
CamCar_motor.h(5): warning:  #1295-D: Deprecated declaration CamCar_Motor_PWM_Init - give arg types
CamCar_motor.c(43): warning:  #1-D: last line of file ends without a newline
compiling adc.c...
compiling pwm_output.c...
compiling misc.c...
compiling stm32f10x_adc.c...
compiling stm32f10x_bkp.c...
compiling stm32f10x_can.c...
compiling stm32f10x_cec.c...
compiling stm32f10x_crc.c...
compiling stm32f10x_dac.c...
compiling stm32f10x_dbgmcu.c...
compiling stm32f10x_dma.c...
compiling stm32f10x_exti.c...
compiling stm32f10x_flash.c...
compiling stm32f10x_fsmc.c...
compiling stm32f10x_gpio.c...
compiling stm32f10x_i2c.c...
compiling stm32f10x_iwdg.c...
compiling stm32f10x_pwr.c...
compiling stm32f10x_rcc.c...
compiling stm32f10x_rtc.c...
compiling stm32f10x_sdio.c...
compiling stm32f10x_spi.c...
compiling stm32f10x_tim.c...
compiling stm32f10x_usart.c...
compiling stm32f10x_wwdg.c...
compiling core_cm3.c...
compiling system_stm32f10x.c...
linking...
Program Size: Code=13112 RO-data=336 RW-data=64 ZI-data=1024  
FromELF: creating hex file...
"..\Output\car_controller_infare_servo.axf" - 0 Errors, 11 Warning(s).
Rebuild target 'Target 1'
assembling startup_stm32f10x_hd.s...
compiling main.c...
CamCar_opcode.h(13): warning:  #1-D: last line of file ends without a newline
CamCar_motor.h(3): warning:  #1295-D: Deprecated declaration CamCar_Motor_Init - give arg types
CamCar_motor.h(5): warning:  #1295-D: Deprecated declaration CamCar_Motor_PWM_Init - give arg types
main.c(30): warning:  #1295-D: Deprecated declaration test_motor - give arg types
main.c(31): warning:  #1295-D: Deprecated declaration front_adc_clear - give arg types
main.c(32): warning:  #1295-D: Deprecated declaration back_adc_clear - give arg types
main.c(33): warning:  #1295-D: Deprecated declaration test_servo - give arg types
main.c(162): warning:  #1-D: last line of file ends without a newline
compiling stm32f10x_it.c...
compiling i2c_self.c...
compiling usart1.c...
compiling CamCar_motor.c...
CamCar_motor.h(3): warning:  #1295-D: Deprecated declaration CamCar_Motor_Init - give arg types
CamCar_motor.h(5): warning:  #1295-D: Deprecated declaration CamCar_Motor_PWM_Init - give arg types
CamCar_motor.c(43): warning:  #1-D: last line of file ends without a newline
compiling adc.c...
compiling pwm_output.c...
compiling misc.c...
compiling stm32f10x_adc.c...
compiling stm32f10x_bkp.c...
compiling stm32f10x_can.c...
compiling stm32f10x_cec.c...
compiling stm32f10x_crc.c...
compiling stm32f10x_dac.c...
compiling stm32f10x_dbgmcu.c...
compiling stm32f10x_dma.c...
compiling stm32f10x_exti.c...
compiling stm32f10x_flash.c...
compiling stm32f10x_fsmc.c...
compiling stm32f10x_gpio.c...
compiling stm32f10x_i2c.c...
compiling stm32f10x_iwdg.c...
compiling stm32f10x_pwr.c...
compiling stm32f10x_rcc.c...
compiling stm32f10x_rtc.c...
compiling stm32f10x_sdio.c...
compiling stm32f10x_spi.c...
compiling stm32f10x_tim.c...
compiling stm32f10x_usart.c...
compiling stm32f10x_wwdg.c...
compiling core_cm3.c...
compiling system_stm32f10x.c...
linking...
Program Size: Code=13112 RO-data=336 RW-data=64 ZI-data=1024  
FromELF: creating hex file...
"..\Output\car_controller_infare_servo.axf" - 0 Errors, 11 Warning(s).
Rebuild target 'Target 1'
assembling startup_stm32f10x_hd.s...
compiling main.c...
CamCar_opcode.h(13): warning:  #1-D: last line of file ends without a newline
CamCar_motor.h(3): warning:  #1295-D: Deprecated declaration CamCar_Motor_Init - give arg types
CamCar_motor.h(5): warning:  #1295-D: Deprecated declaration CamCar_Motor_PWM_Init - give arg types
main.c(30): warning:  #1295-D: Deprecated declaration test_motor - give arg types
main.c(31): warning:  #1295-D: Deprecated declaration front_adc_clear - give arg types
main.c(32): warning:  #1295-D: Deprecated declaration back_adc_clear - give arg types
main.c(33): warning:  #1295-D: Deprecated declaration test_servo - give arg types
main.c(162): warning:  #1-D: last line of file ends without a newline
compiling stm32f10x_it.c...
compiling i2c_self.c...
compiling usart1.c...
compiling CamCar_motor.c...
CamCar_motor.h(3): warning:  #1295-D: Deprecated declaration CamCar_Motor_Init - give arg types
CamCar_motor.h(5): warning:  #1295-D: Deprecated declaration CamCar_Motor_PWM_Init - give arg types
CamCar_motor.c(43): warning:  #1-D: last line of file ends without a newline
compiling adc.c...
compiling pwm_output.c...
compiling misc.c...
compiling stm32f10x_adc.c...
compiling stm32f10x_bkp.c...
compiling stm32f10x_can.c...
compiling stm32f10x_cec.c...
compiling stm32f10x_crc.c...
compiling stm32f10x_dac.c...
compiling stm32f10x_dbgmcu.c...
compiling stm32f10x_dma.c...
compiling stm32f10x_exti.c...
compiling stm32f10x_flash.c...
compiling stm32f10x_fsmc.c...
compiling stm32f10x_gpio.c...
compiling stm32f10x_i2c.c...
compiling stm32f10x_iwdg.c...
compiling stm32f10x_pwr.c...
compiling stm32f10x_rcc.c...
compiling stm32f10x_rtc.c...
compiling stm32f10x_sdio.c...
compiling stm32f10x_spi.c...
compiling stm32f10x_tim.c...
compiling stm32f10x_usart.c...
compiling stm32f10x_wwdg.c...
compiling core_cm3.c...
compiling system_stm32f10x.c...
linking...
Program Size: Code=13100 RO-data=336 RW-data=64 ZI-data=1024  
FromELF: creating hex file...
"..\Output\car_controller_infare_servo.axf" - 0 Errors, 11 Warning(s).
Rebuild target 'Target 1'
assembling startup_stm32f10x_hd.s...
compiling main.c...
CamCar_opcode.h(13): warning:  #1-D: last line of file ends without a newline
CamCar_motor.h(3): warning:  #1295-D: Deprecated declaration CamCar_Motor_Init - give arg types
CamCar_motor.h(5): warning:  #1295-D: Deprecated declaration CamCar_Motor_PWM_Init - give arg types
main.c(30): warning:  #1295-D: Deprecated declaration test_motor - give arg types
main.c(31): warning:  #1295-D: Deprecated declaration front_adc_clear - give arg types
main.c(32): warning:  #1295-D: Deprecated declaration back_adc_clear - give arg types
main.c(33): warning:  #1295-D: Deprecated declaration test_servo - give arg types
main.c(162): warning:  #1-D: last line of file ends without a newline
compiling stm32f10x_it.c...
compiling i2c_self.c...
compiling usart1.c...
compiling CamCar_motor.c...
CamCar_motor.h(3): warning:  #1295-D: Deprecated declaration CamCar_Motor_Init - give arg types
CamCar_motor.h(5): warning:  #1295-D: Deprecated declaration CamCar_Motor_PWM_Init - give arg types
CamCar_motor.c(43): warning:  #1-D: last line of file ends without a newline
compiling adc.c...
compiling pwm_output.c...
compiling misc.c...
compiling stm32f10x_adc.c...
compiling stm32f10x_bkp.c...
compiling stm32f10x_can.c...
compiling stm32f10x_cec.c...
compiling stm32f10x_crc.c...
compiling stm32f10x_dac.c...
compiling stm32f10x_dbgmcu.c...
compiling stm32f10x_dma.c...
compiling stm32f10x_exti.c...
compiling stm32f10x_flash.c...
compiling stm32f10x_fsmc.c...
compiling stm32f10x_gpio.c...
compiling stm32f10x_i2c.c...
compiling stm32f10x_iwdg.c...
compiling stm32f10x_pwr.c...
compiling stm32f10x_rcc.c...
compiling stm32f10x_rtc.c...
compiling stm32f10x_sdio.c...
compiling stm32f10x_spi.c...
compiling stm32f10x_tim.c...
compiling stm32f10x_usart.c...
compiling stm32f10x_wwdg.c...
compiling core_cm3.c...
compiling system_stm32f10x.c...
linking...
Program Size: Code=13100 RO-data=336 RW-data=64 ZI-data=1024  
FromELF: creating hex file...
"..\Output\car_controller_infare_servo.axf" - 0 Errors, 11 Warning(s).
Rebuild target 'Target 1'
assembling startup_stm32f10x_hd.s...
compiling main.c...
CamCar_opcode.h(13): warning:  #1-D: last line of file ends without a newline
[...]
compiling adc.c...
compiling pwm_output.c...
compiling misc.c...
compiling stm32f10x_adc.c...
compiling stm32f10x_bkp.c...
compiling stm32f10x_can.c...
compiling stm32f10x_cec.c...
compiling stm32f10x_crc.c...
compiling stm32f10x_dac.c...
compiling stm32f10x_dbgmcu.c...
compiling stm32f10x_dma.c...
compiling stm32f10x_exti.c...
compiling stm32f10x_flash.c...
compiling stm32f10x_fsmc.c...
compiling stm32f10x_gpio.c...
compiling stm32f10x_i2c.c...
compiling stm32f10x_iwdg.c...
compiling stm32f10x_pwr.c...
compiling stm32f10x_rcc.c...
compiling stm32f10x_rtc.c...
compiling stm32f10x_sdio.c...
compiling stm32f10x_spi.c...
compiling stm32f10x_tim.c...
compiling stm32f10x_usart.c...
compiling stm32f10x_wwdg.c...
compiling core_cm3.c...
compiling system_stm32f10x.c...
linking...
Program Size: Code=13240 RO-data=336 RW-data=64 ZI-data=1024  
FromELF: creating hex file...
"..\Output\car_controller_infare_servo.axf" - 0 Errors, 11 Warning(s).
Rebuild target 'Target 1'
assembling startup_stm32f10x_hd.s...
compiling main.c...
CamCar_opcode.h(13): warning:  #1-D: last line of file ends without a newline
CamCar_motor.h(3): warning:  #1295-D: Deprecated declaration CamCar_Motor_Init - give arg types
CamCar_motor.h(5): warning:  #1295-D: Deprecated declaration CamCar_Motor_PWM_Init - give arg types
main.c(30): warning:  #1295-D: Deprecated declaration test_motor - give arg types
main.c(31): warning:  #1295-D: Deprecated declaration front_adc_clear - give arg types
main.c(32): warning:  #1295-D: Deprecated declaration back_adc_clear - give arg types
main.c(33): warning:  #1295-D: Deprecated declaration test_servo - give arg types
main.c(169): warning:  #1-D: last line of file ends without a newline
compiling stm32f10x_it.c...
compiling i2c_self.c...
compiling usart1.c...
compiling CamCar_motor.c...
CamCar_motor.h(3): warning:  #1295-D: Deprecated declaration CamCar_Motor_Init - give arg types
CamCar_motor.h(5): warning:  #1295-D: Deprecated declaration CamCar_Motor_PWM_Init - give arg types
CamCar_motor.c(43): warning:  #1-D: last line of file ends without a newline
compiling adc.c...
compiling pwm_output.c...
compiling misc.c...
compiling stm32f10x_adc.c...
compiling stm32f10x_bkp.c...
compiling stm32f10x_can.c...
compiling stm32f10x_cec.c...
compiling stm32f10x_crc.c...
compiling stm32f10x_dac.c...
compiling stm32f10x_dbgmcu.c...
compiling stm32f10x_dma.c...
compiling stm32f10x_exti.c...
compiling stm32f10x_flash.c...
compiling stm32f10x_fsmc.c...
compiling stm32f10x_gpio.c...
compiling stm32f10x_i2c.c...
compiling stm32f10x_iwdg.c...
compiling stm32f10x_pwr.c...
compiling stm32f10x_rcc.c...
compiling stm32f10x_rtc.c...
compiling stm32f10x_sdio.c...
compiling stm32f10x_spi.c...
compiling stm32f10x_tim.c...
compiling stm32f10x_usart.c...
compiling stm32f10x_wwdg.c...
compiling core_cm3.c...
compiling system_stm32f10x.c...
linking...
Program Size: Code=13240 RO-data=336 RW-data=64 ZI-data=1024  
FromELF: creating hex file...
"..\Output\car_controller_infare_servo.axf" - 0 Errors, 11 Warning(s).
Rebuild target 'Target 1'
assembling startup_stm32f10x_hd.s...
compiling main.c...
CamCar_opcode.h(13): warning:  #1-D: last line of file ends without a newline
CamCar_motor.h(3): warning:  #1295-D: Deprecated declaration CamCar_Motor_Init - give arg types
CamCar_motor.h(5): warning:  #1295-D: Deprecated declaration CamCar_Motor_PWM_Init - give arg types
main.c(30): warning:  #1295-D: Deprecated declaration test_motor - give arg types
main.c(31): warning:  #1295-D: Deprecated declaration front_adc_clear - give arg types
main.c(32): warning:  #1295-D: Deprecated declaration back_adc_clear - give arg types
main.c(33): warning:  #1295-D: Deprecated declaration test_servo - give arg types
main.c(169): warning:  #1-D: last line of file ends without a newline
compiling stm32f10x_it.c...
compiling i2c_self.c...
compiling usart1.c...
compiling CamCar_motor.c...
CamCar_motor.h(3): warning:  #1295-D: Deprecated declaration CamCar_Motor_Init - give arg types
CamCar_motor.h(5): warning:  #1295-D: Deprecated declaration CamCar_Motor_PWM_Init - give arg types
CamCar_motor.c(43): warning:  #1-D: last line of file ends without a newline
compiling adc.c...
compiling pwm_output.c...
compiling misc.c...
compiling stm32f10x_adc.c...
compiling stm32f10x_bkp.c...
compiling stm32f10x_can.c...
compiling stm32f10x_cec.c...
compiling stm32f10x_crc.c...
compiling stm32f10x_dac.c...
compiling stm32f10x_dbgmcu.c...
compiling stm32f10x_dma.c...
compiling stm32f10x_exti.c...
compiling stm32f10x_flash.c...
compiling stm32f10x_fsmc.c...
compiling stm32f10x_gpio.c...
compiling stm32f10x_i2c.c...
compiling stm32f10x_iwdg.c...
compiling stm32f10x_pwr.c...
compiling stm32f10x_rcc.c...
compiling stm32f10x_rtc.c...
compiling stm32f10x_sdio.c...
compiling stm32f10x_spi.c...
compiling stm32f10x_tim.c...
compiling stm32f10x_usart.c...
compiling stm32f10x_wwdg.c...
compiling core_cm3.c...
compiling system_stm32f10x.c...
linking...
Program Size: Code=13240 RO-data=336 RW-data=64 ZI-data=1024  
FromELF: creating hex file...
"..\Output\car_controller_infare_servo.axf" - 0 Errors, 11 Warning(s).
Rebuild target 'Target 1'
assembling startup_stm32f10x_hd.s...
compiling main.c...
CamCar_opcode.h(13): warning:  #1-D: last line of file ends without a newline
CamCar_motor.h(3): warning:  #1295-D: Deprecated declaration CamCar_Motor_Init - give arg types
CamCar_motor.h(5): warning:  #1295-D: Deprecated declaration CamCar_Motor_PWM_Init - give arg types
main.c(30): warning:  #1295-D: Deprecated declaration test_motor - give arg types
main.c(31): warning:  #1295-D: Deprecated declaration front_adc_clear - give arg types
main.c(32): warning:  #1295-D: Deprecated declaration back_adc_clear - give arg types
main.c(33): warning:  #1295-D: Deprecated declaration test_servo - give arg types
main.c(169): warning:  #1-D: last line of file ends without a newline
compiling stm32f10x_it.c...
compiling i2c_self.c...
compiling usart1.c...
compiling CamCar_motor.c...
CamCar_motor.h(3): warning:  #1295-D: Deprecated declaration CamCar_Motor_Init - give arg types
CamCar_motor.h(5): warning:  #1295-D: Deprecated declaration CamCar_Motor_PWM_Init - give arg types
CamCar_motor.c(43): warning:  #1-D: last line of file ends without a newline
compiling adc.c...
compiling pwm_output.c...
compiling misc.c...
compiling stm32f10x_adc.c...
compiling stm32f10x_bkp.c...
compiling stm32f10x_can.c...
compiling stm32f10x_cec.c...
compiling stm32f10x_crc.c...
compiling stm32f10x_dac.c...
compiling stm32f10x_dbgmcu.c...
compiling stm32f10x_dma.c...
compiling stm32f10x_exti.c...
compiling stm32f10x_flash.c...
compiling stm32f10x_fsmc.c...
compiling stm32f10x_gpio.c...
compiling stm32f10x_i2c.c...
compiling stm32f10x_iwdg.c...
compiling stm32f10x_pwr.c...
compiling stm32f10x_rcc.c...
compiling stm32f10x_rtc.c...
compiling stm32f10x_sdio.c...
compiling stm32f10x_spi.c...
compiling stm32f10x_tim.c...
compiling stm32f10x_usart.c...
compiling stm32f10x_wwdg.c...
compiling core_cm3.c...
compiling system_stm32f10x.c...
linking...
Program Size: Code=13240 RO-data=336 RW-data=64 ZI-data=1024  
FromELF: creating hex file...
"..\Output\car_controller_infare_servo.axf" - 0 Errors, 11 Warning(s).
Rebuild target 'Target 1'
assembling startup_stm32f10x_hd.s...
compiling main.c...
CamCar_opcode.h(13): warning:  #1-D: last line of file ends without a newline
CamCar_motor.h(3): warning:  #1295-D: Deprecated declaration CamCar_Motor_Init - give arg types
CamCar_motor.h(5): warning:  #1295-D: Deprecated declaration CamCar_Motor_PWM_Init - give arg types
main.c(30): warning:  #1295-D: Deprecated declaration test_motor - give arg types
main.c(31): warning:  #1295-D: Deprecated declaration front_adc_clear - give arg types
main.c(32): warning:  #1295-D: Deprecated declaration back_adc_clear - give arg types
main.c(33): warning:  #1295-D: Deprecated declaration test_servo - give arg types
main.c(169): warning:  #1-D: last line of file ends without a newline
compiling stm32f10x_it.c...
compiling i2c_self.c...
compiling usart1.c...
compiling CamCar_motor.c...
CamCar_motor.h(3): warning:  #1295-D: Deprecated declaration CamCar_Motor_Init - give arg types
CamCar_motor.h(5): warning:  #1295-D: Deprecated declaration CamCar_Motor_PWM_Init - give arg types
CamCar_motor.c(43): warning:  #1-D: last line of file ends without a newline
compiling adc.c...
compiling pwm_output.c...
compiling misc.c...
compiling stm32f10x_adc.c...
compiling stm32f10x_bkp.c...
compiling stm32f10x_can.c...
compiling stm32f10x_cec.c...
compiling stm32f10x_crc.c...
compiling stm32f10x_dac.c...
compiling stm32f10x_dbgmcu.c...
compiling stm32f10x_dma.c...
compiling stm32f10x_exti.c...
compiling stm32f10x_flash.c...
compiling stm32f10x_fsmc.c...
compiling stm32f10x_gpio.c...
compiling stm32f10x_i2c.c...
compiling stm32f10x_iwdg.c...
compiling stm32f10x_pwr.c...
compiling stm32f10x_rcc.c...
compiling stm32f10x_rtc.c...
compiling stm32f10x_sdio.c...
compiling stm32f10x_spi.c...
compiling stm32f10x_tim.c...
compiling stm32f10x_usart.c...
compiling stm32f10x_wwdg.c...
compiling core_cm3.c...
compiling system_stm32f10x.c...
linking...
Program Size: Code=13240 RO-data=336 RW-data=64 ZI-data=1024  
FromELF: creating hex file...
"..\Output\car_controller_infare_servo.axf" - 0 Errors, 11 Warning(s).
Rebuild target 'Target 1'
assembling startup_stm32f10x_hd.s...
compiling main.c...
CamCar_opcode.h(13): warning:  #1-D: last line of file ends without a newline
CamCar_motor.h(3): warning:  #1295-D: Deprecated declaration CamCar_Motor_Init - give arg types
CamCar_motor.h(5): warning:  #1295-D: Deprecated declaration CamCar_Motor_PWM_Init - give arg types
main.c(30): warning:  #1295-D: Deprecated declaration test_motor - give arg types
main.c(31): warning:  #1295-D: Deprecated declaration front_adc_clear - give arg types
main.c(32): warning:  #1295-D: Deprecated declaration back_adc_clear - give arg types
main.c(33): warning:  #1295-D: Deprecated declaration test_servo - give arg types
main.c(169): warning:  #1-D: last line of file ends without a newline
compiling stm32f10x_it.c...
compiling i2c_self.c...
compiling usart1.c...
compiling CamCar_motor.c...
CamCar_motor.h(3): warning:  #1295-D: Deprecated declaration CamCar_Motor_Init - give arg types
CamCar_motor.h(5): warning:  #1295-D: Deprecated declaration CamCar_Motor_PWM_Init - give arg types
CamCar_motor.c(43): warning:  #1-D: last line of file ends without a newline
compiling adc.c...
compiling pwm_output.c...
compiling misc.c...
compiling stm32f10x_adc.c...
compiling stm32f10x_bkp.c...
compiling stm32f10x_can.c...
compiling stm32f10x_cec.c...
compiling stm32f10x_crc.c...
compiling stm32f10x_dac.c...
compiling stm32f10x_dbgmcu.c...
compiling stm32f10x_dma.c...
compiling stm32f10x_exti.c...
compiling stm32f10x_flash.c...
compiling stm32f10x_fsmc.c...
compiling stm32f10x_gpio.c...
compiling stm32f10x_i2c.c...
compiling stm32f10x_iwdg.c...
compiling stm32f10x_pwr.c...
compiling stm32f10x_rcc.c...
compiling stm32f10x_rtc.c...
compiling stm32f10x_sdio.c...
compiling stm32f10x_spi.c...
compiling stm32f10x_tim.c...
compiling stm32f10x_usart.c...
compiling stm32f10x_wwdg.c...
compiling core_cm3.c...
compiling system_stm32f10x.c...
linking...
Program Size: Code=13240 RO-data=336 RW-data=64 ZI-data=1024  
FromELF: creating hex file...
"..\Output\car_controller_infare_servo.axf" - 0 Errors, 11 Warning(s).
Rebuild target 'Target 1'
assembling startup_stm32f10x_hd.s...
compiling main.c...
CamCar_opcode.h(13): warning:  #1-D: last line of file ends without a newline
CamCar_motor.h(3): warning:  #1295-D: Deprecated declaration CamCar_Motor_Init - give arg types
CamCar_motor.h(5): warning:  #1295-D: Deprecated declaration CamCar_Motor_PWM_Init - give arg types
main.c(30): warning:  #1295-D: Deprecated declaration test_motor - give arg types
main.c(31): warning:  #1295-D: Deprecated declaration front_adc_clear - give arg types
main.c(32): warning:  #1295-D: Deprecated declaration back_adc_clear - give arg types
main.c(33): warning:  #1295-D: Deprecated declaration test_servo - give arg types
main.c(169): warning:  #1-D: last line of file ends without a newline
compiling stm32f10x_it.c...
compiling i2c_self.c...
compiling usart1.c...
compiling CamCar_motor.c...
CamCar_motor.h(3): warning:  #1295-D: Deprecated declaration CamCar_Motor_Init - give arg types
CamCar_motor.h(5): warning:  #1295-D: Deprecated declaration CamCar_Motor_PWM_Init - give arg types
CamCar_motor.c(43): warning:  #1-D: last line of file ends without a newline
compiling adc.c...
compiling pwm_output.c...
compiling misc.c...
compiling stm32f10x_adc.c...
compiling stm32f10x_bkp.c...
compiling stm32f10x_can.c...
compiling stm32f10x_cec.c...
compiling stm32f10x_crc.c...
compiling stm32f10x_dac.c...
compiling stm32f10x_dbgmcu.c...
compiling stm32f10x_dma.c...
compiling stm32f10x_exti.c...
compiling stm32f10x_flash.c...
compiling stm32f10x_fsmc.c...
compiling stm32f10x_gpio.c...
compiling stm32f10x_i2c.c...
compiling stm32f10x_iwdg.c...
compiling stm32f10x_pwr.c...
compiling stm32f10x_rcc.c...
compiling stm32f10x_rtc.c...
compiling stm32f10x_sdio.c...
compiling stm32f10x_spi.c...
compiling stm32f10x_tim.c...
compiling stm32f10x_usart.c...
compiling stm32f10x_wwdg.c...
compiling core_cm3.c...
compiling system_stm32f10x.c...
linking...
Program Size: Code=13240 RO-data=336 RW-data=64 ZI-data=1024  
FromELF: creating hex file...
"..\Output\car_controller_infare_servo.axf" - 0 Errors, 11 Warning(s).
Rebuild target 'Target 1'
assembling startup_stm32f10x_hd.s...
compiling main.c...
CamCar_opcode.h(13): warning:  #1-D: last line of file ends without a newline
CamCar_motor.h(3): warning:  #1295-D: Deprecated declaration CamCar_Motor_Init - give arg types
CamCar_motor.h(5): warning:  #1295-D: Deprecated declaration CamCar_Motor_PWM_Init - give arg types
main.c(30): warning:  #1295-D: Deprecated declaration test_motor - give arg types
main.c(31): warning:  #1295-D: Deprecated declaration front_adc_clear - give arg types
main.c(32): warning:  #1295-D: Deprecated declaration back_adc_clear - give arg types
main.c(33): warning:  #1295-D: Deprecated declaration test_servo - give arg types
main.c(173): warning:  #1-D: last line of file ends without a newline
main.c(150): warning:  #177-D: variable "i" was declared but never referenced
compiling stm32f10x_it.c...
compiling i2c_self.c...
compiling usart1.c...
compiling CamCar_motor.c...
CamCar_motor.h(3): warning:  #1295-D: Deprecated declaration CamCar_Motor_Init - give arg types
CamCar_motor.h(5): warning:  #1295-D: Deprecated declaration CamCar_Motor_PWM_Init - give arg types
CamCar_motor.c(43): warning:  #1-D: last line of file ends without a newline
compiling adc.c...
compiling pwm_output.c...
compiling misc.c...
compiling stm32f10x_adc.c...
compiling stm32f10x_bkp.c...
compiling stm32f10x_can.c...
compiling stm32f10x_cec.c...
compiling stm32f10x_crc.c...
compiling stm32f10x_dac.c...
compiling stm32f10x_dbgmcu.c...
compiling stm32f10x_dma.c...
compiling stm32f10x_exti.c...
compiling stm32f10x_flash.c...
compiling stm32f10x_fsmc.c...
compiling stm32f10x_gpio.c...
compiling stm32f10x_i2c.c...
compiling stm32f10x_iwdg.c...
compiling stm32f10x_pwr.c...
compiling stm32f10x_rcc.c...
compiling stm32f10x_rtc.c...
compiling stm32f10x_sdio.c...
compiling stm32f10x_spi.c...
compiling stm32f10x_tim.c...
compiling stm32f10x_usart.c...
compiling stm32f10x_wwdg.c...
compiling core_cm3.c...
compiling system_stm32f10x.c...
linking...
Program Size: Code=13016 RO-data=336 RW-data=64 ZI-data=1024  
FromELF: creating hex file...
"..\Output\car_controller_infare_servo.axf" - 0 Errors, 12 Warning(s).
Rebuild target 'Target 1'
assembling startup_stm32f10x_hd.s...
compiling main.c...
CamCar_opcode.h(13): warning:  #1-D: last line of file ends without a newline
CamCar_motor.h(3): warning:  #1295-D: Deprecated declaration CamCar_Motor_Init - give arg types
CamCar_motor.h(5): warning:  #1295-D: Deprecated declaration CamCar_Motor_PWM_Init - give arg types
main.c(30): warning:  #1295-D: Deprecated declaration test_motor - give arg types
main.c(31): warning:  #1295-D: Deprecated declaration front_adc_clear - give arg types
main.c(32): warning:  #1295-D: Deprecated declaration back_adc_clear - give arg types
main.c(33): warning:  #1295-D: Deprecated declaration test_servo - give arg types
main.c(173): warning:  #1-D: last line of file ends without a newline
main.c(150): warning:  #177-D: variable "i" was declared but never referenced
compiling stm32f10x_it.c...
compiling i2c_self.c...
compiling usart1.c...
compiling CamCar_motor.c...
CamCar_motor.h(3): warning:  #1295-D: Deprecated declaration CamCar_Motor_Init - give arg types
CamCar_motor.h(5): warning:  #1295-D: Deprecated declaration CamCar_Motor_PWM_Init - give arg types
CamCar_motor.c(43): warning:  #1-D: last line of file ends without a newline
compiling adc.c...
compiling pwm_output.c...
compiling misc.c...
compiling stm32f10x_adc.c...
compiling stm32f10x_bkp.c...
compiling stm32f10x_can.c...
compiling stm32f10x_cec.c...
compiling stm32f10x_crc.c...
compiling stm32f10x_dac.c...
compiling stm32f10x_dbgmcu.c...
compiling stm32f10x_dma.c...
compiling stm32f10x_exti.c...
compiling stm32f10x_flash.c...
compiling stm32f10x_fsmc.c...
compiling stm32f10x_gpio.c...
compiling stm32f10x_i2c.c...
compiling stm32f10x_iwdg.c...
compiling stm32f10x_pwr.c...
compiling stm32f10x_rcc.c...
compiling stm32f10x_rtc.c...
compiling stm32f10x_sdio.c...
compiling stm32f10x_spi.c...
compiling stm32f10x_tim.c...
compiling stm32f10x_usart.c...
compiling stm32f10x_wwdg.c...
compiling core_cm3.c...
compiling system_stm32f10x.c...
linking...
Program Size: Code=13016 RO-data=336 RW-data=64 ZI-data=1024  
FromELF: creating hex file...
"..\Output\car_controller_infare_servo.axf" - 0 Errors, 12 Warning(s).
Rebuild target 'Target 1'
assembling startup_stm32f10x_hd.s...
compiling main.c...
CamCar_opcode.h(13): warning:  #1-D: last line of file ends without a newline
CamCar_motor.h(3): warning:  #1295-D: Deprecated declaration CamCar_Motor_Init - give arg types
CamCar_motor.h(5): warning:  #1295-D: Deprecated declaration CamCar_Motor_PWM_Init - give arg types
main.c(30): warning:  #1295-D: Deprecated declaration test_motor - give arg types
main.c(31): warning:  #1295-D: Deprecated declaration front_adc_clear - give arg types
main.c(32): warning:  #1295-D: Deprecated declaration back_adc_clear - give arg types
main.c(33): warning:  #1295-D: Deprecated declaration test_servo - give arg types
main.c(174): warning:  #1-D: last line of file ends without a newline
main.c(150): warning:  #177-D: variable "i" was declared but never referenced
compiling stm32f10x_it.c...
compiling i2c_self.c...
compiling usart1.c...
compiling CamCar_motor.c...
CamCar_motor.h(3): warning:  #1295-D: Deprecated declaration CamCar_Motor_Init - give arg types
CamCar_motor.h(5): warning:  #1295-D: Deprecated declaration CamCar_Motor_PWM_Init - give arg types
CamCar_motor.c(43): warning:  #1-D: last line of file ends without a newline
compiling adc.c...
compiling pwm_output.c...
compiling misc.c...
compiling stm32f10x_adc.c...
compiling stm32f10x_bkp.c...
compiling stm32f10x_can.c...
compiling stm32f10x_cec.c...
compiling stm32f10x_crc.c...
compiling stm32f10x_dac.c...
compiling stm32f10x_dbgmcu.c...
compiling stm32f10x_dma.c...
compiling stm32f10x_exti.c...
compiling stm32f10x_flash.c...
compiling stm32f10x_fsmc.c...
compiling stm32f10x_gpio.c...
compiling stm32f10x_i2c.c...
compiling stm32f10x_iwdg.c...
compiling stm32f10x_pwr.c...
compiling stm32f10x_rcc.c...
compiling stm32f10x_rtc.c...
compiling stm32f10x_sdio.c...
compiling stm32f10x_spi.c...
compiling stm32f10x_tim.c...
compiling stm32f10x_usart.c...
compiling stm32f10x_wwdg.c...
compiling core_cm3.c...
compiling system_stm32f10x.c...
linking...
Program Size: Code=13024 RO-data=336 RW-data=64 ZI-data=1024  
FromELF: creating hex file...
"..\Output\car_controller_infare_servo.axf" - 0 Errors, 12 Warning(s).
