<html>
<body>
<pre>
<h1>µVision Build Log</h1>
<h2>Project:</h2>
G:\developing_project\camera car\stm32\controller_test\controller_test.uvproj
Project File Date:  11/26/2016

<h2>Output:</h2>
Rebuild target 'Target 1'
assembling startup_stm32f10x_hd.s...
compiling main.c...
compiling stm32f10x_it.c...
compiling usart1.c...
compiling misc.c...
compiling stm32f10x_adc.c...
compiling stm32f10x_bkp.c...
compiling stm32f10x_can.c...
compiling stm32f10x_crc.c...
compiling stm32f10x_dac.c...
compiling stm32f10x_dbgmcu.c...
compiling stm32f10x_dma.c...
compiling stm32f10x_exti.c...
compiling stm32f10x_flash.c...
compiling stm32f10x_fsmc.c...
compiling stm32f10x_gpio.c...
compiling stm32f10x_i2c.c...
compiling stm32f10x_iwdg.c...
compiling stm32f10x_pwr.c...
compiling stm32f10x_rcc.c...
compiling stm32f10x_rtc.c...
compiling stm32f10x_sdio.c...
compiling stm32f10x_spi.c...
compiling stm32f10x_tim.c...
compiling stm32f10x_usart.c...
compiling stm32f10x_wwdg.c...
compiling core_cm3.c...
compiling system_stm32f10x.c...
linking...
Program Size: Code=6076 RO-data=348 RW-data=32 ZI-data=864  
FromELF: creating hex file...
".\Output\controller_test.axf" - 0 Errors, 0 Warning(s).
Rebuild target 'Target 1'
assembling startup_stm32f10x_hd.s...
compiling main.c...
compiling stm32f10x_it.c...
compiling usart1.c...
compiling misc.c...
compiling stm32f10x_adc.c...
compiling stm32f10x_bkp.c...
compiling stm32f10x_can.c...
compiling stm32f10x_crc.c...
compiling stm32f10x_dac.c...
compiling stm32f10x_dbgmcu.c...
compiling stm32f10x_dma.c...
compiling stm32f10x_exti.c...
compiling stm32f10x_flash.c...
compiling stm32f10x_fsmc.c...
compiling stm32f10x_gpio.c...
compiling stm32f10x_i2c.c...
compiling stm32f10x_iwdg.c...
compiling stm32f10x_pwr.c...
compiling stm32f10x_rcc.c...
compiling stm32f10x_rtc.c...
compiling stm32f10x_sdio.c...
compiling stm32f10x_spi.c...
compiling stm32f10x_tim.c...
compiling stm32f10x_usart.c...
compiling stm32f10x_wwdg.c...
compiling core_cm3.c...
compiling system_stm32f10x.c...
linking...
Program Size: Code=6060 RO-data=348 RW-data=32 ZI-data=864  
FromELF: creating hex file...
".\Output\controller_test.axf" - 0 Errors, 0 Warning(s).
Rebuild target 'Target 1'
assembling startup_stm32f10x_hd.s...
compiling main.c...
compiling stm32f10x_it.c...
compiling usart1.c...
compiling misc.c...
compiling stm32f10x_adc.c...
compiling stm32f10x_bkp.c...
compiling stm32f10x_can.c...
compiling stm32f10x_crc.c...
compiling stm32f10x_dac.c...
compiling stm32f10x_dbgmcu.c...
compiling stm32f10x_dma.c...
compiling stm32f10x_exti.c...
compiling stm32f10x_flash.c...
compiling stm32f10x_fsmc.c...
compiling stm32f10x_gpio.c...
compiling stm32f10x_i2c.c...
compiling stm32f10x_iwdg.c...
compiling stm32f10x_pwr.c...
compiling stm32f10x_rcc.c...
compiling stm32f10x_rtc.c...
compiling stm32f10x_sdio.c...
compiling stm32f10x_spi.c...
compiling stm32f10x_tim.c...
compiling stm32f10x_usart.c...
compiling stm32f10x_wwdg.c...
compiling core_cm3.c...
compiling system_stm32f10x.c...
linking...
Program Size: Code=6060 RO-data=348 RW-data=32 ZI-data=864  
FromELF: creating hex file...
".\Output\controller_test.axf" - 0 Errors, 0 Warning(s).
