<html>
<body>
<pre>
<h1>µVision Build Log</h1>
<h2>Project:</h2>
G:\developing_project\camera car\stm32\controller_test\controller_test.uvproj
Project File Date:  11/26/2016

<h2>Output:</h2>
Rebuild target 'Target 1'
assembling startup_stm32f10x_hd.s...
compiling main.c...
USER\main.c(8): warning:  #1-D: last line of file ends without a newline
compiling stm32f10x_it.c...
compiling usart1.c...
USER\usart1.c(27): error:  #20: identifier "GPIO_InitTypeDef" is undefined
USER\usart1.c(28): error:  #20: identifier "USART_InitTypeDef" is undefined
USER\usart1.c(31): warning:  #223-D: function "RCC_APB2PeriphClockCmd" declared implicitly
USER\usart1.c(31): error:  #20: identifier "RCC_APB2Periph_USART1" is undefined
USER\usart1.c(31): error:  #20: identifier "RCC_APB2Periph_GPIOA" is undefined
USER\usart1.c(35): error:  #20: identifier "GPIO_Pin_9" is undefined
USER\usart1.c(36): error:  #20: identifier "GPIO_Mode_AF_PP" is undefined
USER\usart1.c(37): error:  #20: identifier "GPIO_Speed_50MHz" is undefined
USER\usart1.c(38): warning:  #223-D: function "GPIO_Init" declared implicitly
USER\usart1.c(40): error:  #20: identifier "GPIO_Pin_10" is undefined
USER\usart1.c(41): error:  #20: identifier "GPIO_Mode_IN_FLOATING" is undefined
USER\usart1.c(46): error:  #20: identifier "USART_WordLength_8b" is undefined
USER\usart1.c(47): error:  #20: identifier "USART_StopBits_1" is undefined
USER\usart1.c(48): error:  #20: identifier "USART_Parity_No" is undefined
USER\usart1.c(49): error:  #20: identifier "USART_HardwareFlowControl_None" is undefined
USER\usart1.c(50): error:  #20: identifier "USART_Mode_Rx" is undefined
USER\usart1.c(50): error:  #20: identifier "USART_Mode_Tx" is undefined
USER\usart1.c(51): warning:  #223-D: function "USART_Init" declared implicitly
USER\usart1.c(52): warning:  #223-D: function "USART_Cmd" declared implicitly
USER\usart1.c(65): warning:  #223-D: function "USART_SendData" declared implicitly
USER\usart1.c(67): warning:  #223-D: function "USART_GetFlagStatus" declared implicitly
USER\usart1.c(67): error:  #20: identifier "USART_FLAG_TC" is undefined
USER\usart1.c(159): warning:  #223-D: function "USART_SendData" declared implicitly
USER\usart1.c(181): warning:  #223-D: function "USART_SendData" declared implicitly
USER\usart1.c(182): warning:  #223-D: function "USART_GetFlagStatus" declared implicitly
USER\usart1.c(182): error:  #20: identifier "USART_FLAG_TC" is undefined
USER\usart1.c(192): warning:  #223-D: function "USART_SendData" declared implicitly
USER\usart1.c(193): warning:  #223-D: function "USART_GetFlagStatus" declared implicitly
USER\usart1.c(193): error:  #20: identifier "USART_FLAG_TC" is undefined
USER\usart1.c(202): warning:  #223-D: function "USART_SendData" declared implicitly
USER\usart1.c(203): warning:  #223-D: function "USART_GetFlagStatus" declared implicitly
USER\usart1.c(203): error:  #20: identifier "USART_FLAG_TC" is undefined
compiling misc.c...
FWlib\src\misc.c(98): warning:  #223-D: function "assert_param" declared implicitly
FWlib\src\misc.c(117): warning:  #223-D: function "assert_param" declared implicitly
FWlib\src\misc.c(160): warning:  #223-D: function "assert_param" declared implicitly
FWlib\src\misc.c(181): warning:  #223-D: function "assert_param" declared implicitly
FWlib\src\misc.c(207): warning:  #223-D: function "assert_param" declared implicitly
compiling stm32f10x_adc.c...
FWlib\src\stm32f10x_adc.c(182): warning:  #223-D: function "assert_param" declared implicitly
FWlib\src\stm32f10x_adc.c(224): warning:  #223-D: function "assert_param" declared implicitly
FWlib\src\stm32f10x_adc.c(301): warning:  #223-D: function "assert_param" declared implicitly
FWlib\src\stm32f10x_adc.c(326): warning:  #223-D: function "assert_param" declared implicitly
FWlib\src\stm32f10x_adc.c(357): warning:  #223-D: function "assert_param" declared implicitly
FWlib\src\stm32f10x_adc.c(382): warning:  #223-D: function "assert_param" declared implicitly
FWlib\src\stm32f10x_adc.c(396): warning:  #223-D: function "assert_param" declared implicitly
FWlib\src\stm32f10x_adc.c(420): warning:  #223-D: function "assert_param" declared implicitly
FWlib\src\stm32f10x_adc.c(434): warning:  #223-D: function "assert_param" declared implicitly
FWlib\src\stm32f10x_adc.c(460): warning:  #223-D: function "assert_param" declared implicitly
FWlib\src\stm32f10x_adc.c(485): warning:  #223-D: function "assert_param" declared implicitly
FWlib\src\stm32f10x_adc.c(514): warning:  #223-D: function "assert_param" declared implicitly
FWlib\src\stm32f10x_adc.c(539): warning:  #223-D: function "assert_param" declared implicitly
FWlib\src\stm32f10x_adc.c(596): warning:  #223-D: function "assert_param" declared implicitly
FWlib\src\stm32f10x_adc.c(692): warning:  #223-D: function "assert_param" declared implicitly
FWlib\src\stm32f10x_adc.c(714): warning:  #223-D: function "assert_param" declared implicitly
FWlib\src\stm32f10x_adc.c(741): warning:  #223-D: function "assert_param" declared implicitly
FWlib\src\stm32f10x_adc.c(767): warning:  #223-D: function "assert_param" declared implicitly
FWlib\src\stm32f10x_adc.c(821): warning:  #223-D: function "assert_param" declared implicitly
FWlib\src\stm32f10x_adc.c(845): warning:  #223-D: function "assert_param" declared implicitly
FWlib\src\stm32f10x_adc.c(871): warning:  #223-D: function "assert_param" declared implicitly
FWlib\src\stm32f10x_adc.c(896): warning:  #223-D: function "assert_param" declared implicitly
FWlib\src\stm32f10x_adc.c(955): warning:  #223-D: function "assert_param" declared implicitly
FWlib\src\stm32f10x_adc.c(1019): warning:  #223-D: function "assert_param" declared implicitly
FWlib\src\stm32f10x_adc.c(1050): warning:  #223-D: function "assert_param" declared implicitly
FWlib\src\stm32f10x_adc.c(1071): warning:  #223-D: function "assert_param" declared implicitly
FWlib\src\stm32f10x_adc.c(1103): warning:  #223-D: function "assert_param" declared implicitly
FWlib\src\stm32f10x_adc.c(1128): warning:  #223-D: function "assert_param" declared implicitly
FWlib\src\stm32f10x_adc.c(1167): warning:  #223-D: function "assert_param" declared implicitly
FWlib\src\stm32f10x_adc.c(1188): warning:  #223-D: function "assert_param" declared implicitly
FWlib\src\stm32f10x_adc.c(1217): warning:  #223-D: function "assert_param" declared implicitly
FWlib\src\stm32f10x_adc.c(1249): warning:  #223-D: function "assert_param" declared implicitly
FWlib\src\stm32f10x_adc.c(1270): warning:  #223-D: function "assert_param" declared implicitly
FWlib\src\stm32f10x_adc.c(1305): warning:  #223-D: function "assert_param" declared implicitly
compiling stm32f10x_bkp.c...
FWlib\src\stm32f10x_bkp.c(141): warning:  #223-D: function "assert_param" declared implicitly
FWlib\src\stm32f10x_bkp.c(154): warning:  #223-D: function "assert_param" declared implicitly
FWlib\src\stm32f10x_bkp.c(167): warning:  #223-D: function "assert_param" declared implicitly
FWlib\src\stm32f10x_bkp.c(188): warning:  #223-D: function "assert_param" declared implicitly
FWlib\src\stm32f10x_bkp.c(209): warning:  #223-D: function "assert_param" declared implicitly
FWlib\src\stm32f10x_bkp.c(229): warning:  #223-D: function "assert_param" declared implicitly
FWlib\src\stm32f10x_bkp.c(242): warning:  #223-D: function "assert_param" declared implicitly
compiling stm32f10x_can.c...
FWlib\src\stm32f10x_can.c(147): warning:  #223-D: function "assert_param" declared implicitly
FWlib\src\stm32f10x_can.c(176): warning:  #223-D: function "assert_param" declared implicitly
FWlib\src\stm32f10x_can.c(295): warning:  #223-D: function "assert_param" declared implicitly
FWlib\src\stm32f10x_can.c(417): warning:  #223-D: function "assert_param" declared implicitly
FWlib\src\stm32f10x_can.c(444): warning:  #223-D: function "assert_param" declared implicitly
FWlib\src\stm32f10x_can.c(513): warning:  #223-D: function "assert_param" declared implicitly
FWlib\src\stm32f10x_can.c(560): warning:  #223-D: function "assert_param" declared implicitly
FWlib\src\stm32f10x_can.c(585): warning:  #223-D: function "assert_param" declared implicitly
FWlib\src\stm32f10x_can.c(609): warning:  #223-D: function "assert_param" declared implicitly
FWlib\src\stm32f10x_can.c(637): warning:  #223-D: function "assert_param" declared implicitly
FWlib\src\stm32f10x_can.c(678): warning:  #223-D: function "assert_param" declared implicitly
FWlib\src\stm32f10x_can.c(702): warning:  #223-D: function "assert_param" declared implicitly
FWlib\src\stm32f10x_can.c(729): warning:  #223-D: function "assert_param" declared implicitly
FWlib\src\stm32f10x_can.c(760): warning:  #223-D: function "assert_param" declared implicitly
FWlib\src\stm32f10x_can.c(786): warning:  #223-D: function "assert_param" declared implicitly
FWlib\src\stm32f10x_can.c(807): warning:  #223-D: function "assert_param" declared implicitly
FWlib\src\stm32f10x_can.c(864): warning:  #223-D: function "assert_param" declared implicitly
compiling stm32f10x_crc.c...
compiling stm32f10x_dac.c...
FWlib\src\stm32f10x_dac.c(131): warning:  #223-D: function "assert_param" declared implicitly
FWlib\src\stm32f10x_dac.c(186): warning:  #223-D: function "assert_param" declared implicitly
FWlib\src\stm32f10x_dac.c(213): warning:  #223-D: function "assert_param" declared implicitly
FWlib\src\stm32f10x_dac.c(240): warning:  #223-D: function "assert_param" declared implicitly
FWlib\src\stm32f10x_dac.c(264): warning:  #223-D: function "assert_param" declared implicitly
FWlib\src\stm32f10x_dac.c(294): warning:  #223-D: function "assert_param" declared implicitly
FWlib\src\stm32f10x_dac.c(323): warning:  #223-D: function "assert_param" declared implicitly
FWlib\src\stm32f10x_dac.c(343): warning:  #223-D: function "assert_param" declared implicitly
FWlib\src\stm32f10x_dac.c(367): warning:  #223-D: function "assert_param" declared implicitly
FWlib\src\stm32f10x_dac.c(395): warning:  #223-D: function "assert_param" declared implicitly
compiling stm32f10x_dbgmcu.c...
FWlib\src\stm32f10x_dbgmcu.c(128): warning:  #223-D: function "assert_param" declared implicitly
compiling stm32f10x_dma.c...
FWlib\src\stm32f10x_dma.c(114): warning:  #223-D: function "assert_param" declared implicitly
FWlib\src\stm32f10x_dma.c(199): warning:  #223-D: function "assert_param" declared implicitly
FWlib\src\stm32f10x_dma.c(285): warning:  #223-D: function "assert_param" declared implicitly
FWlib\src\stm32f10x_dma.c(317): warning:  #223-D: function "assert_param" declared implicitly
FWlib\src\stm32f10x_dma.c(344): warning:  #223-D: function "assert_param" declared implicitly
FWlib\src\stm32f10x_dma.c(408): warning:  #223-D: function "assert_param" declared implicitly
FWlib\src\stm32f10x_dma.c(494): warning:  #223-D: function "assert_param" declared implicitly
FWlib\src\stm32f10x_dma.c(568): warning:  #223-D: function "assert_param" declared implicitly
FWlib\src\stm32f10x_dma.c(653): warning:  #223-D: function "assert_param" declared implicitly
compiling stm32f10x_exti.c...
FWlib\src\stm32f10x_exti.c(105): warning:  #223-D: function "assert_param" declared implicitly
FWlib\src\stm32f10x_exti.c(165): warning:  #223-D: function "assert_param" declared implicitly
FWlib\src\stm32f10x_exti.c(181): warning:  #223-D: function "assert_param" declared implicitly
FWlib\src\stm32f10x_exti.c(204): warning:  #223-D: function "assert_param" declared implicitly
FWlib\src\stm32f10x_exti.c(221): warning:  #223-D: function "assert_param" declared implicitly
FWlib\src\stm32f10x_exti.c(245): warning:  #223-D: function "assert_param" declared implicitly
compiling stm32f10x_flash.c...
FWlib\src\stm32f10x_flash.c(130): warning:  #223-D: function "assert_param" declared implicitly
FWlib\src\stm32f10x_flash.c(154): warning:  #223-D: function "assert_param" declared implicitly
FWlib\src\stm32f10x_flash.c(172): warning:  #223-D: function "assert_param" declared implicitly
FWlib\src\stm32f10x_flash.c(213): warning:  #223-D: function "assert_param" declared implicitly
FWlib\src\stm32f10x_flash.c(335): warning:  #223-D: function "assert_param" declared implicitly
FWlib\src\stm32f10x_flash.c(389): warning:  #223-D: function "assert_param" declared implicitly
FWlib\src\stm32f10x_flash.c(424): warning:  #223-D: function "assert_param" declared implicitly
FWlib\src\stm32f10x_flash.c(468): warning:  #223-D: function "assert_param" declared implicitly
FWlib\src\stm32f10x_flash.c(540): warning:  #223-D: function "assert_param" declared implicitly
FWlib\src\stm32f10x_flash.c(610): warning:  #223-D: function "assert_param" declared implicitly
FWlib\src\stm32f10x_flash.c(717): warning:  #223-D: function "assert_param" declared implicitly
FWlib\src\stm32f10x_flash.c(746): warning:  #223-D: function "assert_param" declared implicitly
FWlib\src\stm32f10x_flash.c(786): warning:  #223-D: function "assert_param" declared implicitly
compiling stm32f10x_fsmc.c...
FWlib\src\stm32f10x_fsmc.c(104): warning:  #223-D: function "assert_param" declared implicitly
FWlib\src\stm32f10x_fsmc.c(132): warning:  #223-D: function "assert_param" declared implicitly
FWlib\src\stm32f10x_fsmc.c(180): warning:  #223-D: function "assert_param" declared implicitly
FWlib\src\stm32f10x_fsmc.c(264): warning:  #223-D: function "assert_param" declared implicitly
FWlib\src\stm32f10x_fsmc.c(328): warning:  #223-D: function "assert_param" declared implicitly
FWlib\src\stm32f10x_fsmc.c(474): warning:  #223-D: function "assert_param" declared implicitly
FWlib\src\stm32f10x_fsmc.c(501): warning:  #223-D: function "assert_param" declared implicitly
FWlib\src\stm32f10x_fsmc.c(538): warning:  #223-D: function "assert_param" declared implicitly
FWlib\src\stm32f10x_fsmc.c(564): warning:  #223-D: function "assert_param" declared implicitly
FWlib\src\stm32f10x_fsmc.c(638): warning:  #223-D: function "assert_param" declared implicitly
FWlib\src\stm32f10x_fsmc.c(702): warning:  #223-D: function "assert_param" declared implicitly
FWlib\src\stm32f10x_fsmc.c(749): warning:  #223-D: function "assert_param" declared implicitly
FWlib\src\stm32f10x_fsmc.c(787): warning:  #223-D: function "assert_param" declared implicitly
FWlib\src\stm32f10x_fsmc.c(835): warning:  #223-D: function "assert_param" declared implicitly
compiling stm32f10x_gpio.c...
FWlib\src\stm32f10x_gpio.c(103): warning:  #223-D: function "assert_param" declared implicitly
FWlib\src\stm32f10x_gpio.c(168): warning:  #223-D: function "assert_param" declared implicitly
FWlib\src\stm32f10x_gpio.c(276): warning:  #223-D: function "assert_param" declared implicitly
FWlib\src\stm32f10x_gpio.c(298): warning:  #223-D: function "assert_param" declared implicitly
FWlib\src\stm32f10x_gpio.c(314): warning:  #223-D: function "assert_param" declared implicitly
FWlib\src\stm32f10x_gpio.c(336): warning:  #223-D: function "assert_param" declared implicitly
FWlib\src\stm32f10x_gpio.c(352): warning:  #223-D: function "assert_param" declared implicitly
FWlib\src\stm32f10x_gpio.c(369): warning:  #223-D: function "assert_param" declared implicitly
FWlib\src\stm32f10x_gpio.c(389): warning:  #223-D: function "assert_param" declared implicitly
FWlib\src\stm32f10x_gpio.c(413): warning:  #223-D: function "assert_param" declared implicitly
FWlib\src\stm32f10x_gpio.c(431): warning:  #223-D: function "assert_param" declared implicitly
FWlib\src\stm32f10x_gpio.c(461): warning:  #223-D: function "assert_param" declared implicitly
FWlib\src\stm32f10x_gpio.c(481): warning:  #223-D: function "assert_param" declared implicitly
FWlib\src\stm32f10x_gpio.c(523): warning:  #223-D: function "assert_param" declared implicitly
FWlib\src\stm32f10x_gpio.c(566): warning:  #223-D: function "assert_param" declared implicitly
compiling stm32f10x_i2c.c...
FWlib\src\stm32f10x_i2c.c(165): warning:  #223-D: function "assert_param" declared implicitly
FWlib\src\stm32f10x_i2c.c(201): warning:  #223-D: function "assert_param" declared implicitly
FWlib\src\stm32f10x_i2c.c(322): warning:  #223-D: function "assert_param" declared implicitly
FWlib\src\stm32f10x_i2c.c(346): warning:  #223-D: function "assert_param" declared implicitly
FWlib\src\stm32f10x_i2c.c(370): warning:  #223-D: function "assert_param" declared implicitly
FWlib\src\stm32f10x_i2c.c(394): warning:  #223-D: function "assert_param" declared implicitly
FWlib\src\stm32f10x_i2c.c(418): warning:  #223-D: function "assert_param" declared implicitly
FWlib\src\stm32f10x_i2c.c(442): warning:  #223-D: function "assert_param" declared implicitly
FWlib\src\stm32f10x_i2c.c(466): warning:  #223-D: function "assert_param" declared implicitly
FWlib\src\stm32f10x_i2c.c(487): warning:  #223-D: function "assert_param" declared implicitly
FWlib\src\stm32f10x_i2c.c(511): warning:  #223-D: function "assert_param" declared implicitly
FWlib\src\stm32f10x_i2c.c(541): warning:  #223-D: function "assert_param" declared implicitly
FWlib\src\stm32f10x_i2c.c(566): warning:  #223-D: function "assert_param" declared implicitly
FWlib\src\stm32f10x_i2c.c(579): warning:  #223-D: function "assert_param" declared implicitly
FWlib\src\stm32f10x_i2c.c(598): warning:  #223-D: function "assert_param" declared implicitly
FWlib\src\stm32f10x_i2c.c(633): warning:  #223-D: function "assert_param" declared implicitly
FWlib\src\stm32f10x_i2c.c(649): warning:  #223-D: function "assert_param" declared implicitly
FWlib\src\stm32f10x_i2c.c(675): warning:  #223-D: function "assert_param" declared implicitly
FWlib\src\stm32f10x_i2c.c(699): warning:  #223-D: function "assert_param" declared implicitly
FWlib\src\stm32f10x_i2c.c(727): warning:  #223-D: function "assert_param" declared implicitly
FWlib\src\stm32f10x_i2c.c(752): warning:  #223-D: function "assert_param" declared implicitly
FWlib\src\stm32f10x_i2c.c(774): warning:  #223-D: function "assert_param" declared implicitly
FWlib\src\stm32f10x_i2c.c(789): warning:  #223-D: function "assert_param" declared implicitly
FWlib\src\stm32f10x_i2c.c(813): warning:  #223-D: function "assert_param" declared implicitly
FWlib\src\stm32f10x_i2c.c(839): warning:  #223-D: function "assert_param" declared implicitly
FWlib\src\stm32f10x_i2c.c(863): warning:  #223-D: function "assert_param" declared implicitly
FWlib\src\stm32f10x_i2c.c(900): warning:  #223-D: function "assert_param" declared implicitly
FWlib\src\stm32f10x_i2c.c(957): warning:  #223-D: function "assert_param" declared implicitly
FWlib\src\stm32f10x_i2c.c(1031): warning:  #223-D: function "assert_param" declared implicitly
FWlib\src\stm32f10x_i2c.c(1066): warning:  #223-D: function "assert_param" declared implicitly
FWlib\src\stm32f10x_i2c.c(1122): warning:  #223-D: function "assert_param" declared implicitly
compiling stm32f10x_iwdg.c...
FWlib\src\stm32f10x_iwdg.c(98): warning:  #223-D: function "assert_param" declared implicitly
FWlib\src\stm32f10x_iwdg.c(118): warning:  #223-D: function "assert_param" declared implicitly
FWlib\src\stm32f10x_iwdg.c(131): warning:  #223-D: function "assert_param" declared implicitly
FWlib\src\stm32f10x_iwdg.c(169): warning:  #223-D: function "assert_param" declared implicitly
compiling stm32f10x_pwr.c...
FWlib\src\stm32f10x_pwr.c(135): warning:  #223-D: function "assert_param" declared implicitly
FWlib\src\stm32f10x_pwr.c(148): warning:  #223-D: function "assert_param" declared implicitly
FWlib\src\stm32f10x_pwr.c(171): warning:  #223-D: function "assert_param" declared implicitly
FWlib\src\stm32f10x_pwr.c(190): warning:  #223-D: function "assert_param" declared implicitly
FWlib\src\stm32f10x_pwr.c(212): warning:  #223-D: function "assert_param" declared implicitly
FWlib\src\stm32f10x_pwr.c(273): warning:  #223-D: function "assert_param" declared implicitly
FWlib\src\stm32f10x_pwr.c(298): warning:  #223-D: function "assert_param" declared implicitly
compiling stm32f10x_rcc.c...
FWlib\src\stm32f10x_rcc.c(211): warning:  #223-D: function "assert_param" declared implicitly
FWlib\src\stm32f10x_rcc.c(276): warning:  #223-D: function "assert_param" declared implicitly
FWlib\src\stm32f10x_rcc.c(297): warning:  #223-D: function "assert_param" declared implicitly
FWlib\src\stm32f10x_rcc.c(320): warning:  #223-D: function "assert_param" declared implicitly
FWlib\src\stm32f10x_rcc.c(341): warning:  #223-D: function "assert_param" declared implicitly
FWlib\src\stm32f10x_rcc.c(358): warning:  #223-D: function "assert_param" declared implicitly
FWlib\src\stm32f10x_rcc.c(402): warning:  #223-D: function "assert_param" declared implicitly
FWlib\src\stm32f10x_rcc.c(428): warning:  #223-D: function "assert_param" declared implicitly
FWlib\src\stm32f10x_rcc.c(454): warning:  #223-D: function "assert_param" declared implicitly
FWlib\src\stm32f10x_rcc.c(480): warning:  #223-D: function "assert_param" declared implicitly
FWlib\src\stm32f10x_rcc.c(507): warning:  #223-D: function "assert_param" declared implicitly
FWlib\src\stm32f10x_rcc.c(526): warning:  #223-D: function "assert_param" declared implicitly
FWlib\src\stm32f10x_rcc.c(549): warning:  #223-D: function "assert_param" declared implicitly
FWlib\src\stm32f10x_rcc.c(583): warning:  #223-D: function "assert_param" declared implicitly
FWlib\src\stm32f10x_rcc.c(602): warning:  #223-D: function "assert_param" declared implicitly
FWlib\src\stm32f10x_rcc.c(618): warning:  #223-D: function "assert_param" declared implicitly
FWlib\src\stm32f10x_rcc.c(712): warning:  #223-D: function "assert_param" declared implicitly
FWlib\src\stm32f10x_rcc.c(742): warning:  #223-D: function "assert_param" declared implicitly
FWlib\src\stm32f10x_rcc.c(773): warning:  #223-D: function "assert_param" declared implicitly
FWlib\src\stm32f10x_rcc.c(802): warning:  #223-D: function "assert_param" declared implicitly
FWlib\src\stm32f10x_rcc.c(832): warning:  #223-D: function "assert_param" declared implicitly
FWlib\src\stm32f10x_rcc.c(853): warning:  #223-D: function "assert_param" declared implicitly
FWlib\src\stm32f10x_rcc.c(866): warning:  #223-D: function "assert_param" declared implicitly
FWlib\src\stm32f10x_rcc.c(884): warning:  #223-D: function "assert_param" declared implicitly
FWlib\src\stm32f10x_rcc.c(912): warning:  #223-D: function "assert_param" declared implicitly
FWlib\src\stm32f10x_rcc.c(971): warning:  #223-D: function "assert_param" declared implicitly
FWlib\src\stm32f10x_rcc.c(1000): warning:  #223-D: function "assert_param" declared implicitly
compiling stm32f10x_rtc.c...
FWlib\src\stm32f10x_rtc.c(96): warning:  #223-D: function "assert_param" declared implicitly
FWlib\src\stm32f10x_rtc.c(166): warning:  #223-D: function "assert_param" declared implicitly
FWlib\src\stm32f10x_rtc.c(252): warning:  #223-D: function "assert_param" declared implicitly
FWlib\src\stm32f10x_rtc.c(279): warning:  #223-D: function "assert_param" declared implicitly
FWlib\src\stm32f10x_rtc.c(298): warning:  #223-D: function "assert_param" declared implicitly
FWlib\src\stm32f10x_rtc.c(324): warning:  #223-D: function "assert_param" declared implicitly
compiling stm32f10x_sdio.c...
FWlib\src\stm32f10x_sdio.c(187): warning:  #223-D: function "assert_param" declared implicitly
FWlib\src\stm32f10x_sdio.c(240): warning:  #223-D: function "assert_param" declared implicitly
FWlib\src\stm32f10x_sdio.c(256): warning:  #223-D: function "assert_param" declared implicitly
FWlib\src\stm32f10x_sdio.c(314): warning:  #223-D: function "assert_param" declared implicitly
FWlib\src\stm32f10x_sdio.c(338): warning:  #223-D: function "assert_param" declared implicitly
FWlib\src\stm32f10x_sdio.c(356): warning:  #223-D: function "assert_param" declared implicitly
FWlib\src\stm32f10x_sdio.c(421): warning:  #223-D: function "assert_param" declared implicitly
FWlib\src\stm32f10x_sdio.c(439): warning:  #223-D: function "assert_param" declared implicitly
FWlib\src\stm32f10x_sdio.c(536): warning:  #223-D: function "assert_param" declared implicitly
FWlib\src\stm32f10x_sdio.c(550): warning:  #223-D: function "assert_param" declared implicitly
FWlib\src\stm32f10x_sdio.c(566): warning:  #223-D: function "assert_param" declared implicitly
FWlib\src\stm32f10x_sdio.c(580): warning:  #223-D: function "assert_param" declared implicitly
FWlib\src\stm32f10x_sdio.c(594): warning:  #223-D: function "assert_param" declared implicitly
FWlib\src\stm32f10x_sdio.c(608): warning:  #223-D: function "assert_param" declared implicitly
FWlib\src\stm32f10x_sdio.c(622): warning:  #223-D: function "assert_param" declared implicitly
FWlib\src\stm32f10x_sdio.c(636): warning:  #223-D: function "assert_param" declared implicitly
FWlib\src\stm32f10x_sdio.c(677): warning:  #223-D: function "assert_param" declared implicitly
FWlib\src\stm32f10x_sdio.c(713): warning:  #223-D: function "assert_param" declared implicitly
FWlib\src\stm32f10x_sdio.c(755): warning:  #223-D: function "assert_param" declared implicitly
FWlib\src\stm32f10x_sdio.c(789): warning:  #223-D: function "assert_param" declared implicitly
compiling stm32f10x_spi.c...
FWlib\src\stm32f10x_spi.c(115): warning:  #223-D: function "assert_param" declared implicitly
FWlib\src\stm32f10x_spi.c(156): warning:  #223-D: function "assert_param" declared implicitly
FWlib\src\stm32f10x_spi.c(212): warning:  #223-D: function "assert_param" declared implicitly
FWlib\src\stm32f10x_spi.c(361): warning:  #223-D: function "assert_param" declared implicitly
FWlib\src\stm32f10x_spi.c(385): warning:  #223-D: function "assert_param" declared implicitly
FWlib\src\stm32f10x_spi.c(418): warning:  #223-D: function "assert_param" declared implicitly
FWlib\src\stm32f10x_spi.c(455): warning:  #223-D: function "assert_param" declared implicitly
FWlib\src\stm32f10x_spi.c(481): warning:  #223-D: function "assert_param" declared implicitly
FWlib\src\stm32f10x_spi.c(497): warning:  #223-D: function "assert_param" declared implicitly
FWlib\src\stm32f10x_spi.c(516): warning:  #223-D: function "assert_param" declared implicitly
FWlib\src\stm32f10x_spi.c(540): warning:  #223-D: function "assert_param" declared implicitly
FWlib\src\stm32f10x_spi.c(566): warning:  #223-D: function "assert_param" declared implicitly
FWlib\src\stm32f10x_spi.c(582): warning:  #223-D: function "assert_param" declared implicitly
FWlib\src\stm32f10x_spi.c(599): warning:  #223-D: function "assert_param" declared implicitly
FWlib\src\stm32f10x_spi.c(627): warning:  #223-D: function "assert_param" declared implicitly
FWlib\src\stm32f10x_spi.c(651): warning:  #223-D: function "assert_param" declared implicitly
FWlib\src\stm32f10x_spi.c(671): warning:  #223-D: function "assert_param" declared implicitly
FWlib\src\stm32f10x_spi.c(706): warning:  #223-D: function "assert_param" declared implicitly
FWlib\src\stm32f10x_spi.c(743): warning:  #223-D: function "assert_param" declared implicitly
FWlib\src\stm32f10x_spi.c(770): warning:  #223-D: function "assert_param" declared implicitly
FWlib\src\stm32f10x_spi.c(817): warning:  #223-D: function "assert_param" declared implicitly
compiling stm32f10x_tim.c...
FWlib\src\stm32f10x_tim.c(191): warning:  #223-D: function "assert_param" declared implicitly
FWlib\src\stm32f10x_tim.c(253): warning:  #223-D: function "assert_param" declared implicitly
FWlib\src\stm32f10x_tim.c(292): warning:  #223-D: function "assert_param" declared implicitly
FWlib\src\stm32f10x_tim.c(373): warning:  #223-D: function "assert_param" declared implicitly
FWlib\src\stm32f10x_tim.c(454): warning:  #223-D: function "assert_param" declared implicitly
FWlib\src\stm32f10x_tim.c(535): warning:  #223-D: function "assert_param" declared implicitly
FWlib\src\stm32f10x_tim.c(598): warning:  #223-D: function "assert_param" declared implicitly
FWlib\src\stm32f10x_tim.c(659): warning:  #223-D: function "assert_param" declared implicitly
FWlib\src\stm32f10x_tim.c(716): warning:  #223-D: function "assert_param" declared implicitly
FWlib\src\stm32f10x_tim.c(810): warning:  #223-D: function "assert_param" declared implicitly
FWlib\src\stm32f10x_tim.c(835): warning:  #223-D: function "assert_param" declared implicitly
FWlib\src\stm32f10x_tim.c(870): warning:  #223-D: function "assert_param" declared implicitly
FWlib\src\stm32f10x_tim.c(903): warning:  #223-D: function "assert_param" declared implicitly
FWlib\src\stm32f10x_tim.c(931): warning:  #223-D: function "assert_param" declared implicitly
FWlib\src\stm32f10x_tim.c(957): warning:  #223-D: function "assert_param" declared implicitly
FWlib\src\stm32f10x_tim.c(983): warning:  #223-D: function "assert_param" declared implicitly
FWlib\src\stm32f10x_tim.c(1003): warning:  #223-D: function "assert_param" declared implicitly
FWlib\src\stm32f10x_tim.c(1032): warning:  #223-D: function "assert_param" declared implicitly
FWlib\src\stm32f10x_tim.c(1074): warning:  #223-D: function "assert_param" declared implicitly
FWlib\src\stm32f10x_tim.c(1116): warning:  #223-D: function "assert_param" declared implicitly
FWlib\src\stm32f10x_tim.c(1149): warning:  #223-D: function "assert_param" declared implicitly
FWlib\src\stm32f10x_tim.c(1177): warning:  #223-D: function "assert_param" declared implicitly
FWlib\src\stm32f10x_tim.c(1202): warning:  #223-D: function "assert_param" declared implicitly
FWlib\src\stm32f10x_tim.c(1233): warning:  #223-D: function "assert_param" declared implicitly
FWlib\src\stm32f10x_tim.c(1275): warning:  #223-D: function "assert_param" declared implicitly
FWlib\src\stm32f10x_tim.c(1318): warning:  #223-D: function "assert_param" declared implicitly
FWlib\src\stm32f10x_tim.c(1345): warning:  #223-D: function "assert_param" declared implicitly
FWlib\src\stm32f10x_tim.c(1372): warning:  #223-D: function "assert_param" declared implicitly
FWlib\src\stm32f10x_tim.c(1399): warning:  #223-D: function "assert_param" declared implicitly
FWlib\src\stm32f10x_tim.c(1421): warning:  #223-D: function "assert_param" declared implicitly
FWlib\src\stm32f10x_tim.c(1445): warning:  #223-D: function "assert_param" declared implicitly
FWlib\src\stm32f10x_tim.c(1470): warning:  #223-D: function "assert_param" declared implicitly
FWlib\src\stm32f10x_tim.c(1495): warning:  #223-D: function "assert_param" declared implicitly
FWlib\src\stm32f10x_tim.c(1524): warning:  #223-D: function "assert_param" declared implicitly
FWlib\src\stm32f10x_tim.c(1550): warning:  #223-D: function "assert_param" declared implicitly
FWlib\src\stm32f10x_tim.c(1576): warning:  #223-D: function "assert_param" declared implicitly
FWlib\src\stm32f10x_tim.c(1602): warning:  #223-D: function "assert_param" declared implicitly
FWlib\src\stm32f10x_tim.c(1627): warning:  #223-D: function "assert_param" declared implicitly
FWlib\src\stm32f10x_tim.c(1653): warning:  #223-D: function "assert_param" declared implicitly
FWlib\src\stm32f10x_tim.c(1679): warning:  #223-D: function "assert_param" declared implicitly
FWlib\src\stm32f10x_tim.c(1705): warning:  #223-D: function "assert_param" declared implicitly
FWlib\src\stm32f10x_tim.c(1731): warning:  #223-D: function "assert_param" declared implicitly
FWlib\src\stm32f10x_tim.c(1756): warning:  #223-D: function "assert_param" declared implicitly
FWlib\src\stm32f10x_tim.c(1781): warning:  #223-D: function "assert_param" declared implicitly
FWlib\src\stm32f10x_tim.c(1806): warning:  #223-D: function "assert_param" declared implicitly
FWlib\src\stm32f10x_tim.c(1831): warning:  #223-D: function "assert_param" declared implicitly
FWlib\src\stm32f10x_tim.c(1854): warning:  #223-D: function "assert_param" declared implicitly
FWlib\src\stm32f10x_tim.c(1879): warning:  #223-D: function "assert_param" declared implicitly
FWlib\src\stm32f10x_tim.c(1902): warning:  #223-D: function "assert_param" declared implicitly
FWlib\src\stm32f10x_tim.c(1927): warning:  #223-D: function "assert_param" declared implicitly
FWlib\src\stm32f10x_tim.c(1951): warning:  #223-D: function "assert_param" declared implicitly
FWlib\src\stm32f10x_tim.c(1976): warning:  #223-D: function "assert_param" declared implicitly
FWlib\src\stm32f10x_tim.c(2003): warning:  #223-D: function "assert_param" declared implicitly
FWlib\src\stm32f10x_tim.c(2027): warning:  #223-D: function "assert_param" declared implicitly
FWlib\src\stm32f10x_tim.c(2063): warning:  #223-D: function "assert_param" declared implicitly
FWlib\src\stm32f10x_tim.c(2097): warning:  #223-D: function "assert_param" declared implicitly
FWlib\src\stm32f10x_tim.c(2123): warning:  #223-D: function "assert_param" declared implicitly
FWlib\src\stm32f10x_tim.c(2147): warning:  #223-D: function "assert_param" declared implicitly
FWlib\src\stm32f10x_tim.c(2173): warning:  #223-D: function "assert_param" declared implicitly
FWlib\src\stm32f10x_tim.c(2202): warning:  #223-D: function "assert_param" declared implicitly
FWlib\src\stm32f10x_tim.c(2226): warning:  #223-D: function "assert_param" declared implicitly
FWlib\src\stm32f10x_tim.c(2248): warning:  #223-D: function "assert_param" declared implicitly
FWlib\src\stm32f10x_tim.c(2266): warning:  #223-D: function "assert_param" declared implicitly
FWlib\src\stm32f10x_tim.c(2280): warning:  #223-D: function "assert_param" declared implicitly
FWlib\src\stm32f10x_tim.c(2295): warning:  #223-D: function "assert_param" declared implicitly
FWlib\src\stm32f10x_tim.c(2310): warning:  #223-D: function "assert_param" declared implicitly
FWlib\src\stm32f10x_tim.c(2325): warning:  #223-D: function "assert_param" declared implicitly
FWlib\src\stm32f10x_tim.c(2340): warning:  #223-D: function "assert_param" declared implicitly
FWlib\src\stm32f10x_tim.c(2361): warning:  #223-D: function "assert_param" declared implicitly
FWlib\src\stm32f10x_tim.c(2385): warning:  #223-D: function "assert_param" declared implicitly
FWlib\src\stm32f10x_tim.c(2409): warning:  #223-D: function "assert_param" declared implicitly
FWlib\src\stm32f10x_tim.c(2433): warning:  #223-D: function "assert_param" declared implicitly
FWlib\src\stm32f10x_tim.c(2455): warning:  #223-D: function "assert_param" declared implicitly
FWlib\src\stm32f10x_tim.c(2472): warning:  #223-D: function "assert_param" declared implicitly
FWlib\src\stm32f10x_tim.c(2486): warning:  #223-D: function "assert_param" declared implicitly
FWlib\src\stm32f10x_tim.c(2500): warning:  #223-D: function "assert_param" declared implicitly
FWlib\src\stm32f10x_tim.c(2514): warning:  #223-D: function "assert_param" declared implicitly
FWlib\src\stm32f10x_tim.c(2527): warning:  #223-D: function "assert_param" declared implicitly
FWlib\src\stm32f10x_tim.c(2540): warning:  #223-D: function "assert_param" declared implicitly
FWlib\src\stm32f10x_tim.c(2568): warning:  #223-D: function "assert_param" declared implicitly
FWlib\src\stm32f10x_tim.c(2605): warning:  #223-D: function "assert_param" declared implicitly
FWlib\src\stm32f10x_tim.c(2633): warning:  #223-D: function "assert_param" declared implicitly
FWlib\src\stm32f10x_tim.c(2670): warning:  #223-D: function "assert_param" declared implicitly
compiling stm32f10x_usart.c...
FWlib\src\stm32f10x_usart.c(135): warning:  #223-D: function "assert_param" declared implicitly
FWlib\src\stm32f10x_usart.c(184): warning:  #223-D: function "assert_param" declared implicitly
FWlib\src\stm32f10x_usart.c(278): warning:  #223-D: function "assert_param" declared implicitly
FWlib\src\stm32f10x_usart.c(326): warning:  #223-D: function "assert_param" declared implicitly
FWlib\src\stm32f10x_usart.c(369): warning:  #223-D: function "assert_param" declared implicitly
FWlib\src\stm32f10x_usart.c(419): warning:  #223-D: function "assert_param" declared implicitly
FWlib\src\stm32f10x_usart.c(447): warning:  #223-D: function "assert_param" declared implicitly
FWlib\src\stm32f10x_usart.c(470): warning:  #223-D: function "assert_param" declared implicitly
FWlib\src\stm32f10x_usart.c(489): warning:  #223-D: function "assert_param" declared implicitly
FWlib\src\stm32f10x_usart.c(519): warning:  #223-D: function "assert_param" declared implicitly
FWlib\src\stm32f10x_usart.c(538): warning:  #223-D: function "assert_param" declared implicitly
FWlib\src\stm32f10x_usart.c(564): warning:  #223-D: function "assert_param" declared implicitly
FWlib\src\stm32f10x_usart.c(581): warning:  #223-D: function "assert_param" declared implicitly
FWlib\src\stm32f10x_usart.c(597): warning:  #223-D: function "assert_param" declared implicitly
FWlib\src\stm32f10x_usart.c(614): warning:  #223-D: function "assert_param" declared implicitly
FWlib\src\stm32f10x_usart.c(634): warning:  #223-D: function "assert_param" declared implicitly
FWlib\src\stm32f10x_usart.c(654): warning:  #223-D: function "assert_param" declared implicitly
FWlib\src\stm32f10x_usart.c(680): warning:  #223-D: function "assert_param" declared implicitly
FWlib\src\stm32f10x_usart.c(706): warning:  #223-D: function "assert_param" declared implicitly
FWlib\src\stm32f10x_usart.c(735): warning:  #223-D: function "assert_param" declared implicitly
FWlib\src\stm32f10x_usart.c(754): warning:  #223-D: function "assert_param" declared implicitly
FWlib\src\stm32f10x_usart.c(792): warning:  #223-D: function "assert_param" declared implicitly
FWlib\src\stm32f10x_usart.c(835): warning:  #223-D: function "assert_param" declared implicitly
FWlib\src\stm32f10x_usart.c(866): warning:  #223-D: function "assert_param" declared implicitly
FWlib\src\stm32f10x_usart.c(935): warning:  #223-D: function "assert_param" declared implicitly
compiling stm32f10x_wwdg.c...
FWlib\src\stm32f10x_wwdg.c(122): warning:  #223-D: function "assert_param" declared implicitly
FWlib\src\stm32f10x_wwdg.c(142): warning:  #223-D: function "assert_param" declared implicitly
FWlib\src\stm32f10x_wwdg.c(170): warning:  #223-D: function "assert_param" declared implicitly
FWlib\src\stm32f10x_wwdg.c(185): warning:  #223-D: function "assert_param" declared implicitly
compiling core_cm3.c...
compiling system_stm32f10x.c...
".\Output\ledtest.axf" - 19 Errors, 373 Warning(s).
Target not created
Rebuild target 'Target 1'
assembling startup_stm32f10x_hd.s...
compiling main.c...
USER\main.c(8): warning:  #111-D: statement is unreachable
USER\main.c(9): warning:  #1-D: last line of file ends without a newline
compiling stm32f10x_it.c...
compiling misc.c...
FWlib\src\misc.c(98): warning:  #223-D: function "assert_param" declared implicitly
FWlib\src\misc.c(117): warning:  #223-D: function "assert_param" declared implicitly
FWlib\src\misc.c(160): warning:  #223-D: function "assert_param" declared implicitly
FWlib\src\misc.c(181): warning:  #223-D: function "assert_param" declared implicitly
FWlib\src\misc.c(207): warning:  #223-D: function "assert_param" declared implicitly
compiling stm32f10x_adc.c...
FWlib\src\stm32f10x_adc.c(182): warning:  #223-D: function "assert_param" declared implicitly
FWlib\src\stm32f10x_adc.c(224): warning:  #223-D: function "assert_param" declared implicitly
FWlib\src\stm32f10x_adc.c(301): warning:  #223-D: function "assert_param" declared implicitly
FWlib\src\stm32f10x_adc.c(326): warning:  #223-D: function "assert_param" declared implicitly
FWlib\src\stm32f10x_adc.c(357): warning:  #223-D: function "assert_param" declared implicitly
FWlib\src\stm32f10x_adc.c(382): warning:  #223-D: function "assert_param" declared implicitly
FWlib\src\stm32f10x_adc.c(396): warning:  #223-D: function "assert_param" declared implicitly
FWlib\src\stm32f10x_adc.c(420): warning:  #223-D: function "assert_param" declared implicitly
FWlib\src\stm32f10x_adc.c(434): warning:  #223-D: function "assert_param" declared implicitly
FWlib\src\stm32f10x_adc.c(460): warning:  #223-D: function "assert_param" declared implicitly
FWlib\src\stm32f10x_adc.c(485): warning:  #223-D: function "assert_param" declared implicitly
FWlib\src\stm32f10x_adc.c(514): warning:  #223-D: function "assert_param" declared implicitly
FWlib\src\stm32f10x_adc.c(539): warning:  #223-D: function "assert_param" declared implicitly
FWlib\src\stm32f10x_adc.c(596): warning:  #223-D: function "assert_param" declared implicitly
FWlib\src\stm32f10x_adc.c(692): warning:  #223-D: function "assert_param" declared implicitly
FWlib\src\stm32f10x_adc.c(714): warning:  #223-D: function "assert_param" declared implicitly
FWlib\src\stm32f10x_adc.c(741): warning:  #223-D: function "assert_param" declared implicitly
FWlib\src\stm32f10x_adc.c(767): warning:  #223-D: function "assert_param" declared implicitly
FWlib\src\stm32f10x_adc.c(821): warning:  #223-D: function "assert_param" declared implicitly
FWlib\src\stm32f10x_adc.c(845): warning:  #223-D: function "assert_param" declared implicitly
FWlib\src\stm32f10x_adc.c(871): warning:  #223-D: function "assert_param" declared implicitly
FWlib\src\stm32f10x_adc.c(896): warning:  #223-D: function "assert_param" declared implicitly
FWlib\src\stm32f10x_adc.c(955): warning:  #223-D: function "assert_param" declared implicitly
FWlib\src\stm32f10x_adc.c(1019): warning:  #223-D: function "assert_param" declared implicitly
FWlib\src\stm32f10x_adc.c(1050): warning:  #223-D: function "assert_param" declared implicitly
FWlib\src\stm32f10x_adc.c(1071): warning:  #223-D: function "assert_param" declared implicitly
FWlib\src\stm32f10x_adc.c(1103): warning:  #223-D: function "assert_param" declared implicitly
FWlib\src\stm32f10x_adc.c(1128): warning:  #223-D: function "assert_param" declared implicitly
FWlib\src\stm32f10x_adc.c(1167): warning:  #223-D: function "assert_param" declared implicitly
FWlib\src\stm32f10x_adc.c(1188): warning:  #223-D: function "assert_param" declared implicitly
FWlib\src\stm32f10x_adc.c(1217): warning:  #223-D: function "assert_param" declared implicitly
FWlib\src\stm32f10x_adc.c(1249): warning:  #223-D: function "assert_param" declared implicitly
FWlib\src\stm32f10x_adc.c(1270): warning:  #223-D: function "assert_param" declared implicitly
FWlib\src\stm32f10x_adc.c(1305): warning:  #223-D: function "assert_param" declared implicitly
compiling stm32f10x_bkp.c...
FWlib\src\stm32f10x_bkp.c(141): warning:  #223-D: function "assert_param" declared implicitly
FWlib\src\stm32f10x_bkp.c(154): warning:  #223-D: function "assert_param" declared implicitly
FWlib\src\stm32f10x_bkp.c(167): warning:  #223-D: function "assert_param" declared implicitly
FWlib\src\stm32f10x_bkp.c(188): warning:  #223-D: function "assert_param" declared implicitly
FWlib\src\stm32f10x_bkp.c(209): warning:  #223-D: function "assert_param" declared implicitly
FWlib\src\stm32f10x_bkp.c(229): warning:  #223-D: function "assert_param" declared implicitly
FWlib\src\stm32f10x_bkp.c(242): warning:  #223-D: function "assert_param" declared implicitly
compiling stm32f10x_can.c...
FWlib\src\stm32f10x_can.c(147): warning:  #223-D: function "assert_param" declared implicitly
FWlib\src\stm32f10x_can.c(176): warning:  #223-D: function "assert_param" declared implicitly
FWlib\src\stm32f10x_can.c(295): warning:  #223-D: function "assert_param" declared implicitly
FWlib\src\stm32f10x_can.c(417): warning:  #223-D: function "assert_param" declared implicitly
FWlib\src\stm32f10x_can.c(444): warning:  #223-D: function "assert_param" declared implicitly
FWlib\src\stm32f10x_can.c(513): warning:  #223-D: function "assert_param" declared implicitly
FWlib\src\stm32f10x_can.c(560): warning:  #223-D: function "assert_param" declared implicitly
FWlib\src\stm32f10x_can.c(585): warning:  #223-D: function "assert_param" declared implicitly
FWlib\src\stm32f10x_can.c(609): warning:  #223-D: function "assert_param" declared implicitly
FWlib\src\stm32f10x_can.c(637): warning:  #223-D: function "assert_param" declared implicitly
FWlib\src\stm32f10x_can.c(678): warning:  #223-D: function "assert_param" declared implicitly
FWlib\src\stm32f10x_can.c(702): warning:  #223-D: function "assert_param" declared implicitly
FWlib\src\stm32f10x_can.c(729): warning:  #223-D: function "assert_param" declared implicitly
FWlib\src\stm32f10x_can.c(760): warning:  #223-D: function "assert_param" declared implicitly
FWlib\src\stm32f10x_can.c(786): warning:  #223-D: function "assert_param" declared implicitly
FWlib\src\stm32f10x_can.c(807): warning:  #223-D: function "assert_param" declared implicitly
FWlib\src\stm32f10x_can.c(864): warning:  #223-D: function "assert_param" declared implicitly
compiling stm32f10x_crc.c...
compiling stm32f10x_dac.c...
FWlib\src\stm32f10x_dac.c(131): warning:  #223-D: function "assert_param" declared implicitly
FWlib\src\stm32f10x_dac.c(186): warning:  #223-D: function "assert_param" declared implicitly
FWlib\src\stm32f10x_dac.c(213): warning:  #223-D: function "assert_param" declared implicitly
FWlib\src\stm32f10x_dac.c(240): warning:  #223-D: function "assert_param" declared implicitly
FWlib\src\stm32f10x_dac.c(264): warning:  #223-D: function "assert_param" declared implicitly
FWlib\src\stm32f10x_dac.c(294): warning:  #223-D: function "assert_param" declared implicitly
FWlib\src\stm32f10x_dac.c(323): warning:  #223-D: function "assert_param" declared implicitly
FWlib\src\stm32f10x_dac.c(343): warning:  #223-D: function "assert_param" declared implicitly
FWlib\src\stm32f10x_dac.c(367): warning:  #223-D: function "assert_param" declared implicitly
FWlib\src\stm32f10x_dac.c(395): warning:  #223-D: function "assert_param" declared implicitly
compiling stm32f10x_dbgmcu.c...
FWlib\src\stm32f10x_dbgmcu.c(128): warning:  #223-D: function "assert_param" declared implicitly
compiling stm32f10x_dma.c...
FWlib\src\stm32f10x_dma.c(114): warning:  #223-D: function "assert_param" declared implicitly
FWlib\src\stm32f10x_dma.c(199): warning:  #223-D: function "assert_param" declared implicitly
FWlib\src\stm32f10x_dma.c(285): warning:  #223-D: function "assert_param" declared implicitly
FWlib\src\stm32f10x_dma.c(317): warning:  #223-D: function "assert_param" declared implicitly
FWlib\src\stm32f10x_dma.c(344): warning:  #223-D: function "assert_param" declared implicitly
FWlib\src\stm32f10x_dma.c(408): warning:  #223-D: function "assert_param" declared implicitly
FWlib\src\stm32f10x_dma.c(494): warning:  #223-D: function "assert_param" declared implicitly
FWlib\src\stm32f10x_dma.c(568): warning:  #223-D: function "assert_param" declared implicitly
FWlib\src\stm32f10x_dma.c(653): warning:  #223-D: function "assert_param" declared implicitly
compiling stm32f10x_exti.c...
FWlib\src\stm32f10x_exti.c(105): warning:  #223-D: function "assert_param" declared implicitly
FWlib\src\stm32f10x_exti.c(165): warning:  #223-D: function "assert_param" declared implicitly
FWlib\src\stm32f10x_exti.c(181): warning:  #223-D: function "assert_param" declared implicitly
FWlib\src\stm32f10x_exti.c(204): warning:  #223-D: function "assert_param" declared implicitly
FWlib\src\stm32f10x_exti.c(221): warning:  #223-D: function "assert_param" declared implicitly
FWlib\src\stm32f10x_exti.c(245): warning:  #223-D: function "assert_param" declared implicitly
compiling stm32f10x_flash.c...
FWlib\src\stm32f10x_flash.c(130): warning:  #223-D: function "assert_param" declared implicitly
FWlib\src\stm32f10x_flash.c(154): warning:  #223-D: function "assert_param" declared implicitly
FWlib\src\stm32f10x_flash.c(172): warning:  #223-D: function "assert_param" declared implicitly
FWlib\src\stm32f10x_flash.c(213): warning:  #223-D: function "assert_param" declared implicitly
FWlib\src\stm32f10x_flash.c(335): warning:  #223-D: function "assert_param" declared implicitly
FWlib\src\stm32f10x_flash.c(389): warning:  #223-D: function "assert_param" declared implicitly
FWlib\src\stm32f10x_flash.c(424): warning:  #223-D: function "assert_param" declared implicitly
FWlib\src\stm32f10x_flash.c(468): warning:  #223-D: function "assert_param" declared implicitly
FWlib\src\stm32f10x_flash.c(540): warning:  #223-D: function "assert_param" declared implicitly
FWlib\src\stm32f10x_flash.c(610): warning:  #223-D: function "assert_param" declared implicitly
FWlib\src\stm32f10x_flash.c(717): warning:  #223-D: function "assert_param" declared implicitly
FWlib\src\stm32f10x_flash.c(746): warning:  #223-D: function "assert_param" declared implicitly
FWlib\src\stm32f10x_flash.c(786): warning:  #223-D: function "assert_param" declared implicitly
compiling stm32f10x_fsmc.c...
FWlib\src\stm32f10x_fsmc.c(104): warning:  #223-D: function "assert_param" declared implicitly
FWlib\src\stm32f10x_fsmc.c(132): warning:  #223-D: function "assert_param" declared implicitly
FWlib\src\stm32f10x_fsmc.c(180): warning:  #223-D: function "assert_param" declared implicitly
FWlib\src\stm32f10x_fsmc.c(264): warning:  #223-D: function "assert_param" declared implicitly
FWlib\src\stm32f10x_fsmc.c(328): warning:  #223-D: function "assert_param" declared implicitly
FWlib\src\stm32f10x_fsmc.c(474): warning:  #223-D: function "assert_param" declared implicitly
FWlib\src\stm32f10x_fsmc.c(501): warning:  #223-D: function "assert_param" declared implicitly
FWlib\src\stm32f10x_fsmc.c(538): warning:  #223-D: function "assert_param" declared implicitly
FWlib\src\stm32f10x_fsmc.c(564): warning:  #223-D: function "assert_param" declared implicitly
FWlib\src\stm32f10x_fsmc.c(638): warning:  #223-D: function "assert_param" declared implicitly
FWlib\src\stm32f10x_fsmc.c(702): warning:  #223-D: function "assert_param" declared implicitly
FWlib\src\stm32f10x_fsmc.c(749): warning:  #223-D: function "assert_param" declared implicitly
FWlib\src\stm32f10x_fsmc.c(787): warning:  #223-D: function "assert_param" declared implicitly
FWlib\src\stm32f10x_fsmc.c(835): warning:  #223-D: function "assert_param" declared implicitly
compiling stm32f10x_gpio.c...
FWlib\src\stm32f10x_gpio.c(103): warning:  #223-D: function "assert_param" declared implicitly
FWlib\src\stm32f10x_gpio.c(168): warning:  #223-D: function "assert_param" declared implicitly
FWlib\src\stm32f10x_gpio.c(276): warning:  #223-D: function "assert_param" declared implicitly
FWlib\src\stm32f10x_gpio.c(298): warning:  #223-D: function "assert_param" declared implicitly
FWlib\src\stm32f10x_gpio.c(314): warning:  #223-D: function "assert_param" declared implicitly
FWlib\src\stm32f10x_gpio.c(336): warning:  #223-D: function "assert_param" declared implicitly
FWlib\src\stm32f10x_gpio.c(352): warning:  #223-D: function "assert_param" declared implicitly
FWlib\src\stm32f10x_gpio.c(369): warning:  #223-D: function "assert_param" declared implicitly
FWlib\src\stm32f10x_gpio.c(389): warning:  #223-D: function "assert_param" declared implicitly
FWlib\src\stm32f10x_gpio.c(413): warning:  #223-D: function "assert_param" declared implicitly
FWlib\src\stm32f10x_gpio.c(431): warning:  #223-D: function "assert_param" declared implicitly
FWlib\src\stm32f10x_gpio.c(461): warning:  #223-D: function "assert_param" declared implicitly
FWlib\src\stm32f10x_gpio.c(481): warning:  #223-D: function "assert_param" declared implicitly
FWlib\src\stm32f10x_gpio.c(523): warning:  #223-D: function "assert_param" declared implicitly
FWlib\src\stm32f10x_gpio.c(566): warning:  #223-D: function "assert_param" declared implicitly
compiling stm32f10x_i2c.c...
FWlib\src\stm32f10x_i2c.c(165): warning:  #223-D: function "assert_param" declared implicitly
FWlib\src\stm32f10x_i2c.c(201): warning:  #223-D: function "assert_param" declared implicitly
FWlib\src\stm32f10x_i2c.c(322): warning:  #223-D: function "assert_param" declared implicitly
FWlib\src\stm32f10x_i2c.c(346): warning:  #223-D: function "assert_param" declared implicitly
FWlib\src\stm32f10x_i2c.c(370): warning:  #223-D: function "assert_param" declared implicitly
FWlib\src\stm32f10x_i2c.c(394): warning:  #223-D: function "assert_param" declared implicitly
FWlib\src\stm32f10x_i2c.c(418): warning:  #223-D: function "assert_param" declared implicitly
FWlib\src\stm32f10x_i2c.c(442): warning:  #223-D: function "assert_param" declared implicitly
FWlib\src\stm32f10x_i2c.c(466): warning:  #223-D: function "assert_param" declared implicitly
FWlib\src\stm32f10x_i2c.c(487): warning:  #223-D: function "assert_param" declared implicitly
FWlib\src\stm32f10x_i2c.c(511): warning:  #223-D: function "assert_param" declared implicitly
FWlib\src\stm32f10x_i2c.c(541): warning:  #223-D: function "assert_param" declared implicitly
FWlib\src\stm32f10x_i2c.c(566): warning:  #223-D: function "assert_param" declared implicitly
FWlib\src\stm32f10x_i2c.c(579): warning:  #223-D: function "assert_param" declared implicitly
FWlib\src\stm32f10x_i2c.c(598): warning:  #223-D: function "assert_param" declared implicitly
FWlib\src\stm32f10x_i2c.c(633): warning:  #223-D: function "assert_param" declared implicitly
FWlib\src\stm32f10x_i2c.c(649): warning:  #223-D: function "assert_param" declared implicitly
FWlib\src\stm32f10x_i2c.c(675): warning:  #223-D: function "assert_param" declared implicitly
FWlib\src\stm32f10x_i2c.c(699): warning:  #223-D: function "assert_param" declared implicitly
FWlib\src\stm32f10x_i2c.c(727): warning:  #223-D: function "assert_param" declared implicitly
FWlib\src\stm32f10x_i2c.c(752): warning:  #223-D: function "assert_param" declared implicitly
FWlib\src\stm32f10x_i2c.c(774): warning:  #223-D: function "assert_param" declared implicitly
FWlib\src\stm32f10x_i2c.c(789): warning:  #223-D: function "assert_param" declared implicitly
FWlib\src\stm32f10x_i2c.c(813): warning:  #223-D: function "assert_param" declared implicitly
FWlib\src\stm32f10x_i2c.c(839): warning:  #223-D: function "assert_param" declared implicitly
FWlib\src\stm32f10x_i2c.c(863): warning:  #223-D: function "assert_param" declared implicitly
FWlib\src\stm32f10x_i2c.c(900): warning:  #223-D: function "assert_param" declared implicitly
FWlib\src\stm32f10x_i2c.c(957): warning:  #223-D: function "assert_param" declared implicitly
FWlib\src\stm32f10x_i2c.c(1031): warning:  #223-D: function "assert_param" declared implicitly
FWlib\src\stm32f10x_i2c.c(1066): warning:  #223-D: function "assert_param" declared implicitly
FWlib\src\stm32f10x_i2c.c(1122): warning:  #223-D: function "assert_param" declared implicitly
compiling stm32f10x_iwdg.c...
FWlib\src\stm32f10x_iwdg.c(98): warning:  #223-D: function "assert_param" declared implicitly
FWlib\src\stm32f10x_iwdg.c(118): warning:  #223-D: function "assert_param" declared implicitly
FWlib\src\stm32f10x_iwdg.c(131): warning:  #223-D: function "assert_param" declared implicitly
FWlib\src\stm32f10x_iwdg.c(169): warning:  #223-D: function "assert_param" declared implicitly
compiling stm32f10x_pwr.c...
FWlib\src\stm32f10x_pwr.c(135): warning:  #223-D: function "assert_param" declared implicitly
FWlib\src\stm32f10x_pwr.c(148): warning:  #223-D: function "assert_param" declared implicitly
FWlib\src\stm32f10x_pwr.c(171): warning:  #223-D: function "assert_param" declared implicitly
FWlib\src\stm32f10x_pwr.c(190): warning:  #223-D: function "assert_param" declared implicitly
FWlib\src\stm32f10x_pwr.c(212): warning:  #223-D: function "assert_param" declared implicitly
FWlib\src\stm32f10x_pwr.c(273): warning:  #223-D: function "assert_param" declared implicitly
FWlib\src\stm32f10x_pwr.c(298): warning:  #223-D: function "assert_param" declared implicitly
compiling stm32f10x_rcc.c...
FWlib\src\stm32f10x_rcc.c(211): warning:  #223-D: function "assert_param" declared implicitly
FWlib\src\stm32f10x_rcc.c(276): warning:  #223-D: function "assert_param" declared implicitly
FWlib\src\stm32f10x_rcc.c(297): warning:  #223-D: function "assert_param" declared implicitly
FWlib\src\stm32f10x_rcc.c(320): warning:  #223-D: function "assert_param" declared implicitly
FWlib\src\stm32f10x_rcc.c(341): warning:  #223-D: function "assert_param" declared implicitly
FWlib\src\stm32f10x_rcc.c(358): warning:  #223-D: function "assert_param" declared implicitly
FWlib\src\stm32f10x_rcc.c(402): warning:  #223-D: function "assert_param" declared implicitly
FWlib\src\stm32f10x_rcc.c(428): warning:  #223-D: function "assert_param" declared implicitly
FWlib\src\stm32f10x_rcc.c(454): warning:  #223-D: function "assert_param" declared implicitly
FWlib\src\stm32f10x_rcc.c(480): warning:  #223-D: function "assert_param" declared implicitly
FWlib\src\stm32f10x_rcc.c(507): warning:  #223-D: function "assert_param" declared implicitly
FWlib\src\stm32f10x_rcc.c(526): warning:  #223-D: function "assert_param" declared implicitly
FWlib\src\stm32f10x_rcc.c(549): warning:  #223-D: function "assert_param" declared implicitly
FWlib\src\stm32f10x_rcc.c(583): warning:  #223-D: function "assert_param" declared implicitly
FWlib\src\stm32f10x_rcc.c(602): warning:  #223-D: function "assert_param" declared implicitly
FWlib\src\stm32f10x_rcc.c(618): warning:  #223-D: function "assert_param" declared implicitly
FWlib\src\stm32f10x_rcc.c(712): warning:  #223-D: function "assert_param" declared implicitly
FWlib\src\stm32f10x_rcc.c(742): warning:  #223-D: function "assert_param" declared implicitly
FWlib\src\stm32f10x_rcc.c(773): warning:  #223-D: function "assert_param" declared implicitly
FWlib\src\stm32f10x_rcc.c(802): warning:  #223-D: function "assert_param" declared implicitly
FWlib\src\stm32f10x_rcc.c(832): warning:  #223-D: function "assert_param" declared implicitly
FWlib\src\stm32f10x_rcc.c(853): warning:  #223-D: function "assert_param" declared implicitly
FWlib\src\stm32f10x_rcc.c(866): warning:  #223-D: function "assert_param" declared implicitly
FWlib\src\stm32f10x_rcc.c(884): warning:  #223-D: function "assert_param" declared implicitly
FWlib\src\stm32f10x_rcc.c(912): warning:  #223-D: function "assert_param" declared implicitly
FWlib\src\stm32f10x_rcc.c(971): warning:  #223-D: function "assert_param" declared implicitly
FWlib\src\stm32f10x_rcc.c(1000): warning:  #223-D: function "assert_param" declared implicitly
compiling stm32f10x_rtc.c...
FWlib\src\stm32f10x_rtc.c(96): warning:  #223-D: function "assert_param" declared implicitly
FWlib\src\stm32f10x_rtc.c(166): warning:  #223-D: function "assert_param" declared implicitly
FWlib\src\stm32f10x_rtc.c(252): warning:  #223-D: function "assert_param" declared implicitly
FWlib\src\stm32f10x_rtc.c(279): warning:  #223-D: function "assert_param" declared implicitly
FWlib\src\stm32f10x_rtc.c(298): warning:  #223-D: function "assert_param" declared implicitly
FWlib\src\stm32f10x_rtc.c(324): warning:  #223-D: function "assert_param" declared implicitly
compiling stm32f10x_sdio.c...
FWlib\src\stm32f10x_sdio.c(187): warning:  #223-D: function "assert_param" declared implicitly
FWlib\src\stm32f10x_sdio.c(240): warning:  #223-D: function "assert_param" declared implicitly
FWlib\src\stm32f10x_sdio.c(256): warning:  #223-D: function "assert_param" declared implicitly
FWlib\src\stm32f10x_sdio.c(314): warning:  #223-D: function "assert_param" declared implicitly
FWlib\src\stm32f10x_sdio.c(338): warning:  #223-D: function "assert_param" declared implicitly
FWlib\src\stm32f10x_sdio.c(356): warning:  #223-D: function "assert_param" declared implicitly
FWlib\src\stm32f10x_sdio.c(421): warning:  #223-D: function "assert_param" declared implicitly
FWlib\src\stm32f10x_sdio.c(439): warning:  #223-D: function "assert_param" declared implicitly
FWlib\src\stm32f10x_sdio.c(536): warning:  #223-D: function "assert_param" declared implicitly
FWlib\src\stm32f10x_sdio.c(550): warning:  #223-D: function "assert_param" declared implicitly
FWlib\src\stm32f10x_sdio.c(566): warning:  #223-D: function "assert_param" declared implicitly
FWlib\src\stm32f10x_sdio.c(580): warning:  #223-D: function "assert_param" declared implicitly
FWlib\src\stm32f10x_sdio.c(594): warning:  #223-D: function "assert_param" declared implicitly
FWlib\src\stm32f10x_sdio.c(608): warning:  #223-D: function "assert_param" declared implicitly
FWlib\src\stm32f10x_sdio.c(622): warning:  #223-D: function "assert_param" declared implicitly
FWlib\src\stm32f10x_sdio.c(636): warning:  #223-D: function "assert_param" declared implicitly
FWlib\src\stm32f10x_sdio.c(677): warning:  #223-D: function "assert_param" declared implicitly
FWlib\src\stm32f10x_sdio.c(713): warning:  #223-D: function "assert_param" declared implicitly
FWlib\src\stm32f10x_sdio.c(755): warning:  #223-D: function "assert_param" declared implicitly
FWlib\src\stm32f10x_sdio.c(789): warning:  #223-D: function "assert_param" declared implicitly
compiling stm32f10x_spi.c...
FWlib\src\stm32f10x_spi.c(115): warning:  #223-D: function "assert_param" declared implicitly
FWlib\src\stm32f10x_spi.c(156): warning:  #223-D: function "assert_param" declared implicitly
FWlib\src\stm32f10x_spi.c(212): warning:  #223-D: function "assert_param" declared implicitly
FWlib\src\stm32f10x_spi.c(361): warning:  #223-D: function "assert_param" declared implicitly
FWlib\src\stm32f10x_spi.c(385): warning:  #223-D: function "assert_param" declared implicitly
FWlib\src\stm32f10x_spi.c(418): warning:  #223-D: function "assert_param" declared implicitly
FWlib\src\stm32f10x_spi.c(455): warning:  #223-D: function "assert_param" declared implicitly
FWlib\src\stm32f10x_spi.c(481): warning:  #223-D: function "assert_param" declared implicitly
FWlib\src\stm32f10x_spi.c(497): warning:  #223-D: function "assert_param" declared implicitly
FWlib\src\stm32f10x_spi.c(516): warning:  #223-D: function "assert_param" declared implicitly
FWlib\src\stm32f10x_spi.c(540): warning:  #223-D: function "assert_param" declared implicitly
FWlib\src\stm32f10x_spi.c(566): warning:  #223-D: function "assert_param" declared implicitly
FWlib\src\stm32f10x_spi.c(582): warning:  #223-D: function "assert_param" declared implicitly
FWlib\src\stm32f10x_spi.c(599): warning:  #223-D: function "assert_param" declared implicitly
FWlib\src\stm32f10x_spi.c(627): warning:  #223-D: function "assert_param" declared implicitly
FWlib\src\stm32f10x_spi.c(651): warning:  #223-D: function "assert_param" declared implicitly
FWlib\src\stm32f10x_spi.c(671): warning:  #223-D: function "assert_param" declared implicitly
FWlib\src\stm32f10x_spi.c(706): warning:  #223-D: function "assert_param" declared implicitly
FWlib\src\stm32f10x_spi.c(743): warning:  #223-D: function "assert_param" declared implicitly
FWlib\src\stm32f10x_spi.c(770): warning:  #223-D: function "assert_param" declared implicitly
FWlib\src\stm32f10x_spi.c(817): warning:  #223-D: function "assert_param" declared implicitly
compiling stm32f10x_tim.c...
FWlib\src\stm32f10x_tim.c(191): warning:  #223-D: function "assert_param" declared implicitly
FWlib\src\stm32f10x_tim.c(253): warning:  #223-D: function "assert_param" declared implicitly
FWlib\src\stm32f10x_tim.c(292): warning:  #223-D: function "assert_param" declared implicitly
FWlib\src\stm32f10x_tim.c(373): warning:  #223-D: function "assert_param" declared implicitly
FWlib\src\stm32f10x_tim.c(454): warning:  #223-D: function "assert_param" declared implicitly
FWlib\src\stm32f10x_tim.c(535): warning:  #223-D: function "assert_param" declared implicitly
FWlib\src\stm32f10x_tim.c(598): warning:  #223-D: function "assert_param" declared implicitly
FWlib\src\stm32f10x_tim.c(659): warning:  #223-D: function "assert_param" declared implicitly
FWlib\src\stm32f10x_tim.c(716): warning:  #223-D: function "assert_param" declared implicitly
FWlib\src\stm32f10x_tim.c(810): warning:  #223-D: function "assert_param" declared implicitly
FWlib\src\stm32f10x_tim.c(835): warning:  #223-D: function "assert_param" declared implicitly
FWlib\src\stm32f10x_tim.c(870): warning:  #223-D: function "assert_param" declared implicitly
FWlib\src\stm32f10x_tim.c(903): warning:  #223-D: function "assert_param" declared implicitly
FWlib\src\stm32f10x_tim.c(931): warning:  #223-D: function "assert_param" declared implicitly
FWlib\src\stm32f10x_tim.c(957): warning:  #223-D: function "assert_param" declared implicitly
FWlib\src\stm32f10x_tim.c(983): warning:  #223-D: function "assert_param" declared implicitly
FWlib\src\stm32f10x_tim.c(1003): warning:  #223-D: function "assert_param" declared implicitly
FWlib\src\stm32f10x_tim.c(1032): warning:  #223-D: function "assert_param" declared implicitly
FWlib\src\stm32f10x_tim.c(1074): warning:  #223-D: function "assert_param" declared implicitly
FWlib\src\stm32f10x_tim.c(1116): warning:  #223-D: function "assert_param" declared implicitly
FWlib\src\stm32f10x_tim.c(1149): warning:  #223-D: function "assert_param" declared implicitly
FWlib\src\stm32f10x_tim.c(1177): warning:  #223-D: function "assert_param" declared implicitly
FWlib\src\stm32f10x_tim.c(1202): warning:  #223-D: function "assert_param" declared implicitly
FWlib\src\stm32f10x_tim.c(1233): warning:  #223-D: function "assert_param" declared implicitly
FWlib\src\stm32f10x_tim.c(1275): warning:  #223-D: function "assert_param" declared implicitly
FWlib\src\stm32f10x_tim.c(1318): warning:  #223-D: function "assert_param" declared implicitly
FWlib\src\stm32f10x_tim.c(1345): warning:  #223-D: function "assert_param" declared implicitly
FWlib\src\stm32f10x_tim.c(1372): warning:  #223-D: function "assert_param" declared implicitly
FWlib\src\stm32f10x_tim.c(1399): warning:  #223-D: function "assert_param" declared implicitly
FWlib\src\stm32f10x_tim.c(1421): warning:  #223-D: function "assert_param" declared implicitly
FWlib\src\stm32f10x_tim.c(1445): warning:  #223-D: function "assert_param" declared implicitly
FWlib\src\stm32f10x_tim.c(1470): warning:  #223-D: function "assert_param" declared implicitly
FWlib\src\stm32f10x_tim.c(1495): warning:  #223-D: function "assert_param" declared implicitly
FWlib\src\stm32f10x_tim.c(1524): warning:  #223-D: function "assert_param" declared implicitly
FWlib\src\stm32f10x_tim.c(1550): warning:  #223-D: function "assert_param" declared implicitly
FWlib\src\stm32f10x_tim.c(1576): warning:  #223-D: function "assert_param" declared implicitly
FWlib\src\stm32f10x_tim.c(1602): warning:  #223-D: function "assert_param" declared implicitly
FWlib\src\stm32f10x_tim.c(1627): warning:  #223-D: function "assert_param" declared implicitly
FWlib\src\stm32f10x_tim.c(1653): warning:  #223-D: function "assert_param" declared implicitly
FWlib\src\stm32f10x_tim.c(1679): warning:  #223-D: function "assert_param" declared implicitly
FWlib\src\stm32f10x_tim.c(1705): warning:  #223-D: function "assert_param" declared implicitly
FWlib\src\stm32f10x_tim.c(1731): warning:  #223-D: function "assert_param" declared implicitly
FWlib\src\stm32f10x_tim.c(1756): warning:  #223-D: function "assert_param" declared implicitly
FWlib\src\stm32f10x_tim.c(1781): warning:  #223-D: function "assert_param" declared implicitly
FWlib\src\stm32f10x_tim.c(1806): warning:  #223-D: function "assert_param" declared implicitly
FWlib\src\stm32f10x_tim.c(1831): warning:  #223-D: function "assert_param" declared implicitly
FWlib\src\stm32f10x_tim.c(1854): warning:  #223-D: function "assert_param" declared implicitly
FWlib\src\stm32f10x_tim.c(1879): warning:  #223-D: function "assert_param" declared implicitly
FWlib\src\stm32f10x_tim.c(1902): warning:  #223-D: function "assert_param" declared implicitly
FWlib\src\stm32f10x_tim.c(1927): warning:  #223-D: function "assert_param" declared implicitly
FWlib\src\stm32f10x_tim.c(1951): warning:  #223-D: function "assert_param" declared implicitly
FWlib\src\stm32f10x_tim.c(1976): warning:  #223-D: function "assert_param" declared implicitly
FWlib\src\stm32f10x_tim.c(2003): warning:  #223-D: function "assert_param" declared implicitly
FWlib\src\stm32f10x_tim.c(2027): warning:  #223-D: function "assert_param" declared implicitly
FWlib\src\stm32f10x_tim.c(2063): warning:  #223-D: function "assert_param" declared implicitly
FWlib\src\stm32f10x_tim.c(2097): warning:  #223-D: function "assert_param" declared implicitly
FWlib\src\stm32f10x_tim.c(2123): warning:  #223-D: function "assert_param" declared implicitly
FWlib\src\stm32f10x_tim.c(2147): warning:  #223-D: function "assert_param" declared implicitly
FWlib\src\stm32f10x_tim.c(2173): warning:  #223-D: function "assert_param" declared implicitly
FWlib\src\stm32f10x_tim.c(2202): warning:  #223-D: function "assert_param" declared implicitly
FWlib\src\stm32f10x_tim.c(2226): warning:  #223-D: function "assert_param" declared implicitly
FWlib\src\stm32f10x_tim.c(2248): warning:  #223-D: function "assert_param" declared implicitly
FWlib\src\stm32f10x_tim.c(2266): warning:  #223-D: function "assert_param" declared implicitly
FWlib\src\stm32f10x_tim.c(2280): warning:  #223-D: function "assert_param" declared implicitly
FWlib\src\stm32f10x_tim.c(2295): warning:  #223-D: function "assert_param" declared implicitly
FWlib\src\stm32f10x_tim.c(2310): warning:  #223-D: function "assert_param" declared implicitly
FWlib\src\stm32f10x_tim.c(2325): warning:  #223-D: function "assert_param" declared implicitly
FWlib\src\stm32f10x_tim.c(2340): warning:  #223-D: function "assert_param" declared implicitly
FWlib\src\stm32f10x_tim.c(2361): warning:  #223-D: function "assert_param" declared implicitly
FWlib\src\stm32f10x_tim.c(2385): warning:  #223-D: function "assert_param" declared implicitly
FWlib\src\stm32f10x_tim.c(2409): warning:  #223-D: function "assert_param" declared implicitly
FWlib\src\stm32f10x_tim.c(2433): warning:  #223-D: function "assert_param" declared implicitly
FWlib\src\stm32f10x_tim.c(2455): warning:  #223-D: function "assert_param" declared implicitly
FWlib\src\stm32f10x_tim.c(2472): warning:  #223-D: function "assert_param" declared implicitly
FWlib\src\stm32f10x_tim.c(2486): warning:  #223-D: function "assert_param" declared implicitly
FWlib\src\stm32f10x_tim.c(2500): warning:  #223-D: function "assert_param" declared implicitly
FWlib\src\stm32f10x_tim.c(2514): warning:  #223-D: function "assert_param" declared implicitly
FWlib\src\stm32f10x_tim.c(2527): warning:  #223-D: function "assert_param" declared implicitly
FWlib\src\stm32f10x_tim.c(2540): warning:  #223-D: function "assert_param" declared implicitly
FWlib\src\stm32f10x_tim.c(2568): warning:  #223-D: function "assert_param" declared implicitly
FWlib\src\stm32f10x_tim.c(2605): warning:  #223-D: function "assert_param" declared implicitly
FWlib\src\stm32f10x_tim.c(2633): warning:  #223-D: function "assert_param" declared implicitly
FWlib\src\stm32f10x_tim.c(2670): warning:  #223-D: function "assert_param" declared implicitly
compiling stm32f10x_usart.c...
FWlib\src\stm32f10x_usart.c(135): warning:  #223-D: function "assert_param" declared implicitly
FWlib\src\stm32f10x_usart.c(184): warning:  #223-D: function "assert_param" declared implicitly
FWlib\src\stm32f10x_usart.c(278): warning:  #223-D: function "assert_param" declared implicitly
FWlib\src\stm32f10x_usart.c(326): warning:  #223-D: function "assert_param" declared implicitly
FWlib\src\stm32f10x_usart.c(369): warning:  #223-D: function "assert_param" declared implicitly
FWlib\src\stm32f10x_usart.c(419): warning:  #223-D: function "assert_param" declared implicitly
FWlib\src\stm32f10x_usart.c(447): warning:  #223-D: function "assert_param" declared implicitly
FWlib\src\stm32f10x_usart.c(470): warning:  #223-D: function "assert_param" declared implicitly
FWlib\src\stm32f10x_usart.c(489): warning:  #223-D: function "assert_param" declared implicitly
FWlib\src\stm32f10x_usart.c(519): warning:  #223-D: function "assert_param" declared implicitly
FWlib\src\stm32f10x_usart.c(538): warning:  #223-D: function "assert_param" declared implicitly
FWlib\src\stm32f10x_usart.c(564): warning:  #223-D: function "assert_param" declared implicitly
FWlib\src\stm32f10x_usart.c(581): warning:  #223-D: function "assert_param" declared implicitly
FWlib\src\stm32f10x_usart.c(597): warning:  #223-D: function "assert_param" declared implicitly
FWlib\src\stm32f10x_usart.c(614): warning:  #223-D: function "assert_param" declared implicitly
FWlib\src\stm32f10x_usart.c(634): warning:  #223-D: function "assert_param" declared implicitly
FWlib\src\stm32f10x_usart.c(654): warning:  #223-D: function "assert_param" declared implicitly
FWlib\src\stm32f10x_usart.c(680): warning:  #223-D: function "assert_param" declared implicitly
FWlib\src\stm32f10x_usart.c(706): warning:  #223-D: function "assert_param" declared implicitly
FWlib\src\stm32f10x_usart.c(735): warning:  #223-D: function "assert_param" declared implicitly
FWlib\src\stm32f10x_usart.c(754): warning:  #223-D: function "assert_param" declared implicitly
FWlib\src\stm32f10x_usart.c(792): warning:  #223-D: function "assert_param" declared implicitly
FWlib\src\stm32f10x_usart.c(835): warning:  #223-D: function "assert_param" declared implicitly
FWlib\src\stm32f10x_usart.c(866): warning:  #223-D: function "assert_param" declared implicitly
FWlib\src\stm32f10x_usart.c(935): warning:  #223-D: function "assert_param" declared implicitly
compiling stm32f10x_wwdg.c...
FWlib\src\stm32f10x_wwdg.c(122): warning:  #223-D: function "assert_param" declared implicitly
FWlib\src\stm32f10x_wwdg.c(142): warning:  #223-D: function "assert_param" declared implicitly
FWlib\src\stm32f10x_wwdg.c(170): warning:  #223-D: function "assert_param" declared implicitly
FWlib\src\stm32f10x_wwdg.c(185): warning:  #223-D: function "assert_param" declared implicitly
compiling core_cm3.c...
compiling system_stm32f10x.c...
linking...
.\Output\ledtest.axf: Error: L6218E: Undefined symbol assert_param (referred from misc.o).
".\Output\ledtest.axf" - 1 Errors, 361 Warning(s).
Target not created
Rebuild target 'Target 1'
assembling startup_stm32f10x_hd.s...
compiling main.c...
USER\main.c(8): warning:  #111-D: statement is unreachable
USER\main.c(9): warning:  #1-D: last line of file ends without a newline
compiling stm32f10x_it.c...
compiling misc.c...
compiling stm32f10x_adc.c...
compiling stm32f10x_bkp.c...
compiling stm32f10x_can.c...
compiling stm32f10x_crc.c...
compiling stm32f10x_dac.c...
compiling stm32f10x_dbgmcu.c...
compiling stm32f10x_dma.c...
compiling stm32f10x_exti.c...
compiling stm32f10x_flash.c...
compiling stm32f10x_fsmc.c...
compiling stm32f10x_gpio.c...
compiling stm32f10x_i2c.c...
compiling stm32f10x_iwdg.c...
compiling stm32f10x_pwr.c...
compiling stm32f10x_rcc.c...
compiling stm32f10x_rtc.c...
compiling stm32f10x_sdio.c...
compiling stm32f10x_spi.c...
compiling stm32f10x_tim.c...
compiling stm32f10x_usart.c...
compiling stm32f10x_wwdg.c...
compiling core_cm3.c...
compiling system_stm32f10x.c...
linking...
Program Size: Code=664 RO-data=320 RW-data=0 ZI-data=608  
FromELF: creating hex file...
".\Output\ledtest.axf" - 0 Errors, 2 Warning(s).
Rebuild target 'Target 1'
assembling startup_stm32f10x_hd.s...
compiling main.c...
USER\main.c(8): warning:  #111-D: statement is unreachable
USER\main.c(9): warning:  #1-D: last line of file ends without a newline
compiling stm32f10x_it.c...
compiling usart1.c...
compiling misc.c...
compiling stm32f10x_adc.c...
compiling stm32f10x_bkp.c...
compiling stm32f10x_can.c...
compiling stm32f10x_crc.c...
compiling stm32f10x_dac.c...
compiling stm32f10x_dbgmcu.c...
compiling stm32f10x_dma.c...
compiling stm32f10x_exti.c...
compiling stm32f10x_flash.c...
compiling stm32f10x_fsmc.c...
compiling stm32f10x_gpio.c...
compiling stm32f10x_i2c.c...
compiling stm32f10x_iwdg.c...
compiling stm32f10x_pwr.c...
compiling stm32f10x_rcc.c...
compiling stm32f10x_rtc.c...
compiling stm32f10x_sdio.c...
compiling stm32f10x_spi.c...
compiling stm32f10x_tim.c...
compiling stm32f10x_usart.c...
compiling stm32f10x_wwdg.c...
compiling core_cm3.c...
compiling system_stm32f10x.c...
linking...
Program Size: Code=664 RO-data=320 RW-data=0 ZI-data=608  
FromELF: creating hex file...
".\Output\ledtest.axf" - 0 Errors, 2 Warning(s).
Rebuild target 'Target 1'
assembling startup_stm32f10x_hd.s...
compiling main.c...
USER\main.c(8): warning:  #111-D: statement is unreachable
USER\main.c(9): warning:  #1-D: last line of file ends without a newline
compiling stm32f10x_it.c...
compiling usart1.c...
compiling misc.c...
compiling stm32f10x_adc.c...
compiling stm32f10x_bkp.c...
compiling stm32f10x_can.c...
compiling stm32f10x_crc.c...
compiling stm32f10x_dac.c...
compiling stm32f10x_dbgmcu.c...
compiling stm32f10x_dma.c...
compiling stm32f10x_exti.c...
compiling stm32f10x_flash.c...
compiling stm32f10x_fsmc.c...
compiling stm32f10x_gpio.c...
compiling stm32f10x_i2c.c...
compiling stm32f10x_iwdg.c...
compiling stm32f10x_pwr.c...
compiling stm32f10x_rcc.c...
compiling stm32f10x_rtc.c...
compiling stm32f10x_sdio.c...
compiling stm32f10x_spi.c...
compiling stm32f10x_tim.c...
compiling stm32f10x_usart.c...
compiling stm32f10x_wwdg.c...
compiling core_cm3.c...
compiling system_stm32f10x.c...
linking...
Program Size: Code=664 RO-data=320 RW-data=0 ZI-data=608  
FromELF: creating hex file...
".\Output\ledtest.axf" - 0 Errors, 2 Warning(s).
Rebuild target 'Target 1'
assembling startup_stm32f10x_hd.s...
compiling main.c...
USER\main.c(8): warning:  #111-D: statement is unreachable
USER\main.c(9): warning:  #1-D: last line of file ends without a newline
compiling stm32f10x_it.c...
compiling usart1.c...
compiling misc.c...
compiling stm32f10x_adc.c...
compiling stm32f10x_bkp.c...
compiling stm32f10x_can.c...
compiling stm32f10x_crc.c...
compiling stm32f10x_dac.c...
compiling stm32f10x_dbgmcu.c...
compiling stm32f10x_dma.c...
compiling stm32f10x_exti.c...
compiling stm32f10x_flash.c...
compiling stm32f10x_fsmc.c...
compiling stm32f10x_gpio.c...
compiling stm32f10x_i2c.c...
compiling stm32f10x_iwdg.c...
compiling stm32f10x_pwr.c...
compiling stm32f10x_rcc.c...
compiling stm32f10x_rtc.c...
compiling stm32f10x_sdio.c...
compiling stm32f10x_spi.c...
compiling stm32f10x_tim.c...
compiling stm32f10x_usart.c...
compiling stm32f10x_wwdg.c...
compiling core_cm3.c...
compiling system_stm32f10x.c...
linking...
Program Size: Code=664 RO-data=320 RW-data=0 ZI-data=608  
FromELF: creating hex file...
".\Output\ledtest.axf" - 0 Errors, 2 Warning(s).
Rebuild target 'Target 1'
assembling startup_stm32f10x_hd.s...
compiling main.c...
USER\main.c(18): warning:  #111-D: statement is unreachable
compiling stm32f10x_it.c...
compiling usart1.c...
compiling misc.c...
compiling stm32f10x_adc.c...
compiling stm32f10x_bkp.c...
compiling stm32f10x_can.c...
compiling stm32f10x_crc.c...
compiling stm32f10x_dac.c...
compiling stm32f10x_dbgmcu.c...
compiling stm32f10x_dma.c...
compiling stm32f10x_exti.c...
compiling stm32f10x_flash.c...
compiling stm32f10x_fsmc.c...
compiling stm32f10x_gpio.c...
compiling stm32f10x_i2c.c...
compiling stm32f10x_iwdg.c...
compiling stm32f10x_pwr.c...
compiling stm32f10x_rcc.c...
compiling stm32f10x_rtc.c...
compiling stm32f10x_sdio.c...
compiling stm32f10x_spi.c...
compiling stm32f10x_tim.c...
compiling stm32f10x_usart.c...
compiling stm32f10x_wwdg.c...
compiling core_cm3.c...
compiling system_stm32f10x.c...
linking...
Program Size: Code=6172 RO-data=348 RW-data=32 ZI-data=864  
FromELF: creating hex file...
".\Output\ledtest.axf" - 0 Errors, 1 Warning(s).
Rebuild target 'Target 1'
assembling startup_stm32f10x_hd.s...
compiling main.c...
USER\main.c(18): warning:  #111-D: statement is unreachable
compiling stm32f10x_it.c...
compiling usart1.c...
compiling misc.c...
compiling stm32f10x_adc.c...
compiling stm32f10x_bkp.c...
compiling stm32f10x_can.c...
compiling stm32f10x_crc.c...
compiling stm32f10x_dac.c...
compiling stm32f10x_dbgmcu.c...
compiling stm32f10x_dma.c...
compiling stm32f10x_exti.c...
compiling stm32f10x_flash.c...
compiling stm32f10x_fsmc.c...
compiling stm32f10x_gpio.c...
compiling stm32f10x_i2c.c...
compiling stm32f10x_iwdg.c...
compiling stm32f10x_pwr.c...
compiling stm32f10x_rcc.c...
compiling stm32f10x_rtc.c...
compiling stm32f10x_sdio.c...
compiling stm32f10x_spi.c...
compiling stm32f10x_tim.c...
compiling stm32f10x_usart.c...
compiling stm32f10x_wwdg.c...
compiling core_cm3.c...
compiling system_stm32f10x.c...
linking...
Program Size: Code=6172 RO-data=348 RW-data=32 ZI-data=864  
FromELF: creating hex file...
".\Output\controller_test.axf" - 0 Errors, 1 Warning(s).
Build target 'Target 1'
compiling main.c...
USER\main.c(18): warning:  #111-D: statement is unreachable
compiling stm32f10x_it.c...
compiling usart1.c...
compiling misc.c...
compiling stm32f10x_adc.c...
compiling stm32f10x_bkp.c...
compiling stm32f10x_can.c...
compiling stm32f10x_crc.c...
compiling stm32f10x_dac.c...
compiling stm32f10x_dbgmcu.c...
compiling stm32f10x_dma.c...
compiling stm32f10x_exti.c...
compiling stm32f10x_flash.c...
compiling stm32f10x_fsmc.c...
compiling stm32f10x_gpio.c...
compiling stm32f10x_i2c.c...
compiling stm32f10x_iwdg.c...
compiling stm32f10x_pwr.c...
compiling stm32f10x_rcc.c...
compiling stm32f10x_rtc.c...
compiling stm32f10x_sdio.c...
compiling stm32f10x_spi.c...
compiling stm32f10x_tim.c...
compiling stm32f10x_usart.c...
compiling stm32f10x_wwdg.c...
compiling core_cm3.c...
compiling system_stm32f10x.c...
linking...
Program Size: Code=6172 RO-data=348 RW-data=32 ZI-data=864  
FromELF: creating hex file...
".\Output\controller_test.axf" - 0 Errors, 1 Warning(s).
Rebuild target 'Target 1'
assembling startup_stm32f10x_hd.s...
compiling main.c...
USER\main.c(19): warning:  #111-D: statement is unreachable
compiling stm32f10x_it.c...
compiling usart1.c...
compiling misc.c...
compiling stm32f10x_adc.c...
compiling stm32f10x_bkp.c...
compiling stm32f10x_can.c...
compiling stm32f10x_crc.c...
compiling stm32f10x_dac.c...
compiling stm32f10x_dbgmcu.c...
compiling stm32f10x_dma.c...
compiling stm32f10x_exti.c...
compiling stm32f10x_flash.c...
compiling stm32f10x_fsmc.c...
compiling stm32f10x_gpio.c...
compiling stm32f10x_i2c.c...
compiling stm32f10x_iwdg.c...
compiling stm32f10x_pwr.c...
compiling stm32f10x_rcc.c...
compiling stm32f10x_rtc.c...
compiling stm32f10x_sdio.c...
compiling stm32f10x_spi.c...
compiling stm32f10x_tim.c...
compiling stm32f10x_usart.c...
compiling stm32f10x_wwdg.c...
compiling core_cm3.c...
compiling system_stm32f10x.c...
linking...
Program Size: Code=6172 RO-data=348 RW-data=32 ZI-data=864  
FromELF: creating hex file...
".\Output\controller_test.axf" - 0 Errors, 1 Warning(s).
Rebuild target 'Target 1'
assembling startup_stm32f10x_hd.s...
compiling main.c...
USER\main.c(19): warning:  #111-D: statement is unreachable
compiling stm32f10x_it.c...
compiling usart1.c...
compiling misc.c...
compiling stm32f10x_adc.c...
compiling stm32f10x_bkp.c...
compiling stm32f10x_can.c...
compiling stm32f10x_crc.c...
compiling stm32f10x_dac.c...
compiling stm32f10x_dbgmcu.c...
compiling stm32f10x_dma.c...
compiling stm32f10x_exti.c...
compiling stm32f10x_flash.c...
compiling stm32f10x_fsmc.c...
compiling stm32f10x_gpio.c...
compiling stm32f10x_i2c.c...
compiling stm32f10x_iwdg.c...
compiling stm32f10x_pwr.c...
compiling stm32f10x_rcc.c...
compiling stm32f10x_rtc.c...
compiling stm32f10x_sdio.c...
compiling stm32f10x_spi.c...
compiling stm32f10x_tim.c...
compiling stm32f10x_usart.c...
compiling stm32f10x_wwdg.c...
compiling core_cm3.c...
compiling system_stm32f10x.c...
linking...
Program Size: Code=5856 RO-data=348 RW-data=32 ZI-data=864  
FromELF: creating hex file...
".\Output\controller_test.axf" - 0 Errors, 1 Warning(s).
Rebuild target 'Target 1'
assembling startup_stm32f10x_hd.s...
compiling main.c...
USER\main.c(19): warning:  #111-D: statement is unreachable
compiling stm32f10x_it.c...
compiling usart1.c...
compiling misc.c...
compiling stm32f10x_adc.c...
compiling stm32f10x_bkp.c...
compiling stm32f10x_can.c...
compiling stm32f10x_crc.c...
compiling stm32f10x_dac.c...
compiling stm32f10x_dbgmcu.c...
compiling stm32f10x_dma.c...
compiling stm32f10x_exti.c...
compiling stm32f10x_flash.c...
compiling stm32f10x_fsmc.c...
compiling stm32f10x_gpio.c...
compiling stm32f10x_i2c.c...
compiling stm32f10x_iwdg.c...
compiling stm32f10x_pwr.c...
compiling stm32f10x_rcc.c...
compiling stm32f10x_rtc.c...
compiling stm32f10x_sdio.c...
compiling stm32f10x_spi.c...
compiling stm32f10x_tim.c...
compiling stm32f10x_usart.c...
compiling stm32f10x_wwdg.c...
compiling core_cm3.c...
compiling system_stm32f10x.c...
linking...
Program Size: Code=5856 RO-data=348 RW-data=32 ZI-data=864  
FromELF: creating hex file...
".\Output\controller_test.axf" - 0 Errors, 1 Warning(s).
Rebuild target 'Target 1'
assembling startup_stm32f10x_hd.s...
compiling main.c...
USER\main.c(19): warning:  #111-D: statement is unreachable
compiling stm32f10x_it.c...
compiling usart1.c...
compiling misc.c...
compiling stm32f10x_adc.c...
compiling stm32f10x_bkp.c...
compiling stm32f10x_can.c...
compiling stm32f10x_crc.c...
compiling stm32f10x_dac.c...
compiling stm32f10x_dbgmcu.c...
compiling stm32f10x_dma.c...
compiling stm32f10x_exti.c...
compiling stm32f10x_flash.c...
compiling stm32f10x_fsmc.c...
compiling stm32f10x_gpio.c...
compiling stm32f10x_i2c.c...
compiling stm32f10x_iwdg.c...
compiling stm32f10x_pwr.c...
compiling stm32f10x_rcc.c...
compiling stm32f10x_rtc.c...
compiling stm32f10x_sdio.c...
compiling stm32f10x_spi.c...
compiling stm32f10x_tim.c...
compiling stm32f10x_usart.c...
compiling stm32f10x_wwdg.c...
compiling core_cm3.c...
compiling system_stm32f10x.c...
linking...
Program Size: Code=5876 RO-data=348 RW-data=32 ZI-data=864  
FromELF: creating hex file...
".\Output\controller_test.axf" - 0 Errors, 1 Warning(s).
Rebuild target 'Target 1'
assembling startup_stm32f10x_hd.s...
compiling main.c...
compiling stm32f10x_it.c...
compiling usart1.c...
compiling misc.c...
compiling stm32f10x_adc.c...
compiling stm32f10x_bkp.c...
compiling stm32f10x_can.c...
compiling stm32f10x_crc.c...
compiling stm32f10x_dac.c...
compiling stm32f10x_dbgmcu.c...
compiling stm32f10x_dma.c...
compiling stm32f10x_exti.c...
compiling stm32f10x_flash.c...
compiling stm32f10x_fsmc.c...
compiling stm32f10x_gpio.c...
compiling stm32f10x_i2c.c...
compiling stm32f10x_iwdg.c...
compiling stm32f10x_pwr.c...
compiling stm32f10x_rcc.c...
compiling stm32f10x_rtc.c...
compiling stm32f10x_sdio.c...
compiling stm32f10x_spi.c...
compiling stm32f10x_tim.c...
compiling stm32f10x_usart.c...
compiling stm32f10x_wwdg.c...
compiling core_cm3.c...
compiling system_stm32f10x.c...
linking...
Program Size: Code=5876 RO-data=348 RW-data=32 ZI-data=864  
FromELF: creating hex file...
".\Output\controller_test.axf" - 0 Errors, 0 Warning(s).
